<html>
<body>
<pre>
<h1>µVision Build Log</h1>
<h2>Tool Versions:</h2>
IDE-Version: ¦ÌVision V5.40.0.0
Copyright (C) 2024 ARM Ltd and ARM Germany GmbH. All rights reserved.
License Information: a 1806740514@qq.com
a
User-based license: Keil MDK Community (non-commercial free of charge)
Valid until: Jun 1 2033. Cached until: Mar 30 2025
 
Tool Versions:
Toolchain:       Keil MDK Community (non-commercial free of charge  Version: 5.40.0.3
Toolchain Path:  C:\Keil_v5\ARM\ARMCLANG\Bin
C Compiler:      ArmClang.exe V6.22
Assembler:       Armasm.exe V6.22
Linker/Locator:  ArmLink.exe V6.22
Library Manager: ArmAr.exe V6.22
Hex Converter:   FromElf.exe V6.22
CPU DLL:         SARMCM3.DLL V5.40.0.3
Dialog DLL:      DCM.DLL V1.17.5.0
Target DLL:      CMSIS_AGDI.dll V1.33.18.0
Dialog DLL:      TCM.DLL V1.56.4.0
 
<h2>Project:</h2>
C:\Users\18067\Desktop\arm-2d\AT32F421C8T7_WorkBench\project\MDK_V5\AT32F421C8T7_WorkBench.uvprojx
Project File Date:  03/23/2025

<h2>Output:</h2>
*** Using Compiler 'V6.22', folder: 'C:\Keil_v5\ARM\ARMCLANG\Bin'
Rebuild target 'AT32F421C8T7_WorkBench'
compiling at32f421_debug.c...
compiling at32f421_pwc.c...
compiling at32f421_gpio.c...
compiling at32f421_int.c...
compiling wk_system.c...
compiling wk_gpio.c...
compiling main.c...
armclang: warning: '--target=armv7em-arm-none-eabi' is not supported. Supported values for this option are 'arm-arm-none-eabi' or 'aarch64-arm-none-eabi' [-Wunsupported-option]
assembling startup_at32f421.s...
compiling system_at32f421.c...
compiling at32f421_wk_config.c...
compiling at32f421_misc.c...
compiling at32f421_crm.c...
compiling WhiteDotSmall.c...
compiling at32f421_flash.c...
compiling GLCD_Fonts.c...
compiling arm_2d_helper.c...
compiling arm_2d_helper_built_in.c...
compiling arm_2d_helper_control.c...
compiling console_box.c...
compiling arm_2d_helper_font.c...
compiling arm_2d_async.c...
compiling busy_wheel.c...
compiling arm_2d_conversion.c...
compiling cmsis_logo.c...
compiling arm_2d_filter.c...
compiling ClockMarking.c...
compiling arm_2d_helper_scene.c...
compiling arm_2d_draw.c...
compiling arm_2d_helper_shape.c...
compiling arm_2d_helper_list.c...
compiling DigitsFont.c...
compiling Earth.c...
compiling arm_2d_helper_pfb.c...
compiling HallowOutCircleMask.c...
compiling ECGScan.c...
compiling GreenCircle.c...
compiling Lighting.c...
compiling ECG.c...
compiling ListCover.c...
compiling GlassBall.c...
compiling Pointer.c...
compiling Cuisine.c...
compiling BackgroundSmall.c...
compiling SinWave.c...
compiling SpinWheel.c...
compiling RadialGradient.c...
compiling QuaterArcSmall.c...
compiling QuaterArcMiddle.c...
compiling WhiteDotBig.c...
compiling WhiteDotMiddle.c...
compiling arm_2d_transform.c...
compiling alarm_clock_font32.c...
compiling blue_slashes.c...
compiling alarm_clock_font64.c...
compiling circle_small.c...
compiling battery_gasgauge_block.c...
compiling battery_gasgauge_grade_boarder.c...
compiling QuaterArcBig.c...
compiling battery_boarder_1.c...
compiling arial_ascii_font14.c...
compiling fan_blade.c...
compiling circle_mask.c...
compiling gear_02.c...
compiling icon_Developer.c...
compiling compass.c...
compiling glass_reflection_wide.c...
compiling glass_reflection_narrow.c...
compiling icon_automobile.c...
compiling icon_compute.c...
compiling icon_Durability.c...
compiling icon_drone.c...
compiling gear_01.c...
compiling icon_healthcare.c...
compiling icon_mobile.c...
compiling icon_enterprise.c...
compiling background.c...
compiling icon_wearables.c...
compiling icon_multicore.c...
compiling pointer_sec.c...
compiling icon_visual_sensor.c...
compiling icon_smartmeter.c...
compiling knob_circle_quater.c...
compiling small_icon_sun.c...
compiling helium.c...
compiling star.c...
compiling wedge_pattern.c...
compiling wave.c...
compiling software.c...
compiling radial_line_cover.c...
compiling __simple_list.c...
compiling controls.c...
compiling battery_gasgauge.c...
compiling icon_list.c...
compiling dynamic_nebula.c...
compiling list_view.c...
compiling cloudy_glass.c...
compiling histogram.c...
compiling number_list.c...
compiling watch_panel.c...
compiling meter_pointer.c...
compiling radial_line_pattern.c...
compiling wifi_signal.c...
compiling progress_bar_flowing.c...
compiling progress_bar_drill.c...
compiling progress_bar_simple.c...
compiling WatchCoverRound.c...
compiling text_list.c...
compiling spin_zoom_widget.c...
compiling spinning_wheel.c...
compiling text_tracking_list.c...
compiling BasicMathFunctionsF16.c...
compiling progress_wheel.c...
compiling BayesFunctions.c...
compiling BayesFunctionsF16.c...
compiling arm_2d_disp_adapter_0.c...
compiling BasicMathFunctions.c...
compiling GlassHalo.c...
compiling ComplexMathFunctionsF16.c...
compiling ControllerFunctions.c...
compiling ComplexMathFunctions.c...
compiling CommonTablesF16.c...
compiling DistanceFunctionsF16.c...
compiling DistanceFunctions.c...
compiling FastMathFunctionsF16.c...
compiling FilteringFunctionsF16.c...
compiling InterpolationFunctions.c...
compiling FastMathFunctions.c...
compiling InterpolationFunctionsF16.c...
compiling QuaternionMathFunctions.c...
compiling SVMFunctionsF16.c...
compiling SVMFunctions.c...
compiling MatrixFunctionsF16.c...
compiling SupportFunctionsF16.c...
compiling StatisticsFunctionsF16.c...
compiling SupportFunctions.c...
compiling retarget_io.c...
armclang: warning: '--target=armv7em-arm-none-eabi' is not supported. Supported values for this option are 'arm-arm-none-eabi' or 'aarch64-arm-none-eabi' [-Wunsupported-option]
assembling systick_wrapper_gnu.s...
compiling perfc_port_default.c...
compiling StatisticsFunctions.c...
compiling perf_counter.c...
compiling CommonTables.c...
compiling TransformFunctionsF16.c...
compiling MatrixFunctions.c...
compiling arm_2d.c...
compiling TransformFunctions.c...
compiling FilteringFunctions.c...
compiling arm_2d_alpha_blending.c...
compiling Fire8x4.c...
linking...
Program Size: Code=2302 RO-data=258 RW-data=12 ZI-data=1116  
FromELF: creating hex file...
".\objects\AT32F421C8T7_WorkBench.axf" - 0 Error(s), 2 Warning(s).

<h2>Software Packages used:</h2>

Package Vendor: ARM
                https://www.keil.com/pack/ARM.Arm-2D.1.2.1.pack
                ARM::Arm-2D@1.2.1
                A 2D graphic library optimized for Cortex-M processors.
   * Component: Controls Version: 2.3.0
   * Component: LCD ASCII Printf Version: 2.6.5
   * Component: Display Adapter Version: 3.2.7
   * Component: PFB Version: 2.5.0
   * Component: Alpha-Blending Version: 1.2.1
   * Component: Core Version: 1.2.1
   * Component: Filter Version: 1.2.1
   * Component: Transform Version: 1.2.1

Package Vendor: ARM
                https://www.keil.com/pack/ARM.CMSIS.6.1.0.pack
                ARM::CMSIS@6.1.0
                CMSIS (Common Microcontroller Software Interface Standard)
   * Component: CORE Version: 6.1.0

Package Vendor: ARM
                https://www.keil.com/pack/ARM.CMSIS-Compiler.2.1.0.pack
                ARM::CMSIS-Compiler@2.1.0
                CMSIS Compiler extensions for Arm Compiler, GCC, Clang, and IAR Compiler
   * Component: CORE Version: 1.1.0

Package Vendor: ARM
                https://www.keil.com/pack/ARM.CMSIS-DSP.1.15.0.pack
                ARM::CMSIS-DSP@1.15.0
                CMSIS Embedded Compute Library
   * Component: DSP Variant: Source Version: 1.15.0

Package Vendor: ArteryTek
                
                ArteryTek::AT32F421_DFP@2.1.7
                ArteryTek AT32F421 Series Device Support,Drivers

Package Vendor: GorgonMeducer
                https://raw.githubusercontent.com/GorgonMeducer/perf_counter/CMSIS-Pack/cmsis-pack/GorgonMeducer.perf_counter.2.4.0.pack
                GorgonMeducer::perf_counter@2.4.0
                A dedicated performance counter for the Cortex-M Systick. It shares the SysTick with users' original SysTick function without interfering with it. This library will bring new functionalities, such as performance counter, APIs for delay, clock() defined in time.h etc.
   * Component: Core Variant: Source Version: 2.4.0

<h2>Collection of Component include folders:</h2>
  ./RTE/Acceleration
  ./RTE/_AT32F421C8T7_WorkBench
  C:/Users/18067/AppData/Local/Arm/Packs/ARM/Arm-2D/1.2.1/Helper/Include
  C:/Users/18067/AppData/Local/Arm/Packs/ARM/Arm-2D/1.2.1/Library/Include
  C:/Users/18067/AppData/Local/Arm/Packs/ARM/Arm-2D/1.2.1/examples/common/controls
  C:/Users/18067/AppData/Local/Arm/Packs/ARM/Arm-2D/1.2.1/examples/demos
  C:/Users/18067/AppData/Local/Arm/Packs/ARM/CMSIS-DSP/1.15.0/Include
  C:/Users/18067/AppData/Local/Arm/Packs/ARM/CMSIS-DSP/1.15.0/PrivateInclude
  C:/Users/18067/AppData/Local/Arm/Packs/ARM/CMSIS/6.1.0/CMSIS/Core/Include
  C:/Users/18067/AppData/Local/Arm/Packs/ArteryTek/AT32F421_DFP/2.1.7/Device/Include
  C:/Users/18067/AppData/Local/Arm/Packs/GorgonMeducer/perf_counter/2.4.0

<h2>Collection of Component Files used:</h2>

   * Component: ARM::Acceleration:Arm-2D Extras:Controls@2.3.0
      Source file:   examples/common/controls/progress_bar_drill.c
      Source file:   examples/common/controls/spinning_wheel.c
      Source file:   examples/common/controls/progress_bar_simple.c
      Source file:   examples/common/controls/__simple_list.c
      Source file:   examples/common/controls/progress_bar_flowing.c
      Source file:   examples/common/controls/controls.c
      Source file:   examples/common/asset/battery_gasgauge_block.c
      Source file:   examples/common/controls/dynamic_nebula.c
      Source file:   examples/common/controls/meter_pointer.c
      Source file:   examples/common/asset/SpinWheel.c
      Source file:   examples/common/controls/text_tracking_list.c
      Source file:   examples/common/asset/SinWave.c
      Source file:   examples/common/controls/progress_wheel.c
      Source file:   examples/common/controls/battery_gasgauge.c
      Source file:   examples/common/controls/list_view.c
      Source file:   examples/common/controls/text_list.c
      Source file:   examples/common/asset/blue_slashes.c
      Source file:   examples/common/asset/WhiteDotMiddle.c
      Source file:   examples/common/asset/GreenCircle.c
      Source file:   examples/common/asset/QuaterArcSmall.c
      Source file:   examples/common/asset/QuaterArcMiddle.c
      Source file:   examples/common/asset/QuaterArcBig.c
      Source file:   examples/common/asset/battery_gasgauge_grade_boarder.c
      Source file:   examples/common/controls/histogram.c
      Source file:   examples/common/asset/ListCover.c
      Source file:   examples/common/asset/glass_reflection_wide.c
      Source file:   examples/common/asset/WhiteDotBig.c
      Source file:   examples/common/asset/battery_boarder_1.c
      Source file:   examples/common/asset/glass_reflection_narrow.c
      Source file:   examples/common/asset/Lighting.c
      Source file:   examples/common/asset/Pointer.c
      Source file:   examples/common/asset/watch_panel.c
      Source file:   examples/common/asset/pointer_sec.c
      Source file:   examples/common/controls/spin_zoom_widget.c
      Source file:   examples/common/controls/cloudy_glass.c
      Source file:   examples/common/controls/number_list.c
      Source file:   examples/common/controls/icon_list.c
      Source file:   examples/common/asset/wave.c
      Source file:   examples/common/asset/background.c
      Source file:   examples/common/asset/GlassBall.c
      Source file:   examples/common/asset/arial_ascii_font14.c
      Source file:   examples/common/asset/Earth.c
      Source file:   examples/common/asset/helium.c
      Source file:   examples/common/asset/ECGScan.c
      Source file:   examples/common/asset/fan_blade.c
      Source file:   examples/common/asset/BackgroundSmall.c
      Source file:   examples/common/asset/GlassHalo.c
      Source file:   examples/common/asset/circle_small.c
      Source file:   examples/common/asset/gear_01.c
      Source file:   examples/common/asset/compass.c
      Source file:   examples/common/asset/knob_circle_quater.c
      Source file:   examples/common/asset/radial_line_pattern.c
      Source file:   examples/common/asset/small_icon_sun.c
      Source file:   examples/common/asset/WatchCoverRound.c
      Source file:   examples/common/asset/software.c
      Source file:   examples/common/asset/HallowOutCircleMask.c
      Source file:   examples/common/asset/alarm_clock_font32.c
      Source file:   examples/common/asset/ClockMarking.c
      Source file:   examples/common/asset/radial_line_cover.c
      Source file:   examples/common/asset/wedge_pattern.c
      Source file:   examples/common/asset/gear_02.c
      Source file:   examples/common/asset/wifi_signal.c
      Source file:   examples/common/asset/Cuisine.c
      Source file:   examples/common/asset/Fire8x4.c
      Source file:   examples/common/asset/DigitsFont.c
      Source file:   examples/common/asset/alarm_clock_font64.c
      Source file:   examples/common/asset/ECG.c
      Source file:   examples/common/asset/RadialGradient.c
      Source file:   examples/common/asset/star.c
      Source file:   examples/common/asset/circle_mask.c
      Source file:   examples/common/asset/icon_Developer.c
      Source file:   examples/common/asset/icon_drone.c
      Source file:   examples/common/asset/icon_compute.c
      Source file:   examples/common/asset/icon_Durability.c
      Source file:   examples/common/asset/icon_visual_sensor.c
      Source file:   examples/common/asset/icon_healthcare.c
      Source file:   examples/common/asset/icon_smartmeter.c
      Source file:   examples/common/asset/icon_mobile.c
      Source file:   examples/common/asset/icon_enterprise.c
      Source file:   examples/common/asset/icon_wearables.c
      Source file:   examples/common/asset/icon_automobile.c
      Source file:   examples/common/asset/icon_multicore.c

   * Component: ARM::Acceleration:Arm-2D Extras:LCD ASCII Printf@2.6.5
      Include file:  Helper/Include/arm_2d_helper_font.h
      Include file:  Helper/Include/arm_extra_lcd_printf.h
      Source file:   Helper/Source/arm_2d_helper_font.c
      Source file:   Helper/Source/GLCD_Fonts.c

   * Component: ARM::Acceleration:Arm-2D Helper:Display Adapter@3.2.7
      Include file:  Helper/template/arm_2d_disp_adapter.h
      Source file:   Helper/template/arm_2d_disp_adapter.c

   * Component: ARM::Acceleration:Arm-2D Helper:PFB@2.5.0
      Include file:  examples/common/scenes/meter/arm_2d_scene_meter.h
      Source file:   Helper/Source/arm_2d_helper.c
      Source file:   Helper/Source/arm_2d_helper_scene.c
      Source file:   Helper/Source/arm_2d_helper_list.c
      Source file:   Helper/Source/arm_2d_helper_shape.c
      Source file:   Helper/template/arm_2d_helper_rtos_user.c
      Source file:   Helper/Source/WhiteDotSmall.c
      Source file:   Helper/Source/cmsis_logo.c
      Source file:   Helper/Source/busy_wheel.c
      Source file:   Helper/Source/console_box.c
      Source file:   Helper/Source/arm_2d_helper_pfb.c
      Source file:   examples/common/scenes/meter/arm_2d_scene_meter.c
      Source file:   Helper/Source/arm_2d_helper_control.c
      Source file:   Helper/Source/arm_2d_helper_built_in.c
      Source file:   examples/common/asset/MeterPanel.c
      Include file:  examples/common/scenes/fitness/arm_2d_scene_fitness.h
      Source file:   examples/common/scenes/fan/arm_2d_scene_fan.c
      Source file:   examples/common/scenes/animate_background/arm_2d_scene_animate_background.c
      Source file:   examples/common/scenes/animate_background/arm_2d_scene_animate_background_vres.c
      Include file:  examples/common/scenes/knob/arm_2d_scene_knob.h
      Source file:   examples/common/asset/knob_circle_quater.c
      Include file:  examples/common/scenes/animate_background/arm_2d_scene_animate_background.h
      Source file:   examples/common/scenes/watch/arm_2d_scene_watch.c
      Source file:   examples/common/scenes/histogram/arm_2d_scene_histogram.c
      Source file:   examples/common/scenes/knob/arm_2d_scene_knob.c
      Source file:   examples/common/asset/radial_line_pattern.c
      Include file:  examples/common/scenes/fan/arm_2d_scene_fan.h
      Source file:   examples/common/scenes/bubble_charging/arm_2d_scene_bubble_charging.c
      Source file:   examples/common/asset/wedge_pattern.c
      Include file:  examples/common/scenes/alarm_clock/arm_2d_scene_alarm_clock.h
      Include file:  examples/common/scenes/histogram/arm_2d_scene_histogram.h
      Include file:  examples/common/scenes/bubble_charging/arm_2d_scene_bubble_charging.h
      Include file:  examples/common/scenes/watch/arm_2d_scene_watch.h
      Source file:   examples/common/asset/radial_line_cover.c
      Source file:   examples/common/scenes/alarm_clock/arm_2d_scene_alarm_clock.c
      Source file:   examples/common/scenes/fitness/arm_2d_scene_fitness.c

   * Component: ARM::Acceleration:Arm-2D:Alpha-Blending@1.2.1
      Source file:   Library/Source/arm_2d_alpha_blending.c

   * Component: ARM::Acceleration:Arm-2D:Core@1.2.1
      Source file:   Library/Source/arm_2d.c
      Source file:   Library/Source/arm_2d_async.c
      Source file:   Library/Source/arm_2d_draw.c
      Source file:   Helper/template/arm_2d_scene_template.c
      Include file:  Helper/template/arm_2d_scene_template.h
      Include file:  examples/common/controls/template/user_control_template.h
      Source file:   Library/template/arm_2d_user_opcode_template_i_cp_src.c
      Include file:  Library/template/arm_2d_user_opcode_template_i_cp_src.h
      Source file:   Library/template/arm_2d_user_opcode_template_i_draw.c
      Include file:  Library/template/arm_2d_user_opcode_template_i_draw.h
      Source file:   Library/Source/arm_2d_conversion.c
      Source file:   examples/common/controls/template/user_control_template.c

   * Component: ARM::Acceleration:Arm-2D:Filter@1.2.1
      Source file:   Library/Source/arm_2d_filter.c

   * Component: ARM::Acceleration:Arm-2D:Transform@1.2.1
      Source file:   Library/Source/arm_2d_transform.c

   * Component: ARM::CMSIS-Compiler:CORE@1.1.0
      Source file:   source/armcc/retarget_io.c

   * Component: ARM::CMSIS:CORE@6.1.0

   * Component: ARM::CMSIS:DSP&Source@1.15.0
      Source file:   Source/ControllerFunctions/ControllerFunctions.c
      Source file:   Source/FilteringFunctions/FilteringFunctions.c
      Source file:   Source/MatrixFunctions/MatrixFunctions.c
      Source file:   Source/StatisticsFunctions/StatisticsFunctions.c
      Include file:  Include/arm_math_f16.h
      Source file:   Source/BayesFunctions/BayesFunctions.c
      Include file:  Include/arm_const_structs_f16.h
      Source file:   Source/DistanceFunctions/DistanceFunctions.c
      Source file:   Source/CommonTables/CommonTables.c
      Include file:  Include/arm_common_tables.h
      Include file:  Include/arm_math.h
      Source file:   Source/FastMathFunctions/FastMathFunctions.c
      Source file:   Source/SupportFunctions/SupportFunctions.c
      Include file:  Include/arm_const_structs.h
      Source file:   Source/BasicMathFunctions/BasicMathFunctions.c
      Source file:   Source/QuaternionMathFunctions/QuaternionMathFunctions.c
      Include file:  Include/arm_common_tables_f16.h
      Source file:   Source/ComplexMathFunctions/ComplexMathFunctions.c
      Source file:   Source/TransformFunctions/TransformFunctions.c
      Source file:   Source/FilteringFunctions/FilteringFunctionsF16.c
      Source file:   Source/SupportFunctions/SupportFunctionsF16.c
      Source file:   Source/InterpolationFunctions/InterpolationFunctionsF16.c
      Source file:   Source/MatrixFunctions/MatrixFunctionsF16.c
      Source file:   Source/SVMFunctions/SVMFunctionsF16.c
      Source file:   Source/TransformFunctions/TransformFunctionsF16.c
      Source file:   Source/FastMathFunctions/FastMathFunctionsF16.c
      Source file:   Source/DistanceFunctions/DistanceFunctionsF16.c
      Source file:   Source/InterpolationFunctions/InterpolationFunctions.c
      Source file:   Source/BayesFunctions/BayesFunctionsF16.c
      Source file:   Source/StatisticsFunctions/StatisticsFunctionsF16.c
      Source file:   Source/CommonTables/CommonTablesF16.c
      Source file:   Source/SVMFunctions/SVMFunctions.c
      Source file:   Source/BasicMathFunctions/BasicMathFunctionsF16.c
      Source file:   Source/ComplexMathFunctions/ComplexMathFunctionsF16.c

   * Component: GorgonMeducer::Utilities:perf_counter:Core&Source@2.4.0
      Source file:   perf_counter.c
      Source file:   perfc_port_default.c
      Include file:  perf_counter.h
      Source file:   systick_wrapper_gnu.s
Build Time Elapsed:  00:00:13
</pre>
</body>
</html>
