<html>
<body>
<pre>
<h1>µVision Build Log</h1>
<h2>Tool Versions:</h2>
IDE-Version: ¦ÌVision V5.40.0.0
Copyright (C) 2024 ARM Ltd and ARM Germany GmbH. All rights reserved.
License Information: a 1806740514@qq.com
a
User-based license: Keil MDK Community (non-commercial free of charge)
Valid until: Jun 1 2033. Cached until: Mar 30 2025
 
Tool Versions:
Toolchain:       Keil MDK Community (non-commercial free of charge  Version: 5.40.0.3
Toolchain Path:  C:\Keil_v5\ARM\ARMCLANG\Bin
C Compiler:      ArmClang.exe V6.22
Assembler:       Armasm.exe V6.22
Linker/Locator:  ArmLink.exe V6.22
Library Manager: ArmAr.exe V6.22
Hex Converter:   FromElf.exe V6.22
CPU DLL:         SARMCM3.DLL V5.40.0.3
Dialog DLL:      DCM.DLL V1.17.5.0
Target DLL:      STLink\ST-LINKIII-KEIL_SWO.dll V3.3.0.0
Dialog DLL:      TCM.DLL V1.56.4.0
 
<h2>Project:</h2>
C:\Users\18067\Desktop\arm-2d\AT32F421C8T7_WorkBench\project\MDK_V5\AT32F421C8T7_WorkBench.uvprojx
Project File Date:  03/23/2025

<h2>Output:</h2>
*** Using Compiler 'V6.22', folder: 'C:\Keil_v5\ARM\ARMCLANG\Bin'
Build target 'AT32F421C8T7_WorkBench'
../app/lcd.c(3): warning: In file included from...
../app\lcdfont.h(466): warning: illegal character encoding in string literal [-Winvalid-source-encoding]
  466 |     "<D6><D0>", 0x20, 0x00, 0x20, 0x00, 0x20, 0x00, 0xFE, 0x03, 0x22, 0x02, 0x22, 0x02, 0x22, 0x02, 0xFE, 0x03,
      |      ^~~~~~~~
../app\lcdfont.h(481): warning: illegal character encoding in string literal [-Winvalid-source-encoding]
  481 |     "<D6><D0>", 0x80, 0x00, 0x80, 0x00, 0x80, 0x00, 0x80, 0x00, 0xFC, 0x1F, 0x84, 0x10, 0x84, 0x10, 0x84, 0x10,
      |      ^~~~~~~~
../app\lcdfont.h(496): warning: illegal character encoding in string literal [-Winvalid-source-encoding]
  496 |     "<D6><D0>", 0x00, 0x00, 0x00, 0x00, 0x00, 0x00, 0x00, 0x18, 0x00, 0x00, 0x08, 0x00, 0x00, 0x08, 0x00, 0x00,
      |      ^~~~~~~~
../app\lcdfont.h(516): warning: illegal character encoding in string literal [-Winvalid-source-encoding]
  516 |     "<D6><D0>", 0x00, 0x00, 0x00, 0x00, 0x00, 0x00, 0x00, 0x00, 0x00, 0x80, 0x00, 0x00, 0x00, 0x80, 0x01, 0x00,
      |      ^~~~~~~~
4 warnings generated.
compiling lcd.c...
linking...
Program Size: Code=39456 RO-data=7744 RW-data=240 ZI-data=8536  
FromELF: creating hex file...
".\objects\AT32F421C8T7_WorkBench.axf" - 0 Error(s), 4 Warning(s).

<h2>Software Packages used:</h2>

Package Vendor: ARM
                https://www.keil.com/pack/ARM.Arm-2D.1.2.1.pack
                ARM::Arm-2D@1.2.1
                A 2D graphic library optimized for Cortex-M processors.
   * Component: Controls Version: 2.3.0
   * Component: LCD ASCII Printf Version: 2.6.5
   * Component: Display Adapter Version: 3.2.7
   * Component: PFB Version: 2.5.0
   * Component: Alpha-Blending Version: 1.2.1
   * Component: Core Version: 1.2.1
   * Component: Filter Version: 1.2.1
   * Component: Transform Version: 1.2.1

Package Vendor: ARM
                https://www.keil.com/pack/ARM.CMSIS.6.1.0.pack
                ARM::CMSIS@6.1.0
                CMSIS (Common Microcontroller Software Interface Standard)
   * Component: CORE Version: 6.1.0

Package Vendor: ARM
                https://www.keil.com/pack/ARM.CMSIS-DSP.1.15.0.pack
                ARM::CMSIS-DSP@1.15.0
                CMSIS Embedded Compute Library
   * Component: DSP Variant: Source Version: 1.15.0

Package Vendor: ArteryTek
                
                ArteryTek::AT32F421_DFP@2.1.7
                ArteryTek AT32F421 Series Device Support,Drivers

Package Vendor: GorgonMeducer
                https://raw.githubusercontent.com/GorgonMeducer/perf_counter/CMSIS-Pack/cmsis-pack/GorgonMeducer.perf_counter.2.4.0.pack
                GorgonMeducer::perf_counter@2.4.0
                A dedicated performance counter for the Cortex-M Systick. It shares the SysTick with users' original SysTick function without interfering with it. This library will bring new functionalities, such as performance counter, APIs for delay, clock() defined in time.h etc.
   * Component: Core Variant: Source Version: 2.4.0

<h2>Collection of Component include folders:</h2>
  ./RTE/Acceleration
  ./RTE/_AT32F421C8T7_WorkBench
  C:/Users/18067/AppData/Local/Arm/Packs/ARM/Arm-2D/1.2.1/Helper/Include
  C:/Users/18067/AppData/Local/Arm/Packs/ARM/Arm-2D/1.2.1/Library/Include
  C:/Users/18067/AppData/Local/Arm/Packs/ARM/Arm-2D/1.2.1/examples/common/controls
  C:/Users/18067/AppData/Local/Arm/Packs/ARM/Arm-2D/1.2.1/examples/demos
  C:/Users/18067/AppData/Local/Arm/Packs/ARM/CMSIS-DSP/1.15.0/Include
  C:/Users/18067/AppData/Local/Arm/Packs/ARM/CMSIS-DSP/1.15.0/PrivateInclude
  C:/Users/18067/AppData/Local/Arm/Packs/ARM/CMSIS/6.1.0/CMSIS/Core/Include
  C:/Users/18067/AppData/Local/Arm/Packs/ArteryTek/AT32F421_DFP/2.1.7/Device/Include
  C:/Users/18067/AppData/Local/Arm/Packs/GorgonMeducer/perf_counter/2.4.0

<h2>Collection of Component Files used:</h2>

   * Component: ARM::Acceleration:Arm-2D Extras:Controls@2.3.0
      Source file:   examples/common/controls/spinning_wheel.c
      Source file:   examples/common/controls/controls.c
      Source file:   examples/common/asset/WatchCoverRound.c
      Source file:   examples/common/asset/Cuisine.c
      Source file:   examples/common/asset/fan_blade.c
      Source file:   examples/common/asset/wifi_signal.c
      Source file:   examples/common/asset/GlassHalo.c
      Source file:   examples/common/asset/gear_02.c
      Source file:   examples/common/asset/RadialGradient.c
      Source file:   examples/common/asset/HallowOutCircleMask.c
      Source file:   examples/common/asset/Fire8x4.c
      Source file:   examples/common/asset/alarm_clock_font64.c
      Source file:   examples/common/asset/arial_ascii_font14.c
      Source file:   examples/common/asset/ClockMarking.c
      Source file:   examples/common/asset/BackgroundSmall.c
      Source file:   examples/common/asset/DigitsFont.c
      Source file:   examples/common/asset/alarm_clock_font32.c
      Source file:   examples/common/asset/pointer_sec.c
      Source file:   examples/common/asset/ECGScan.c
      Source file:   examples/common/asset/GlassBall.c
      Source file:   examples/common/asset/background.c
      Source file:   examples/common/asset/compass.c
      Source file:   examples/common/asset/Earth.c
      Source file:   examples/common/asset/knob_circle_quater.c
      Source file:   examples/common/asset/radial_line_cover.c
      Source file:   examples/common/asset/ECG.c
      Source file:   examples/common/asset/radial_line_pattern.c
      Source file:   examples/common/asset/star.c
      Source file:   examples/common/asset/helium.c
      Source file:   examples/common/asset/circle_mask.c
      Source file:   examples/common/asset/small_icon_sun.c
      Source file:   examples/common/asset/gear_01.c
      Source file:   examples/common/asset/software.c
      Source file:   examples/common/asset/circle_small.c
      Source file:   examples/common/controls/progress_bar_simple.c
      Source file:   examples/common/controls/progress_wheel.c
      Source file:   examples/common/asset/QuaterArcBig.c
      Source file:   examples/common/asset/SinWave.c
      Source file:   examples/common/controls/dynamic_nebula.c
      Source file:   examples/common/asset/WhiteDotMiddle.c
      Source file:   examples/common/asset/QuaterArcMiddle.c
      Source file:   examples/common/asset/SpinWheel.c
      Source file:   examples/common/asset/WhiteDotBig.c
      Source file:   examples/common/asset/battery_gasgauge_block.c
      Source file:   examples/common/controls/progress_bar_drill.c
      Source file:   examples/common/asset/GreenCircle.c
      Source file:   examples/common/controls/list_view.c
      Source file:   examples/common/controls/__simple_list.c
      Source file:   examples/common/controls/cloudy_glass.c
      Source file:   examples/common/asset/glass_reflection_wide.c
      Source file:   examples/common/asset/glass_reflection_narrow.c
      Source file:   examples/common/controls/progress_bar_flowing.c
      Source file:   examples/common/controls/text_tracking_list.c
      Source file:   examples/common/controls/meter_pointer.c
      Source file:   examples/common/asset/blue_slashes.c
      Source file:   examples/common/asset/wave.c
      Source file:   examples/common/asset/ListCover.c
      Source file:   examples/common/asset/battery_boarder_1.c
      Source file:   examples/common/asset/battery_gasgauge_grade_boarder.c
      Source file:   examples/common/controls/text_list.c
      Source file:   examples/common/controls/battery_gasgauge.c
      Source file:   examples/common/controls/histogram.c
      Source file:   examples/common/controls/icon_list.c
      Source file:   examples/common/controls/number_list.c
      Source file:   examples/common/controls/spin_zoom_widget.c
      Source file:   examples/common/asset/QuaterArcSmall.c
      Source file:   examples/common/asset/watch_panel.c
      Source file:   examples/common/asset/Pointer.c
      Source file:   examples/common/asset/Lighting.c
      Source file:   examples/common/asset/icon_compute.c
      Source file:   examples/common/asset/icon_visual_sensor.c
      Source file:   examples/common/asset/icon_automobile.c
      Source file:   examples/common/asset/icon_Durability.c
      Source file:   examples/common/asset/icon_smartmeter.c
      Source file:   examples/common/asset/wedge_pattern.c
      Source file:   examples/common/asset/icon_drone.c
      Source file:   examples/common/asset/icon_Developer.c
      Source file:   examples/common/asset/icon_enterprise.c
      Source file:   examples/common/asset/icon_healthcare.c
      Source file:   examples/common/asset/icon_multicore.c
      Source file:   examples/common/asset/icon_mobile.c
      Source file:   examples/common/asset/icon_wearables.c

   * Component: ARM::Acceleration:Arm-2D Extras:LCD ASCII Printf@2.6.5
      Include file:  Helper/Include/arm_2d_helper_font.h
      Source file:   Helper/Source/arm_2d_helper_font.c
      Source file:   Helper/Source/GLCD_Fonts.c
      Include file:  Helper/Include/arm_extra_lcd_printf.h

   * Component: ARM::Acceleration:Arm-2D Helper:Display Adapter@3.2.7
      Include file:  Helper/template/arm_2d_disp_adapter.h
      Source file:   Helper/template/arm_2d_disp_adapter.c

   * Component: ARM::Acceleration:Arm-2D Helper:PFB@2.5.0
      Include file:  examples/common/scenes/alarm_clock/arm_2d_scene_alarm_clock.h
      Include file:  examples/common/scenes/meter/arm_2d_scene_meter.h
      Source file:   examples/common/scenes/animate_background/arm_2d_scene_animate_background.c
      Source file:   examples/common/scenes/fan/arm_2d_scene_fan.c
      Include file:  examples/common/scenes/bubble_charging/arm_2d_scene_bubble_charging.h
      Include file:  examples/common/scenes/fitness/arm_2d_scene_fitness.h
      Source file:   examples/common/scenes/knob/arm_2d_scene_knob.c
      Include file:  examples/common/scenes/histogram/arm_2d_scene_histogram.h
      Include file:  examples/common/scenes/knob/arm_2d_scene_knob.h
      Source file:   Helper/Source/busy_wheel.c
      Source file:   examples/common/scenes/meter/arm_2d_scene_meter.c
      Source file:   examples/common/asset/radial_line_cover.c
      Source file:   Helper/Source/cmsis_logo.c
      Source file:   examples/common/scenes/fitness/arm_2d_scene_fitness.c
      Include file:  examples/common/scenes/fan/arm_2d_scene_fan.h
      Source file:   examples/common/scenes/watch/arm_2d_scene_watch.c
      Source file:   examples/common/scenes/histogram/arm_2d_scene_histogram.c
      Source file:   Helper/Source/arm_2d_helper_built_in.c
      Source file:   examples/common/asset/MeterPanel.c
      Include file:  examples/common/scenes/animate_background/arm_2d_scene_animate_background.h
      Source file:   examples/common/asset/wedge_pattern.c
      Include file:  examples/common/scenes/watch/arm_2d_scene_watch.h
      Source file:   examples/common/scenes/bubble_charging/arm_2d_scene_bubble_charging.c
      Source file:   examples/common/scenes/animate_background/arm_2d_scene_animate_background_vres.c
      Source file:   examples/common/asset/radial_line_pattern.c
      Source file:   examples/common/scenes/alarm_clock/arm_2d_scene_alarm_clock.c
      Source file:   examples/common/asset/knob_circle_quater.c
      Source file:   Helper/Source/console_box.c
      Source file:   Helper/Source/arm_2d_helper_pfb.c
      Source file:   Helper/Source/arm_2d_helper_scene.c
      Source file:   Helper/Source/arm_2d_helper_list.c
      Source file:   Helper/Source/arm_2d_helper_shape.c
      Source file:   Helper/Source/arm_2d_helper_control.c
      Source file:   Helper/Source/arm_2d_helper.c
      Source file:   Helper/template/arm_2d_helper_rtos_user.c
      Source file:   Helper/Source/WhiteDotSmall.c

   * Component: ARM::Acceleration:Arm-2D:Alpha-Blending@1.2.1
      Source file:   Library/Source/arm_2d_alpha_blending.c

   * Component: ARM::Acceleration:Arm-2D:Core@1.2.1
      Source file:   Library/Source/arm_2d_draw.c
      Source file:   Library/Source/arm_2d_async.c
      Source file:   Library/Source/arm_2d_conversion.c
      Source file:   Library/Source/arm_2d.c
      Source file:   examples/common/controls/template/user_control_template.c
      Include file:  examples/common/controls/template/user_control_template.h
      Source file:   Helper/template/arm_2d_scene_template.c
      Include file:  Library/template/arm_2d_user_opcode_template_i_draw.h
      Include file:  Helper/template/arm_2d_scene_template.h
      Include file:  Library/template/arm_2d_user_opcode_template_i_cp_src.h
      Source file:   Library/template/arm_2d_user_opcode_template_i_draw.c
      Source file:   Library/template/arm_2d_user_opcode_template_i_cp_src.c

   * Component: ARM::Acceleration:Arm-2D:Filter@1.2.1
      Source file:   Library/Source/arm_2d_filter.c

   * Component: ARM::Acceleration:Arm-2D:Transform@1.2.1
      Source file:   Library/Source/arm_2d_transform.c

   * Component: ARM::CMSIS:CORE@6.1.0

   * Component: ARM::CMSIS:DSP&Source@1.15.0
      Source file:   Source/ComplexMathFunctions/ComplexMathFunctions.c
      Include file:  Include/arm_math.h
      Include file:  Include/arm_common_tables.h
      Source file:   Source/BayesFunctions/BayesFunctions.c
      Include file:  Include/arm_const_structs_f16.h
      Include file:  Include/arm_const_structs.h
      Source file:   Source/ControllerFunctions/ControllerFunctions.c
      Source file:   Source/DistanceFunctions/DistanceFunctions.c
      Source file:   Source/FastMathFunctions/FastMathFunctions.c
      Source file:   Source/SupportFunctions/SupportFunctions.c
      Source file:   Source/StatisticsFunctions/StatisticsFunctions.c
      Source file:   Source/SVMFunctions/SVMFunctions.c
      Source file:   Source/InterpolationFunctions/InterpolationFunctions.c
      Include file:  Include/arm_math_f16.h
      Source file:   Source/MatrixFunctions/MatrixFunctions.c
      Source file:   Source/TransformFunctions/TransformFunctions.c
      Source file:   Source/FilteringFunctions/FilteringFunctions.c
      Source file:   Source/BasicMathFunctions/BasicMathFunctionsF16.c
      Source file:   Source/ComplexMathFunctions/ComplexMathFunctionsF16.c
      Include file:  Include/arm_common_tables_f16.h
      Source file:   Source/FilteringFunctions/FilteringFunctionsF16.c
      Source file:   Source/BasicMathFunctions/BasicMathFunctions.c
      Source file:   Source/QuaternionMathFunctions/QuaternionMathFunctions.c
      Source file:   Source/CommonTables/CommonTables.c
      Source file:   Source/CommonTables/CommonTablesF16.c
      Source file:   Source/DistanceFunctions/DistanceFunctionsF16.c
      Source file:   Source/MatrixFunctions/MatrixFunctionsF16.c
      Source file:   Source/SVMFunctions/SVMFunctionsF16.c
      Source file:   Source/StatisticsFunctions/StatisticsFunctionsF16.c
      Source file:   Source/SupportFunctions/SupportFunctionsF16.c
      Source file:   Source/FastMathFunctions/FastMathFunctionsF16.c
      Source file:   Source/TransformFunctions/TransformFunctionsF16.c
      Source file:   Source/BayesFunctions/BayesFunctionsF16.c
      Source file:   Source/InterpolationFunctions/InterpolationFunctionsF16.c

   * Component: GorgonMeducer::Utilities:perf_counter:Core&Source@2.4.0
      Source file:   systick_wrapper_gnu.s
      Source file:   perf_counter.c
      Source file:   perfc_port_default.c
      Include file:  perf_counter.h
Build Time Elapsed:  00:00:05
</pre>
</body>
</html>
