Component: Arm Compiler for Embedded 6.22 Tool: armlink [5ee90200]

==============================================================================

Section Cross References

    startup_at32f421.o(STACK) refers (Special) to heapauxi.o(.text) for __use_two_region_memory
    startup_at32f421.o(HEAP) refers (Special) to heapauxi.o(.text) for __use_two_region_memory
    startup_at32f421.o(RESET) refers (Special) to heapauxi.o(.text) for __use_two_region_memory
    startup_at32f421.o(RESET) refers to startup_at32f421.o(STACK) for __initial_sp
    startup_at32f421.o(RESET) refers to startup_at32f421.o(.text) for Reset_Handler
    startup_at32f421.o(RESET) refers to lto-llvm-9927d7.o(.text.NMI_Handler) for NMI_Handler
    startup_at32f421.o(RESET) refers to lto-llvm-9927d7.o(.text.HardFault_Handler) for HardFault_Handler
    startup_at32f421.o(RESET) refers to lto-llvm-9927d7.o(.text.MemManage_Handler) for MemManage_Handler
    startup_at32f421.o(RESET) refers to lto-llvm-9927d7.o(.text.BusFault_Handler) for BusFault_Handler
    startup_at32f421.o(RESET) refers to lto-llvm-9927d7.o(.text.UsageFault_Handler) for UsageFault_Handler
    startup_at32f421.o(RESET) refers to lto-llvm-9927d7.o(.text.SVC_Handler) for SVC_Handler
    startup_at32f421.o(RESET) refers to lto-llvm-9927d7.o(.text.DebugMon_Handler) for DebugMon_Handler
    startup_at32f421.o(RESET) refers to lto-llvm-9927d7.o(.text.PendSV_Handler) for PendSV_Handler
    startup_at32f421.o(RESET) refers to systick_wrapper_gnu.o(.text) for SysTick_Handler
    startup_at32f421.o(.text) refers (Special) to heapauxi.o(.text) for __use_two_region_memory
    startup_at32f421.o(.text) refers to lto-llvm-9927d7.o(.text.SystemInit) for SystemInit
    startup_at32f421.o(.text) refers to __main.o(!!!main) for __main
    startup_at32f421.o(.text) refers to startup_at32f421.o(HEAP) for Heap_Mem
    startup_at32f421.o(.text) refers to startup_at32f421.o(STACK) for Stack_Mem
    systick_wrapper_gnu.o(.text) refers to lto-llvm-9927d7.o(.text.perfc_port_insert_to_system_timer_insert_ovf_handler) for perfc_port_insert_to_system_timer_insert_ovf_handler
    systick_wrapper_gnu.o(.text) refers to lto-llvm-9927d7.o(.text.SysTick_Handler) for $Super$$SysTick_Handler
    malloc.o(.text) refers (Special) to hguard.o(.text) for __heap$guard
    malloc.o(.text) refers (Special) to init_alloc.o(.text) for _init_alloc
    malloc.o(.text) refers to rt_heap_descriptor_intlibspace.o(.text) for __rt_heap_descriptor
    malloc.o(.text) refers to heapstubs.o(.text) for __Heap_Alloc
    free.o(.text) refers (Special) to hguard.o(.text) for __heap$guard
    free.o(.text) refers to rt_heap_descriptor_intlibspace.o(.text) for __rt_heap_descriptor
    free.o(.text) refers to heapstubs.o(.text) for __Heap_Free
    h1_alloc.o(.text) refers (Special) to h1_init.o(.text) for __Heap_Initialize
    h1_alloc.o(.text) refers to rt_heap_descriptor_intlibspace.o(.text) for __rt_heap_descriptor
    h1_alloc.o(.text) refers to init_alloc.o(.text) for __Heap_Full
    h1_free.o(.text) refers to rt_heap_descriptor_intlibspace.o(.text) for __rt_heap_descriptor
    h1_alloc_threads.o(.text) refers (Special) to h1_init.o(.text) for __Heap_Initialize
    h1_alloc_threads.o(.text) refers to init_alloc.o(.text) for __Heap_Full
    h1_alloc_threads.o(.text) refers to rt_heap_descriptor_intlibspace.o(.text) for __rt_heap_descriptor
    h1_free_threads.o(.text) refers to rt_heap_descriptor_intlibspace.o(.text) for __rt_heap_descriptor
    heap2.o(i._FDIterate) refers to heap2.o(.conststring) for .conststring
    heap2.o(i.__Heap_ProvideMemory$realtime) refers to fdtree.o(i._FDTree_Delete) for _FDTree_Delete
    heap2.o(i.__Heap_ProvideMemory$realtime) refers to fdtree.o(i._FDTree_Insert) for _FDTree_Insert
    heap2.o(i.__Heap_Stats$realtime) refers to heap2.o(i._Heap2_StatsIterate) for _Heap2_StatsIterate
    heap2.o(i.__Heap_Valid$realtime) refers to heap2.o(i._FDIterate) for _FDIterate
    heap2.o(i.__Heap_Valid$realtime) refers to heap2.o(.conststring) for .conststring
    heap2.o(i.free$realtime) refers to rt_heap_descriptor_intlibspace.o(.text) for __rt_heap_descriptor
    heap2.o(i.free$realtime) refers to fdtree.o(i._FDTree_Delete) for _FDTree_Delete
    heap2.o(i.free$realtime) refers to fdtree.o(i._FDTree_Insert) for _FDTree_Insert
    heap2.o(i.malloc$realtime) refers to rt_heap_descriptor_intlibspace.o(.text) for __rt_heap_descriptor
    heap2.o(i.malloc$realtime) refers to fdtree.o(i._FDTree_FindFirst) for _FDTree_FindFirst
    heap2.o(i.malloc$realtime) refers to init_alloc.o(.text) for __Heap_Full
    heap2.o(i.malloc$realtime) refers to fdtree.o(i._FDTree_RemoveNode) for _FDTree_RemoveNode
    heap2.o(i.malloc$realtime) refers to fdtree.o(i._FDTree_Insert) for _FDTree_Insert
    heap2.o(i.posix_memalign$realtime) refers to rt_heap_descriptor_intlibspace.o(.text) for __rt_heap_descriptor
    heap2.o(i.posix_memalign$realtime) refers to fdtree.o(i._FDTree_FindFirst) for _FDTree_FindFirst
[...]
    locale$$data                             0x0800b74c   Section      272  lc_ctype_c.o(locale$$data)
    __lcctype_c_name                         0x0800b750   Data           2  lc_ctype_c.o(locale$$data)
    __lcctype_c_start                        0x0800b758   Data           0  lc_ctype_c.o(locale$$data)
    __lcctype_c_end                          0x0800b85c   Data           0  lc_ctype_c.o(locale$$data)
    .init_array                              0x0800b860   Section        0  init_aeabi.o(.init_array)
    SystemCoreClock                          0x20000000   Data           4  lto-llvm-9927d7.o(.data.SystemCoreClock)
    [Anonymous Symbol]                       0x20000000   Section        0  lto-llvm-9927d7.o(.data.SystemCoreClock)
    disp_adapter0_init.s_tScenes             0x20000004   Data         140  lto-llvm-9927d7.o(.data.disp_adapter0_init.s_tScenes)
    [Anonymous Symbol]                       0x20000004   Section        0  lto-llvm-9927d7.o(.data.disp_adapter0_init.s_tScenes)
    disp_adapter0_navigator_init.s_tNavDirtyRegionList 0x20000090   Data          20  lto-llvm-9927d7.o(.data.disp_adapter0_navigator_init.s_tNavDirtyRegionList)
    [Anonymous Symbol]                       0x20000090   Section        0  lto-llvm-9927d7.o(.data.disp_adapter0_navigator_init.s_tNavDirtyRegionList)
    s_tHelper.1                              0x200000a4   Data           4  lto-llvm-9927d7.o(.data.s_tHelper.1)
    [Anonymous Symbol]                       0x200000a4   Section        0  lto-llvm-9927d7.o(.data.s_tHelper.1)
    s_tLCDTextControl                        0x200000a8   Data          64  lto-llvm-9927d7.o(.data.s_tLCDTextControl)
    [Anonymous Symbol]                       0x200000a8   Section        0  lto-llvm-9927d7.o(.data.s_tLCDTextControl)
    s_wMSUnit                                0x200000e8   Data           4  lto-llvm-9927d7.o(.data.s_wMSUnit)
    [Anonymous Symbol]                       0x200000e8   Section        0  lto-llvm-9927d7.o(.data.s_wMSUnit)
    s_wUSUnit                                0x200000ec   Data           4  lto-llvm-9927d7.o(.data.s_wUSUnit)
    [Anonymous Symbol]                       0x200000ec   Section        0  lto-llvm-9927d7.o(.data.s_wUSUnit)
    .bss                                     0x200000f0   Section       96  libspace.o(.bss)
    SysTick_Handler.time_count               0x20000150   Data           2  lto-llvm-9927d7.o(.bss.SysTick_Handler.time_count)
    [Anonymous Symbol]                       0x20000150   Section        0  lto-llvm-9927d7.o(.bss.SysTick_Handler.time_count)
    arm_lcd_printf.s_chBuffer                0x20000152   Data          65  lto-llvm-9927d7.o(.bss.arm_lcd_printf.s_chBuffer)
    [Anonymous Symbol]                       0x20000152   Section        0  lto-llvm-9927d7.o(.bss.arm_lcd_printf.s_chBuffer)
    busy_wheel2_show.s_chOffset              0x20000193   Data           1  lto-llvm-9927d7.o(.bss.busy_wheel2_show.s_chOffset)
    [Anonymous Symbol]                       0x20000193   Section        0  lto-llvm-9927d7.o(.bss.busy_wheel2_show.s_chOffset)
    g_lLastTimeStamp                         0x20000198   Data           8  lto-llvm-9927d7.o(.bss.g_lLastTimeStamp)
    [Anonymous Symbol]                       0x20000198   Section        0  lto-llvm-9927d7.o(.bss.g_lLastTimeStamp)
    g_nOffset                                0x200001a0   Data           4  lto-llvm-9927d7.o(.bss.g_nOffset)
    [Anonymous Symbol]                       0x200001a0   Section        0  lto-llvm-9927d7.o(.bss.g_nOffset)
    lcddev.2                                 0x200001a4   Data           2  lto-llvm-9927d7.o(.bss.lcddev.2)
    [Anonymous Symbol]                       0x200001a4   Section        0  lto-llvm-9927d7.o(.bss.lcddev.2)
    s_tDotsLocation                          0x200001a8   Data          32  lto-llvm-9927d7.o(.bss.noinit)
    [Anonymous Symbol]                       0x200001a8   Section        0  lto-llvm-9927d7.o(.bss.noinit)
    s_tAlphaTable                            0x200001c8   Data           8  lto-llvm-9927d7.o(.bss.noinit)
    ARM_2D_CTRL                              0x200001d0   Data         148  lto-llvm-9927d7.o(.bss.noinit)
    DISP0_ADAPTER                            0x20000268   Data         384  lto-llvm-9927d7.o(.bss.noinit)
    __user_scene_player_init.s_tDirtyRegionList 0x200003e8   Data         160  lto-llvm-9927d7.o(.bss.noinit)
    __user_scene_player_init.s_tPFBs         0x20000488   Data        3228  lto-llvm-9927d7.o(.bss.noinit.arm_2d_pfb_pool)
    [Anonymous Symbol]                       0x20000488   Section        0  lto-llvm-9927d7.o(.bss.noinit.arm_2d_pfb_pool)
    s_lLastTime2                             0x20001128   Data           8  lto-llvm-9927d7.o(.bss.s_lLastTime2)
    [Anonymous Symbol]                       0x20001128   Section        0  lto-llvm-9927d7.o(.bss.s_lLastTime2)
    s_lOldTimestamp                          0x20001130   Data           8  lto-llvm-9927d7.o(.bss.s_lOldTimestamp)
    [Anonymous Symbol]                       0x20001130   Section        0  lto-llvm-9927d7.o(.bss.s_lOldTimestamp)
    s_lOldTimestampMS                        0x20001138   Data           8  lto-llvm-9927d7.o(.bss.s_lOldTimestampMS)
    [Anonymous Symbol]                       0x20001138   Section        0  lto-llvm-9927d7.o(.bss.s_lOldTimestampMS)
    s_lOldTimestampUS                        0x20001140   Data           8  lto-llvm-9927d7.o(.bss.s_lOldTimestampUS)
    [Anonymous Symbol]                       0x20001140   Section        0  lto-llvm-9927d7.o(.bss.s_lOldTimestampUS)
    s_lSystemClockCounts                     0x20001148   Data           8  lto-llvm-9927d7.o(.bss.s_lSystemClockCounts)
    [Anonymous Symbol]                       0x20001148   Section        0  lto-llvm-9927d7.o(.bss.s_lSystemClockCounts)
    s_lSystemMS                              0x20001150   Data           8  lto-llvm-9927d7.o(.bss.s_lSystemMS)
    [Anonymous Symbol]                       0x20001150   Section        0  lto-llvm-9927d7.o(.bss.s_lSystemMS)
    s_lSystemUS                              0x20001158   Data           8  lto-llvm-9927d7.o(.bss.s_lSystemUS)
    [Anonymous Symbol]                       0x20001158   Section        0  lto-llvm-9927d7.o(.bss.s_lSystemUS)
    s_tHelper.0                              0x20001160   Data           1  lto-llvm-9927d7.o(.bss.s_tHelper.0)
    [Anonymous Symbol]                       0x20001160   Section        0  lto-llvm-9927d7.o(.bss.s_tHelper.0)
    s_tMaskRotateCB                          0x20001164   Data         216  lto-llvm-9927d7.o(.bss.s_tMaskRotateCB)
    [Anonymous Symbol]                       0x20001164   Section        0  lto-llvm-9927d7.o(.bss.s_tMaskRotateCB)
    s_wMSResidule                            0x2000123c   Data           4  lto-llvm-9927d7.o(.bss.s_wMSResidule)
    [Anonymous Symbol]                       0x2000123c   Section        0  lto-llvm-9927d7.o(.bss.s_wMSResidule)
    s_wUSResidule                            0x20001240   Data           4  lto-llvm-9927d7.o(.bss.s_wUSResidule)
    [Anonymous Symbol]                       0x20001240   Section        0  lto-llvm-9927d7.o(.bss.s_wUSResidule)
    timebase_ticks                           0x20001244   Data           4  lto-llvm-9927d7.o(.bss.timebase_ticks)
    [Anonymous Symbol]                       0x20001244   Section        0  lto-llvm-9927d7.o(.bss.timebase_ticks)
    Heap_Mem                                 0x20001248   Data        3072  startup_at32f421.o(HEAP)
    HEAP                                     0x20001248   Section     3072  startup_at32f421.o(HEAP)
    Stack_Mem                                0x20001e48   Data        1024  startup_at32f421.o(STACK)
    STACK                                    0x20001e48   Section     1024  startup_at32f421.o(STACK)
    __initial_sp                             0x20002248   Data           0  startup_at32f421.o(STACK)

    Global Symbols

    Symbol Name                              Value     Ov Type        Size  Object(Section)

    BuildAttributes$$THM_ISAv4$E$P$D$K$B$S$7EM$PE$A:L22UL41UL21$X:L11$S22US41US21$IEEE1$IW$~IW$USESV6$~STKCKD$USESV7$~SHL$OTIME$ROPI$IEEEX$EBA8$UX$STANDARDLIB$REQ8$PRES8$EABIv2 0x00000000   Number         0  anon$$obj.o ABSOLUTE
    __fp_init_empty                          0x00000000   Number         0  fpinit_empty.o ABSOLUTE
    _printf_flags                            0x00000000   Number         0  printf_stubs.o ABSOLUTE
    _printf_return_value                     0x00000000   Number         0  printf_stubs.o ABSOLUTE
    _printf_sizespec                         0x00000000   Number         0  printf_stubs.o ABSOLUTE
    _printf_widthprec                        0x00000000   Number         0  printf_stubs.o ABSOLUTE
    __ARM_exceptions_init                     - Undefined Weak Reference
    __alloca_initialize                       - Undefined Weak Reference
    __arm_preinit_                            - Undefined Weak Reference
    __arm_relocate_pie_                       - Undefined Weak Reference
    __cxa_finalize                            - Undefined Weak Reference
    __sigvec_lookup                           - Undefined Weak Reference
    __user_heap_extent                        - Undefined Weak Reference
    _atexit_init                              - Undefined Weak Reference
    _call_atexit_fns                          - Undefined Weak Reference
    _clock_init                               - Undefined Weak Reference
    _fp_trap_init                             - Undefined Weak Reference
    _fp_trap_shutdown                         - Undefined Weak Reference
    _get_lc_collate                           - Undefined Weak Reference
    _get_lc_monetary                          - Undefined Weak Reference
    _get_lc_time                              - Undefined Weak Reference
    _getenv_init                              - Undefined Weak Reference
    _handle_redirection                       - Undefined Weak Reference
    _initio                                   - Undefined Weak Reference
    _mutex_acquire                            - Undefined Weak Reference
    _mutex_free                               - Undefined Weak Reference
    _mutex_release                            - Undefined Weak Reference
    _printf_mbtowc                            - Undefined Weak Reference
    _printf_wc                                - Undefined Weak Reference
    _signal_finish                            - Undefined Weak Reference
    _signal_init                              - Undefined Weak Reference
    _terminateio                              - Undefined Weak Reference
    __Vectors_Size                           0x000000cc   Number         0  startup_at32f421.o ABSOLUTE
    __Vectors                                0x08000000   Data           4  startup_at32f421.o(RESET)
    __Vectors_End                            0x080000cc   Data           0  startup_at32f421.o(RESET)
    __main                                   0x080000cd   Thumb Code     8  __main.o(!!!main)
    __scatterload                            0x080000d5   Thumb Code     0  __scatter.o(!!!scatter)
    __scatterload_rt2                        0x080000d5   Thumb Code    84  __scatter.o(!!!scatter)
    __scatterload_rt2_thumb_only             0x080000d5   Thumb Code     0  __scatter.o(!!!scatter)
    __scatterload_loop                       0x080000df   Thumb Code     0  __scatter.o(!!!scatter)
    __scatterload_copy                       0x08000131   Thumb Code    26  __scatter_copy.o(!!handler_copy)
    __scatterload_null                       0x0800014d   Thumb Code     2  __scatter.o(!!handler_null)
    __scatterload_zeroinit                   0x08000151   Thumb Code    28  __scatter_zi.o(!!handler_zi)
    _printf_n                                0x0800016d   Thumb Code     0  _printf_n.o(.ARM.Collect$$_printf_percent$$00000001)
    _printf_percent                          0x0800016d   Thumb Code     0  _printf_percent.o(.ARM.Collect$$_printf_percent$$00000000)
    _printf_p                                0x08000173   Thumb Code     0  _printf_p.o(.ARM.Collect$$_printf_percent$$00000002)
    _printf_f                                0x08000179   Thumb Code     0  _printf_f.o(.ARM.Collect$$_printf_percent$$00000003)
    _printf_e                                0x0800017f   Thumb Code     0  _printf_e.o(.ARM.Collect$$_printf_percent$$00000004)
    _printf_g                                0x08000185   Thumb Code     0  _printf_g.o(.ARM.Collect$$_printf_percent$$00000005)
    _printf_a                                0x0800018b   Thumb Code     0  _printf_a.o(.ARM.Collect$$_printf_percent$$00000006)
    _printf_ll                               0x08000191   Thumb Code     0  _printf_ll.o(.ARM.Collect$$_printf_percent$$00000007)
    _printf_i                                0x0800019b   Thumb Code     0  _printf_i.o(.ARM.Collect$$_printf_percent$$00000008)
    _printf_d                                0x080001a1   Thumb Code     0  _printf_d.o(.ARM.Collect$$_printf_percent$$00000009)
    _printf_u                                0x080001a7   Thumb Code     0  _printf_u.o(.ARM.Collect$$_printf_percent$$0000000A)
    _printf_o                                0x080001ad   Thumb Code     0  _printf_o.o(.ARM.Collect$$_printf_percent$$0000000B)
    _printf_x                                0x080001b3   Thumb Code     0  _printf_x.o(.ARM.Collect$$_printf_percent$$0000000C)
    _printf_lli                              0x080001b9   Thumb Code     0  _printf_lli.o(.ARM.Collect$$_printf_percent$$0000000D)
    _printf_lld                              0x080001bf   Thumb Code     0  _printf_lld.o(.ARM.Collect$$_printf_percent$$0000000E)
    _printf_llu                              0x080001c5   Thumb Code     0  _printf_llu.o(.ARM.Collect$$_printf_percent$$0000000F)
    _printf_llo                              0x080001cb   Thumb Code     0  _printf_llo.o(.ARM.Collect$$_printf_percent$$00000010)
    _printf_llx                              0x080001d1   Thumb Code     0  _printf_llx.o(.ARM.Collect$$_printf_percent$$00000011)
    _printf_l                                0x080001d7   Thumb Code     0  _printf_l.o(.ARM.Collect$$_printf_percent$$00000012)
    _printf_c                                0x080001e1   Thumb Code     0  _printf_c.o(.ARM.Collect$$_printf_percent$$00000013)
    _printf_s                                0x080001e7   Thumb Code     0  _printf_s.o(.ARM.Collect$$_printf_percent$$00000014)
    _printf_lc                               0x080001ed   Thumb Code     0  _printf_lc.o(.ARM.Collect$$_printf_percent$$00000015)
    _printf_ls                               0x080001f3   Thumb Code     0  _printf_ls.o(.ARM.Collect$$_printf_percent$$00000016)
    _printf_percent_end                      0x080001f9   Thumb Code     0  _printf_percent_end.o(.ARM.Collect$$_printf_percent$$00000017)
    __rt_lib_init                            0x080001fd   Thumb Code     0  libinit.o(.ARM.Collect$$libinit$$00000000)
    __rt_lib_init_fp_1                       0x080001ff   Thumb Code     0  libinit2.o(.ARM.Collect$$libinit$$00000002)
    __rt_lib_init_heap_2                     0x080001ff   Thumb Code     0  libinit2.o(.ARM.Collect$$libinit$$00000007)
    __rt_lib_init_preinit_1                  0x080001ff   Thumb Code     0  libinit2.o(.ARM.Collect$$libinit$$00000006)
    __rt_lib_init_relocate_pie_1             0x080001ff   Thumb Code     0  libinit2.o(.ARM.Collect$$libinit$$00000004)
    __rt_lib_init_heap_1                     0x08000207   Thumb Code     0  libinit2.o(.ARM.Collect$$libinit$$0000000C)
    __rt_lib_init_lc_common                  0x08000207   Thumb Code     0  libinit2.o(.ARM.Collect$$libinit$$00000011)
    __rt_lib_init_rand_1                     0x08000207   Thumb Code     0  libinit2.o(.ARM.Collect$$libinit$$00000010)
    __rt_lib_init_user_alloc_1               0x08000207   Thumb Code     0  libinit2.o(.ARM.Collect$$libinit$$0000000E)
    __rt_lib_init_lc_collate_1               0x0800020d   Thumb Code     0  libinit2.o(.ARM.Collect$$libinit$$00000013)
    __rt_lib_init_lc_ctype_2                 0x0800020d   Thumb Code     0  libinit2.o(.ARM.Collect$$libinit$$00000014)
    __rt_lib_init_lc_ctype_1                 0x08000219   Thumb Code     0  libinit2.o(.ARM.Collect$$libinit$$00000015)
    __rt_lib_init_lc_monetary_1              0x08000219   Thumb Code     0  libinit2.o(.ARM.Collect$$libinit$$00000017)
    __rt_lib_init_lc_numeric_2               0x08000219   Thumb Code     0  libinit2.o(.ARM.Collect$$libinit$$00000018)
    __rt_lib_init_alloca_1                   0x08000223   Thumb Code     0  libinit2.o(.ARM.Collect$$libinit$$00000030)
    __rt_lib_init_argv_1                     0x08000223   Thumb Code     0  libinit2.o(.ARM.Collect$$libinit$$0000002E)
    __rt_lib_init_atexit_1                   0x08000223   Thumb Code     0  libinit2.o(.ARM.Collect$$libinit$$0000001D)
    __rt_lib_init_clock_1                    0x08000223   Thumb Code     0  libinit2.o(.ARM.Collect$$libinit$$00000023)
    __rt_lib_init_cpp_2                      0x08000223   Thumb Code     0  libinit2.o(.ARM.Collect$$libinit$$00000033)
    __rt_lib_init_exceptions_1               0x08000223   Thumb Code     0  libinit2.o(.ARM.Collect$$libinit$$00000032)
    __rt_lib_init_fp_trap_1                  0x08000223   Thumb Code     0  libinit2.o(.ARM.Collect$$libinit$$00000021)
    __rt_lib_init_getenv_1                   0x08000223   Thumb Code     0  libinit2.o(.ARM.Collect$$libinit$$00000025)
    __rt_lib_init_lc_numeric_1               0x08000223   Thumb Code     0  libinit2.o(.ARM.Collect$$libinit$$00000019)
    __rt_lib_init_lc_time_1                  0x08000223   Thumb Code     0  libinit2.o(.ARM.Collect$$libinit$$0000001B)
    __rt_lib_init_signal_1                   0x08000223   Thumb Code     0  libinit2.o(.ARM.Collect$$libinit$$0000001F)
    __rt_lib_init_stdio_1                    0x08000223   Thumb Code     0  libinit2.o(.ARM.Collect$$libinit$$00000027)
    __rt_lib_init_cpp_1                      0x08000227   Thumb Code     0  libinit2.o(.ARM.Collect$$libinit$$00000034)
    __rt_lib_init_return                     0x08000227   Thumb Code     0  libinit2.o(.ARM.Collect$$libinit$$00000035)
    __rt_lib_shutdown                        0x08000229   Thumb Code     0  libshutdown.o(.ARM.Collect$$libshutdown$$00000000)
    __rt_lib_shutdown_cpp_1                  0x0800022b   Thumb Code     0  libshutdown2.o(.ARM.Collect$$libshutdown$$00000002)
    __rt_lib_shutdown_fp_trap_1              0x0800022b   Thumb Code     0  libshutdown2.o(.ARM.Collect$$libshutdown$$00000007)
    __rt_lib_shutdown_heap_1                 0x0800022b   Thumb Code     0  libshutdown2.o(.ARM.Collect$$libshutdown$$0000000F)
    __rt_lib_shutdown_return                 0x0800022b   Thumb Code     0  libshutdown2.o(.ARM.Collect$$libshutdown$$00000010)
    __rt_lib_shutdown_signal_1               0x0800022b   Thumb Code     0  libshutdown2.o(.ARM.Collect$$libshutdown$$0000000A)
    __rt_lib_shutdown_stdio_1                0x0800022b   Thumb Code     0  libshutdown2.o(.ARM.Collect$$libshutdown$$00000004)
    __rt_lib_shutdown_user_alloc_1           0x0800022b   Thumb Code     0  libshutdown2.o(.ARM.Collect$$libshutdown$$0000000C)
    __rt_entry                               0x0800022d   Thumb Code     0  __rtentry.o(.ARM.Collect$$rtentry$$00000000)
    __rt_entry_presh_1                       0x0800022d   Thumb Code     0  __rtentry2.o(.ARM.Collect$$rtentry$$00000002)
    __rt_entry_sh                            0x0800022d   Thumb Code     0  __rtentry4.o(.ARM.Collect$$rtentry$$00000004)
    __rt_entry_li                            0x08000233   Thumb Code     0  __rtentry2.o(.ARM.Collect$$rtentry$$0000000A)
    __rt_entry_postsh_1                      0x08000233   Thumb Code     0  __rtentry2.o(.ARM.Collect$$rtentry$$00000009)
    __rt_entry_main                          0x08000237   Thumb Code     0  __rtentry2.o(.ARM.Collect$$rtentry$$0000000D)
    __rt_entry_postli_1                      0x08000237   Thumb Code     0  __rtentry2.o(.ARM.Collect$$rtentry$$0000000C)
    __rt_exit                                0x0800023f   Thumb Code     0  rtexit.o(.ARM.Collect$$rtexit$$00000000)
    __rt_exit_ls                             0x08000241   Thumb Code     0  rtexit2.o(.ARM.Collect$$rtexit$$00000003)
    __rt_exit_prels_1                        0x08000241   Thumb Code     0  rtexit2.o(.ARM.Collect$$rtexit$$00000002)
    __rt_exit_exit                           0x08000245   Thumb Code     0  rtexit2.o(.ARM.Collect$$rtexit$$00000004)
    Reset_Handler                            0x0800024d   Thumb Code     8  startup_at32f421.o(.text)
    ADC1_CMP_IRQHandler                      0x08000267   Thumb Code     0  startup_at32f421.o(.text)
    CRM_IRQHandler                           0x08000267   Thumb Code     0  startup_at32f421.o(.text)
    DMA1_Channel1_IRQHandler                 0x08000267   Thumb Code     0  startup_at32f421.o(.text)
    DMA1_Channel3_2_IRQHandler               0x08000267   Thumb Code     0  startup_at32f421.o(.text)
    DMA1_Channel5_4_IRQHandler               0x08000267   Thumb Code     0  startup_at32f421.o(.text)
    ERTC_IRQHandler                          0x08000267   Thumb Code     0  startup_at32f421.o(.text)
    EXINT15_4_IRQHandler                     0x08000267   Thumb Code     0  startup_at32f421.o(.text)
    EXINT1_0_IRQHandler                      0x08000267   Thumb Code     0  startup_at32f421.o(.text)
    EXINT3_2_IRQHandler                      0x08000267   Thumb Code     0  startup_at32f421.o(.text)
    FLASH_IRQHandler                         0x08000267   Thumb Code     0  startup_at32f421.o(.text)
    I2C1_ERR_IRQHandler                      0x08000267   Thumb Code     0  startup_at32f421.o(.text)
    I2C1_EVT_IRQHandler                      0x08000267   Thumb Code     0  startup_at32f421.o(.text)
    I2C2_ERR_IRQHandler                      0x08000267   Thumb Code     0  startup_at32f421.o(.text)
    I2C2_EVT_IRQHandler                      0x08000267   Thumb Code     0  startup_at32f421.o(.text)
    PVM_IRQHandler                           0x08000267   Thumb Code     0  startup_at32f421.o(.text)
    SPI1_IRQHandler                          0x08000267   Thumb Code     0  startup_at32f421.o(.text)
    SPI2_IRQHandler                          0x08000267   Thumb Code     0  startup_at32f421.o(.text)
    TMR14_GLOBAL_IRQHandler                  0x08000267   Thumb Code     0  startup_at32f421.o(.text)
    TMR15_GLOBAL_IRQHandler                  0x08000267   Thumb Code     0  startup_at32f421.o(.text)
    TMR16_GLOBAL_IRQHandler                  0x08000267   Thumb Code     0  startup_at32f421.o(.text)
    TMR17_GLOBAL_IRQHandler                  0x08000267   Thumb Code     0  startup_at32f421.o(.text)
    TMR1_BRK_OVF_TRG_HALL_IRQHandler         0x08000267   Thumb Code     0  startup_at32f421.o(.text)
    TMR1_CH_IRQHandler                       0x08000267   Thumb Code     0  startup_at32f421.o(.text)
    TMR3_GLOBAL_IRQHandler                   0x08000267   Thumb Code     0  startup_at32f421.o(.text)
    TMR6_GLOBAL_IRQHandler                   0x08000267   Thumb Code     0  startup_at32f421.o(.text)
    USART1_IRQHandler                        0x08000267   Thumb Code     0  startup_at32f421.o(.text)
    USART2_IRQHandler                        0x08000267   Thumb Code     0  startup_at32f421.o(.text)
    WWDT_IRQHandler                          0x08000267   Thumb Code     0  startup_at32f421.o(.text)
    __user_initial_stackheap                 0x08000269   Thumb Code     0  startup_at32f421.o(.text)
    SysTick_Handler                          0x0800028d   Thumb Code     0  systick_wrapper_gnu.o(.text)
    __ensure_systick_wrapper                 0x0800029f   Thumb Code     0  systick_wrapper_gnu.o(.text)
    malloc                                   0x080002a9   Thumb Code    94  h1_alloc.o(.text)
    free                                     0x08000307   Thumb Code    78  h1_free.o(.text)
    vsnprintf                                0x08000355   Thumb Code    56  vsnprintf.o(.text)
    __aeabi_assert                           0x08000391   Thumb Code    86  assert.o(.text)
    __assert                                 0x08000391   Thumb Code     0  assert.o(.text)
    __use_two_region_memory                  0x08000411   Thumb Code     2  heapauxi.o(.text)
    __rt_heap_escrow                         0x08000413   Thumb Code     2  heapauxi.o(.text)
    __rt_heap_expand                         0x08000415   Thumb Code     2  heapauxi.o(.text)
    __rt_heap_descriptor                     0x08000419   Thumb Code     8  rt_heap_descriptor_intlibspace.o(.text)
    __use_no_heap                            0x08000421   Thumb Code     2  hguard.o(.text)
    __heap$guard                             0x08000423   Thumb Code     2  hguard.o(.text)
    _terminate_user_alloc                    0x08000425   Thumb Code     2  init_alloc.o(.text)
    _init_user_alloc                         0x08000427   Thumb Code     2  init_alloc.o(.text)
    __Heap_Full                              0x08000429   Thumb Code    34  init_alloc.o(.text)
    __Heap_Broken                            0x0800044b   Thumb Code     6  init_alloc.o(.text)
    _init_alloc                              0x08000451   Thumb Code    94  init_alloc.o(.text)
    __Heap_Initialize                        0x080004af   Thumb Code     8  h1_init.o(.text)
    __Heap_DescSize                          0x080004b7   Thumb Code     4  h1_init.o(.text)
    __read_errno                             0x080004bb   Thumb Code    10  _rserrno.o(.text)
    __set_errno                              0x080004c5   Thumb Code    12  _rserrno.o(.text)
    _printf_pre_padding                      0x080004d1   Thumb Code    44  _printf_pad.o(.text)
    _printf_post_padding                     0x080004fd   Thumb Code    34  _printf_pad.o(.text)
    _printf_truncate_signed                  0x0800051f   Thumb Code    18  _printf_truncate.o(.text)
    _printf_truncate_unsigned                0x08000531   Thumb Code    18  _printf_truncate.o(.text)
    _printf_str                              0x08000543   Thumb Code    82  _printf_str.o(.text)
    _printf_int_dec                          0x08000595   Thumb Code   104  _printf_dec.o(.text)
    _printf_charcount                        0x0800060d   Thumb Code    40  _printf_charcount.o(.text)
    _printf_char_common                      0x0800063f   Thumb Code    32  _printf_char_common.o(.text)
    _snputc                                  0x08000665   Thumb Code    16  _snputc.o(.text)
    _printf_wctomb                           0x08000675   Thumb Code   182  _printf_wctomb.o(.text)
    _printf_longlong_dec                     0x08000731   Thumb Code   108  _printf_longlong_dec.o(.text)
    _printf_longlong_oct                     0x080007ad   Thumb Code    68  _printf_oct_int_ll.o(.text)
    _printf_int_oct                          0x080007f1   Thumb Code    24  _printf_oct_int_ll.o(.text)
    _printf_ll_oct                           0x08000809   Thumb Code    12  _printf_oct_int_ll.o(.text)
    _printf_longlong_hex                     0x0800081d   Thumb Code    86  _printf_hex_int_ll_ptr.o(.text)
    _printf_int_hex                          0x08000873   Thumb Code    28  _printf_hex_int_ll_ptr.o(.text)
    _printf_ll_hex                           0x0800088f   Thumb Code    12  _printf_hex_int_ll_ptr.o(.text)
    _printf_hex_ptr                          0x0800089b   Thumb Code    18  _printf_hex_int_ll_ptr.o(.text)
    __printf                                 0x080008b1   Thumb Code   388  __printf_flags_ss_wp.o(.text)
    abort                                    0x08000a39   Thumb Code    22  abort.o(.text)
    __assert_puts                            0x08000a4f   Thumb Code    20  assert_puts.o(.text)
    __aeabi_memcpy4                          0x08000a63   Thumb Code     0  rt_memcpy_w.o(.text)
    __aeabi_memcpy8                          0x08000a63   Thumb Code     0  rt_memcpy_w.o(.text)
    __rt_memcpy_w                            0x08000a63   Thumb Code   100  rt_memcpy_w.o(.text)
    _memcpy_lastbytes_aligned                0x08000aab   Thumb Code     0  rt_memcpy_w.o(.text)
    _ttywrch                                 0x08000ac7   Thumb Code    14  sys_wrch.o(.text)
    _sys_exit                                0x08000ad5   Thumb Code     8  sys_exit.o(.text)
    __user_libspace                          0x08000ae1   Thumb Code     8  libspace.o(.text)
    __user_perproc_libspace                  0x08000ae1   Thumb Code     0  libspace.o(.text)
    __user_perthread_libspace                0x08000ae1   Thumb Code     0  libspace.o(.text)
    __aeabi_errno_addr                       0x08000ae9   Thumb Code     8  rt_errno_addr_intlibspace.o(.text)
    __errno$intlibspace                      0x08000ae9   Thumb Code     0  rt_errno_addr_intlibspace.o(.text)
    __rt_errno_addr$intlibspace              0x08000ae9   Thumb Code     0  rt_errno_addr_intlibspace.o(.text)
    __Heap_ProvideMemory                     0x08000af1   Thumb Code    52  h1_extend.o(.text)
    _maybe_terminate_alloc                   0x08000af1   Thumb Code     0  maybetermalloc1.o(.text)
    _ll_udiv10                               0x08000b25   Thumb Code   138  lludiv10.o(.text)
    _printf_int_common                       0x08000baf   Thumb Code   178  _printf_intcommon.o(.text)
    _printf_fp_dec_real                      0x08000e11   Thumb Code   620  _printf_fp_dec.o(.text)
    _printf_fp_hex_real                      0x0800107d   Thumb Code   756  _printf_fp_hex.o(.text)
    _printf_cs_common                        0x08001379   Thumb Code    20  _printf_char.o(.text)
    _printf_char                             0x0800138d   Thumb Code    16  _printf_char.o(.text)
    _printf_string                           0x0800139d   Thumb Code     8  _printf_char.o(.text)
    _printf_lcs_common                       0x080013a5   Thumb Code    20  _printf_wchar.o(.text)
    _printf_wchar                            0x080013b9   Thumb Code    16  _printf_wchar.o(.text)
    _printf_wstring                          0x080013c9   Thumb Code     8  _printf_wchar.o(.text)
    _c16rtomb                                0x080013d1   Thumb Code    72  _c16rtomb.o(.text)
    _wcrtomb                                 0x080013d1   Thumb Code     0  _c16rtomb.o(.text)
    __rt_SIGABRT                             0x08001419   Thumb Code    14  defsig_abrt_outer.o(.text)
    __rt_SIGRTMEM                            0x08001427   Thumb Code    14  defsig_rtmem_outer.o(.text)
    __I$use$semihosting                      0x08001435   Thumb Code     0  use_no_semi.o(.text)
    __use_no_semihosting_swi                 0x08001435   Thumb Code     2  use_no_semi.o(.text)
    __semihosting_library_function           0x08001437   Thumb Code     0  indicate_semi.o(.text)
    __user_setup_stackheap                   0x08001437   Thumb Code    74  sys_stackheap_outer.o(.text)
    __rt_ctype_table                         0x08001481   Thumb Code    16  rt_ctype_table.o(.text)
    __rt_locale                              0x08001491   Thumb Code     8  rt_locale_intlibspace.o(.text)
    _printf_fp_infnan                        0x08001499   Thumb Code   112  _printf_fp_infnan.o(.text)
    _btod_etento                             0x08001519   Thumb Code   224  bigflt0.o(.text)
    exit                                     0x080015fd   Thumb Code    18  exit.o(.text)
    __sig_exit                               0x0800160f   Thumb Code    10  defsig_exit.o(.text)
    __rt_SIGABRT_inner                       0x08001619   Thumb Code    14  defsig_abrt_inner.o(.text)
    __rt_SIGRTMEM_inner                      0x08001649   Thumb Code    22  defsig_rtmem_inner.o(.text)
    __default_signal_display                 0x08001699   Thumb Code    50  defsig_general.o(.text)
    strcmp                                   0x080016d1   Thumb Code   124  strcmpv7em.o(.text)
    __aeabi_uldivmod                         0x0800174d   Thumb Code     0  lludivv7m.o(.text)
    _ll_udiv                                 0x0800174d   Thumb Code   240  lludivv7m.o(.text)
    __aeabi_memset                           0x0800183d   Thumb Code    16  aeabi_memset.o(.text)
    __aeabi_memclr                           0x0800184d   Thumb Code     0  rt_memclr.o(.text)
    __rt_memclr                              0x0800184d   Thumb Code     0  rt_memclr.o(.text)
    _memset                                  0x08001851   Thumb Code    64  rt_memclr.o(.text)
    __aeabi_memclr4                          0x08001891   Thumb Code     0  rt_memclr_w.o(.text)
    __aeabi_memclr8                          0x08001891   Thumb Code     0  rt_memclr_w.o(.text)
    __rt_memclr_w                            0x08001891   Thumb Code     0  rt_memclr_w.o(.text)
    _memset_w                                0x08001895   Thumb Code    74  rt_memclr_w.o(.text)
    __cpp_initialize__aeabi_                 0x080018e1   Thumb Code    36  init_aeabi.o(.text)
    BusFault_Handler                         0x080019bd   Thumb Code     2  lto-llvm-9927d7.o(.text.BusFault_Handler)
    DebugMon_Handler                         0x080019bf   Thumb Code     2  lto-llvm-9927d7.o(.text.DebugMon_Handler)
    HardFault_Handler                        0x08001a39   Thumb Code     2  lto-llvm-9927d7.o(.text.HardFault_Handler)
    MemManage_Handler                        0x08001bad   Thumb Code     2  lto-llvm-9927d7.o(.text.MemManage_Handler)
    NMI_Handler                              0x08001baf   Thumb Code     2  lto-llvm-9927d7.o(.text.NMI_Handler)
    PendSV_Handler                           0x08001bb1   Thumb Code     2  lto-llvm-9927d7.o(.text.PendSV_Handler)
    SVC_Handler                              0x08001bb3   Thumb Code     2  lto-llvm-9927d7.o(.text.SVC_Handler)
    $Super$$SysTick_Handler                  0x08001bb5   Thumb Code    30  lto-llvm-9927d7.o(.text.SysTick_Handler)
    SystemInit                               0x08001bd5   Thumb Code    92  lto-llvm-9927d7.o(.text.SystemInit)
    UsageFault_Handler                       0x08001c31   Thumb Code     2  lto-llvm-9927d7.o(.text.UsageFault_Handler)
    main                                     0x08006fbd   Thumb Code  5096  lto-llvm-9927d7.o(.text.main)
    perfc_port_insert_to_system_timer_insert_ovf_handler 0x08008411   Thumb Code   244  lto-llvm-9927d7.o(.text.perfc_port_insert_to_system_timer_insert_ovf_handler)
    _btod_d2e                                0x08008533   Thumb Code    62  btod.o(CL$$btod_d2e)
    _d2e_denorm_low                          0x08008571   Thumb Code    70  btod.o(CL$$btod_d2e_denorm_low)
    _d2e_norm_op1                            0x080085b7   Thumb Code    96  btod.o(CL$$btod_d2e_norm_op1)
    __btod_div_common                        0x08008619   Thumb Code   696  btod.o(CL$$btod_div_common)
    _e2e                                     0x08008951   Thumb Code   220  btod.o(CL$$btod_e2e)
    _btod_ediv                               0x08008a2d   Thumb Code    42  btod.o(CL$$btod_ediv)
    _btod_emul                               0x08008a57   Thumb Code    42  btod.o(CL$$btod_emul)
    __btod_mult_common                       0x08008a81   Thumb Code   580  btod.o(CL$$btod_mult_common)
    __ARM_fpclassify                         0x08008cc5   Thumb Code    40  fpclassify.o(i.__ARM_fpclassify)
    _is_digit                                0x08008ced   Thumb Code    14  __printf_wp.o(i._is_digit)
    lroundf                                  0x08008cfb   Thumb Code   146  lroundf.o(i.lroundf)
    _get_lc_numeric                          0x08008d8d   Thumb Code    44  lc_numeric_c.o(locale$$code)
    _get_lc_ctype                            0x08008db9   Thumb Code    44  lc_ctype_c.o(locale$$code)
    __aeabi_d2f                              0x08008de5   Thumb Code     0  d2f.o(x$fpl$d2f)
    _d2f                                     0x08008de5   Thumb Code    98  d2f.o(x$fpl$d2f)
    __aeabi_ddiv                             0x08008e49   Thumb Code     0  ddiv.o(x$fpl$ddiv)
    _ddiv                                    0x08008e49   Thumb Code   560  ddiv.o(x$fpl$ddiv)
    __aeabi_l2d                              0x08009101   Thumb Code     0  dfltll_clz.o(x$fpl$dfltll)
    _ll_sto_d                                0x08009101   Thumb Code   162  dfltll_clz.o(x$fpl$dfltll)
    __aeabi_ul2d                             0x080091a5   Thumb Code     0  dfltll_clz.o(x$fpl$dfltull)
    _ll_uto_d                                0x080091a5   Thumb Code   138  dfltll_clz.o(x$fpl$dfltull)
    __fpl_dnaninf                            0x0800922f   Thumb Code   156  dnaninf.o(x$fpl$dnaninf)
    __fpl_dretinf                            0x080092cb   Thumb Code    12  dretinf.o(x$fpl$dretinf)
    __aeabi_f2d                              0x080092d9   Thumb Code     0  f2d.o(x$fpl$f2d)
    _f2d                                     0x080092d9   Thumb Code    86  f2d.o(x$fpl$f2d)
    __aeabi_fadd                             0x08009331   Thumb Code     0  faddsub_clz.o(x$fpl$fadd)
    _fadd                                    0x08009331   Thumb Code   196  faddsub_clz.o(x$fpl$fadd)
    __aeabi_fcmpeq                           0x080093f5   Thumb Code     0  fcmp.o(x$fpl$fcmp)
    _feq                                     0x080093f5   Thumb Code    14  fcmp.o(x$fpl$fcmp)
    _fneq                                    0x08009403   Thumb Code    14  fcmp.o(x$fpl$fcmp)
    __aeabi_fcmpgt                           0x08009411   Thumb Code     0  fcmp.o(x$fpl$fcmp)
    _fgr                                     0x08009411   Thumb Code    14  fcmp.o(x$fpl$fcmp)
    __aeabi_fcmpge                           0x0800941f   Thumb Code     0  fcmp.o(x$fpl$fcmp)
    _fgeq                                    0x0800941f   Thumb Code    14  fcmp.o(x$fpl$fcmp)
    __aeabi_fcmple                           0x0800942d   Thumb Code     0  fcmp.o(x$fpl$fcmp)
    _fleq                                    0x0800942d   Thumb Code    14  fcmp.o(x$fpl$fcmp)
    __aeabi_fcmplt                           0x0800943b   Thumb Code     0  fcmp.o(x$fpl$fcmp)
    _fls                                     0x0800943b   Thumb Code    14  fcmp.o(x$fpl$fcmp)
    __fpl_fcmp_Inf                           0x08009449   Thumb Code    24  fcmpi.o(x$fpl$fcmpinf)
    __aeabi_fdiv                             0x08009461   Thumb Code     0  fdiv.o(x$fpl$fdiv)
    _fdiv                                    0x08009461   Thumb Code   384  fdiv.o(x$fpl$fdiv)
    __aeabi_cfcmpeq                          0x080095e5   Thumb Code     0  feqf.o(x$fpl$feqf)
    _fcmpeq                                  0x080095e5   Thumb Code   104  feqf.o(x$fpl$feqf)
    __aeabi_f2iz                             0x0800964d   Thumb Code     0  ffix.o(x$fpl$ffix)
    _ffix                                    0x0800964d   Thumb Code    54  ffix.o(x$fpl$ffix)
    _ffix_r                                  0x08009685   Thumb Code    82  ffix.o(x$fpl$ffixr)
    __aeabi_i2f                              0x080096d9   Thumb Code     0  fflt_clz.o(x$fpl$fflt)
    _fflt                                    0x080096d9   Thumb Code    48  fflt_clz.o(x$fpl$fflt)
    __aeabi_ui2f                             0x08009709   Thumb Code     0  fflt_clz.o(x$fpl$ffltu)
    _ffltu                                   0x08009709   Thumb Code    38  fflt_clz.o(x$fpl$ffltu)
    _fcmpge                                  0x08009731   Thumb Code   104  fgeqf.o(x$fpl$fgeqf)
    __aeabi_cfcmple                          0x08009799   Thumb Code     0  fleqf.o(x$fpl$fleqf)
    _fcmple                                  0x08009799   Thumb Code   104  fleqf.o(x$fpl$fleqf)
    __fpl_fcmple_InfNaN                      0x080097eb   Thumb Code     0  fleqf.o(x$fpl$fleqf)
    __aeabi_fmul                             0x08009801   Thumb Code     0  fmul.o(x$fpl$fmul)
    _fmul                                    0x08009801   Thumb Code   258  fmul.o(x$fpl$fmul)
    __fpl_fnaninf                            0x08009903   Thumb Code   140  fnaninf.o(x$fpl$fnaninf)
    __fpl_fretinf                            0x0800998f   Thumb Code    10  fretinf.o(x$fpl$fretinf)
    _frnd                                    0x08009999   Thumb Code    96  frnd.o(x$fpl$frnd)
    __aeabi_fsub                             0x080099f9   Thumb Code     0  faddsub_clz.o(x$fpl$fsub)
    _fsub                                    0x080099f9   Thumb Code   234  faddsub_clz.o(x$fpl$fsub)
    _printf_fp_dec                           0x08009ae3   Thumb Code     4  printf1.o(x$fpl$printf1)
    _printf_fp_hex                           0x08009ae7   Thumb Code     4  printf2.o(x$fpl$printf2)
    __I$use$fp                               0x08009aea   Number         0  usenofp.o(x$fpl$usenofp)
    Region$$Table$$Base                      0x0800b63c   Number         0  anon$$obj.o(Region$$Table)
    Region$$Table$$Limit                     0x0800b65c   Number         0  anon$$obj.o(Region$$Table)
    __ctype                                  0x0800b759   Data           0  lc_ctype_c.o(locale$$data)
    SHT$$INIT_ARRAY$$Base                    0x0800b85c   Number         0  lto-llvm-9927d7.o(.init_array)
    SHT$$INIT_ARRAY$$Limit                   0x0800b860   Number         0  init_aeabi.o(.init_array)
    __libspace_start                         0x200000f0   Data          96  libspace.o(.bss)
    __temporary_stack_top$libspace           0x20000150   Data           0  libspace.o(.bss)



==============================================================================

Memory Map of the image

  Image Entry point : 0x080000cd

  Load Region LR_IROM1 (Base: 0x08000000, Size: 0x0000b950, Max: 0x00010000, ABSOLUTE)

    Execution Region ER_IROM1 (Exec base: 0x08000000, Load base: 0x08000000, Size: 0x0000b860, Max: 0x00010000, ABSOLUTE)

    Exec Addr    Load Addr    Size         Type   Attr      Idx    E Section Name        Object

    0x08000000   0x08000000   0x000000cc   Data   RO           22    RESET               startup_at32f421.o
    0x080000cc   0x080000cc   0x00000008   Code   RO          247  * !!!main             c_w.l(__main.o)
    0x080000d4   0x080000d4   0x0000005c   Code   RO         1076    !!!scatter          c_w.l(__scatter.o)
    0x08000130   0x08000130   0x0000001a   Code   RO         1080    !!handler_copy      c_w.l(__scatter_copy.o)
    0x0800014a   0x0800014a   0x00000002   PAD
    0x0800014c   0x0800014c   0x00000002   Code   RO         1077    !!handler_null      c_w.l(__scatter.o)
    0x0800014e   0x0800014e   0x00000002   PAD
    0x08000150   0x08000150   0x0000001c   Code   RO         1082    !!handler_zi        c_w.l(__scatter_zi.o)
    0x0800016c   0x0800016c   0x00000000   Code   RO          401    .ARM.Collect$$_printf_percent$$00000000  c_w.l(_printf_percent.o)
    0x0800016c   0x0800016c   0x00000006   Code   RO          390    .ARM.Collect$$_printf_percent$$00000001  c_w.l(_printf_n.o)
    0x08000172   0x08000172   0x00000006   Code   RO          392    .ARM.Collect$$_printf_percent$$00000002  c_w.l(_printf_p.o)
    0x08000178   0x08000178   0x00000006   Code   RO          397    .ARM.Collect$$_printf_percent$$00000003  c_w.l(_printf_f.o)
    0x0800017e   0x0800017e   0x00000006   Code   RO          398    .ARM.Collect$$_printf_percent$$00000004  c_w.l(_printf_e.o)
    0x08000184   0x08000184   0x00000006   Code   RO          399    .ARM.Collect$$_printf_percent$$00000005  c_w.l(_printf_g.o)
    0x0800018a   0x0800018a   0x00000006   Code   RO          400    .ARM.Collect$$_printf_percent$$00000006  c_w.l(_printf_a.o)
    0x08000190   0x08000190   0x0000000a   Code   RO          405    .ARM.Collect$$_printf_percent$$00000007  c_w.l(_printf_ll.o)
    0x0800019a   0x0800019a   0x00000006   Code   RO          394    .ARM.Collect$$_printf_percent$$00000008  c_w.l(_printf_i.o)
    0x080001a0   0x080001a0   0x00000006   Code   RO          395    .ARM.Collect$$_printf_percent$$00000009  c_w.l(_printf_d.o)
    0x080001a6   0x080001a6   0x00000006   Code   RO          396    .ARM.Collect$$_printf_percent$$0000000A  c_w.l(_printf_u.o)
    0x080001ac   0x080001ac   0x00000006   Code   RO          393    .ARM.Collect$$_printf_percent$$0000000B  c_w.l(_printf_o.o)
    0x080001b2   0x080001b2   0x00000006   Code   RO          391    .ARM.Collect$$_printf_percent$$0000000C  c_w.l(_printf_x.o)
    0x080001b8   0x080001b8   0x00000006   Code   RO          402    .ARM.Collect$$_printf_percent$$0000000D  c_w.l(_printf_lli.o)
    0x080001be   0x080001be   0x00000006   Code   RO          403    .ARM.Collect$$_printf_percent$$0000000E  c_w.l(_printf_lld.o)
    0x080001c4   0x080001c4   0x00000006   Code   RO          404    .ARM.Collect$$_printf_percent$$0000000F  c_w.l(_printf_llu.o)
    0x080001ca   0x080001ca   0x00000006   Code   RO          409    .ARM.Collect$$_printf_percent$$00000010  c_w.l(_printf_llo.o)
    0x080001d0   0x080001d0   0x00000006   Code   RO          410    .ARM.Collect$$_printf_percent$$00000011  c_w.l(_printf_llx.o)
    0x080001d6   0x080001d6   0x0000000a   Code   RO          406    .ARM.Collect$$_printf_percent$$00000012  c_w.l(_printf_l.o)
    0x080001e0   0x080001e0   0x00000006   Code   RO          388    .ARM.Collect$$_printf_percent$$00000013  c_w.l(_printf_c.o)
    0x080001e6   0x080001e6   0x00000006   Code   RO          389    .ARM.Collect$$_printf_percent$$00000014  c_w.l(_printf_s.o)
    0x080001ec   0x080001ec   0x00000006   Code   RO          407    .ARM.Collect$$_printf_percent$$00000015  c_w.l(_printf_lc.o)
    0x080001f2   0x080001f2   0x00000006   Code   RO          408    .ARM.Collect$$_printf_percent$$00000016  c_w.l(_printf_ls.o)
    0x080001f8   0x080001f8   0x00000004   Code   RO          634    .ARM.Collect$$_printf_percent$$00000017  c_w.l(_printf_percent_end.o)
    0x080001fc   0x080001fc   0x00000002   Code   RO          731    .ARM.Collect$$libinit$$00000000  c_w.l(libinit.o)
    0x080001fe   0x080001fe   0x00000000   Code   RO          420    .ARM.Collect$$libinit$$00000002  c_w.l(libinit2.o)
    0x080001fe   0x080001fe   0x00000000   Code   RO          422    .ARM.Collect$$libinit$$00000004  c_w.l(libinit2.o)
    0x080001fe   0x080001fe   0x00000000   Code   RO          424    .ARM.Collect$$libinit$$00000006  c_w.l(libinit2.o)
    0x080001fe   0x080001fe   0x00000008   Code   RO          425    .ARM.Collect$$libinit$$00000007  c_w.l(libinit2.o)
    0x08000206   0x08000206   0x00000000   Code   RO          427    .ARM.Collect$$libinit$$0000000C  c_w.l(libinit2.o)
    0x08000206   0x08000206   0x00000000   Code   RO          429    .ARM.Collect$$libinit$$0000000E  c_w.l(libinit2.o)
    0x08000206   0x08000206   0x00000000   Code   RO          431    .ARM.Collect$$libinit$$00000010  c_w.l(libinit2.o)
    0x08000206   0x08000206   0x00000006   Code   RO          432    .ARM.Collect$$libinit$$00000011  c_w.l(libinit2.o)
    0x0800020c   0x0800020c   0x00000000   Code   RO          434    .ARM.Collect$$libinit$$00000013  c_w.l(libinit2.o)
    0x0800020c   0x0800020c   0x0000000c   Code   RO          435    .ARM.Collect$$libinit$$00000014  c_w.l(libinit2.o)
    0x08000218   0x08000218   0x00000000   Code   RO          436    .ARM.Collect$$libinit$$00000015  c_w.l(libinit2.o)
    0x08000218   0x08000218   0x00000000   Code   RO          438    .ARM.Collect$$libinit$$00000017  c_w.l(libinit2.o)
    0x08000218   0x08000218   0x0000000a   Code   RO          439    .ARM.Collect$$libinit$$00000018  c_w.l(libinit2.o)
    0x08000222   0x08000222   0x00000000   Code   RO          440    .ARM.Collect$$libinit$$00000019  c_w.l(libinit2.o)
    0x08000222   0x08000222   0x00000000   Code   RO          442    .ARM.Collect$$libinit$$0000001B  c_w.l(libinit2.o)
    0x08000222   0x08000222   0x00000000   Code   RO          444    .ARM.Collect$$libinit$$0000001D  c_w.l(libinit2.o)
    0x08000222   0x08000222   0x00000000   Code   RO          446    .ARM.Collect$$libinit$$0000001F  c_w.l(libinit2.o)
    0x08000222   0x08000222   0x00000000   Code   RO          448    .ARM.Collect$$libinit$$00000021  c_w.l(libinit2.o)
    0x08000222   0x08000222   0x00000000   Code   RO          450    .ARM.Collect$$libinit$$00000023  c_w.l(libinit2.o)
    0x08000222   0x08000222   0x00000000   Code   RO          452    .ARM.Collect$$libinit$$00000025  c_w.l(libinit2.o)
    0x08000222   0x08000222   0x00000000   Code   RO          454    .ARM.Collect$$libinit$$00000027  c_w.l(libinit2.o)
    0x08000222   0x08000222   0x00000000   Code   RO          458    .ARM.Collect$$libinit$$0000002E  c_w.l(libinit2.o)
    0x08000222   0x08000222   0x00000000   Code   RO          460    .ARM.Collect$$libinit$$00000030  c_w.l(libinit2.o)
    0x08000222   0x08000222   0x00000000   Code   RO          462    .ARM.Collect$$libinit$$00000032  c_w.l(libinit2.o)
    0x08000222   0x08000222   0x00000004   Code   RO          463    .ARM.Collect$$libinit$$00000033  c_w.l(libinit2.o)
    0x08000226   0x08000226   0x00000000   Code   RO          464    .ARM.Collect$$libinit$$00000034  c_w.l(libinit2.o)
    0x08000226   0x08000226   0x00000002   Code   RO          465    .ARM.Collect$$libinit$$00000035  c_w.l(libinit2.o)
    0x08000228   0x08000228   0x00000002   Code   RO          796    .ARM.Collect$$libshutdown$$00000000  c_w.l(libshutdown.o)
    0x0800022a   0x0800022a   0x00000000   Code   RO          752    .ARM.Collect$$libshutdown$$00000002  c_w.l(libshutdown2.o)
    0x0800022a   0x0800022a   0x00000000   Code   RO          754    .ARM.Collect$$libshutdown$$00000004  c_w.l(libshutdown2.o)
    0x0800022a   0x0800022a   0x00000000   Code   RO          757    .ARM.Collect$$libshutdown$$00000007  c_w.l(libshutdown2.o)
    0x0800022a   0x0800022a   0x00000000   Code   RO          760    .ARM.Collect$$libshutdown$$0000000A  c_w.l(libshutdown2.o)
    0x0800022a   0x0800022a   0x00000000   Code   RO          762    .ARM.Collect$$libshutdown$$0000000C  c_w.l(libshutdown2.o)
    0x0800022a   0x0800022a   0x00000000   Code   RO          765    .ARM.Collect$$libshutdown$$0000000F  c_w.l(libshutdown2.o)
    0x0800022a   0x0800022a   0x00000002   Code   RO          766    .ARM.Collect$$libshutdown$$00000010  c_w.l(libshutdown2.o)
    0x0800022c   0x0800022c   0x00000000   Code   RO          294    .ARM.Collect$$rtentry$$00000000  c_w.l(__rtentry.o)
    0x0800022c   0x0800022c   0x00000000   Code   RO          590    .ARM.Collect$$rtentry$$00000002  c_w.l(__rtentry2.o)
    0x0800022c   0x0800022c   0x00000006   Code   RO          602    .ARM.Collect$$rtentry$$00000004  c_w.l(__rtentry4.o)
    0x08000232   0x08000232   0x00000000   Code   RO          592    .ARM.Collect$$rtentry$$00000009  c_w.l(__rtentry2.o)
    0x08000232   0x08000232   0x00000004   Code   RO          593    .ARM.Collect$$rtentry$$0000000A  c_w.l(__rtentry2.o)
    0x08000236   0x08000236   0x00000000   Code   RO          595    .ARM.Collect$$rtentry$$0000000C  c_w.l(__rtentry2.o)
    0x08000236   0x08000236   0x00000008   Code   RO          596    .ARM.Collect$$rtentry$$0000000D  c_w.l(__rtentry2.o)
    0x0800023e   0x0800023e   0x00000002   Code   RO          734    .ARM.Collect$$rtexit$$00000000  c_w.l(rtexit.o)
    0x08000240   0x08000240   0x00000000   Code   RO          770    .ARM.Collect$$rtexit$$00000002  c_w.l(rtexit2.o)
    0x08000240   0x08000240   0x00000004   Code   RO          771    .ARM.Collect$$rtexit$$00000003  c_w.l(rtexit2.o)
    0x08000244   0x08000244   0x00000006   Code   RO          772    .ARM.Collect$$rtexit$$00000004  c_w.l(rtexit2.o)
    0x0800024a   0x0800024a   0x00000002   PAD
    0x0800024c   0x0800024c   0x00000040   Code   RO           23    .text               startup_at32f421.o
    0x0800028c   0x0800028c   0x0000001c   Code   RO          165    .text               systick_wrapper_gnu.o
    0x080002a8   0x080002a8   0x0000005e   Code   RO          176    .text               c_w.l(h1_alloc.o)
    0x08000306   0x08000306   0x0000004e   Code   RO          178    .text               c_w.l(h1_free.o)
    0x08000354   0x08000354   0x0000003c   Code   RO          234    .text               c_w.l(vsnprintf.o)
    0x08000390   0x08000390   0x00000080   Code   RO          241    .text               c_w.l(assert.o)
    0x08000410   0x08000410   0x00000006   Code   RO          245    .text               c_w.l(heapauxi.o)
    0x08000416   0x08000416   0x00000002   PAD
    0x08000418   0x08000418   0x00000008   Code   RO          298    .text               c_w.l(rt_heap_descriptor_intlibspace.o)
    0x08000420   0x08000420   0x00000004   Code   RO          300    .text               c_w.l(hguard.o)
    0x08000424   0x08000424   0x0000008a   Code   RO          302    .text               c_w.l(init_alloc.o)
    0x080004ae   0x080004ae   0x0000000c   Code   RO          306    .text               c_w.l(h1_init.o)
    0x080004ba   0x080004ba   0x00000016   Code   RO          318    .text               c_w.l(_rserrno.o)
    0x080004d0   0x080004d0   0x0000004e   Code   RO          322    .text               c_w.l(_printf_pad.o)
    0x0800051e   0x0800051e   0x00000024   Code   RO          324    .text               c_w.l(_printf_truncate.o)
    0x08000542   0x08000542   0x00000052   Code   RO          326    .text               c_w.l(_printf_str.o)
    0x08000594   0x08000594   0x00000078   Code   RO          328    .text               c_w.l(_printf_dec.o)
    0x0800060c   0x0800060c   0x00000028   Code   RO          330    .text               c_w.l(_printf_charcount.o)
    0x08000634   0x08000634   0x00000030   Code   RO          332    .text               c_w.l(_printf_char_common.o)
    0x08000664   0x08000664   0x00000010   Code   RO          334    .text               c_w.l(_snputc.o)
    0x08000674   0x08000674   0x000000bc   Code   RO          336    .text               c_w.l(_printf_wctomb.o)
    0x08000730   0x08000730   0x0000007c   Code   RO          339    .text               c_w.l(_printf_longlong_dec.o)
    0x080007ac   0x080007ac   0x00000070   Code   RO          345    .text               c_w.l(_printf_oct_int_ll.o)
    0x0800081c   0x0800081c   0x00000094   Code   RO          365    .text               c_w.l(_printf_hex_int_ll_ptr.o)
    0x080008b0   0x080008b0   0x00000188   Code   RO          385    .text               c_w.l(__printf_flags_ss_wp.o)
    0x08000a38   0x08000a38   0x00000016   Code   RO          411    .text               c_w.l(abort.o)
    0x08000a4e   0x08000a4e   0x00000014   Code   RO          413    .text               c_w.l(assert_puts.o)
    0x08000a62   0x08000a62   0x00000064   Code   RO          415    .text               c_w.l(rt_memcpy_w.o)
    0x08000ac6   0x08000ac6   0x0000000e   Code   RO          574    .text               c_w.l(sys_wrch.o)
    0x08000ad4   0x08000ad4   0x0000000c   Code   RO          578    .text               c_w.l(sys_exit.o)
    0x08000ae0   0x08000ae0   0x00000008   Code   RO          586    .text               c_w.l(libspace.o)
    0x08000ae8   0x08000ae8   0x00000008   Code   RO          607    .text               c_w.l(rt_errno_addr_intlibspace.o)
    0x08000af0   0x08000af0   0x00000000   Code   RO          611    .text               c_w.l(maybetermalloc1.o)
    0x08000af0   0x08000af0   0x00000034   Code   RO          613    .text               c_w.l(h1_extend.o)
    0x08000b24   0x08000b24   0x0000008a   Code   RO          617    .text               c_w.l(lludiv10.o)
    0x08000bae   0x08000bae   0x000000b2   Code   RO          619    .text               c_w.l(_printf_intcommon.o)
    0x08000c60   0x08000c60   0x0000041c   Code   RO          621    .text               c_w.l(_printf_fp_dec.o)
    0x0800107c   0x0800107c   0x000002fc   Code   RO          625    .text               c_w.l(_printf_fp_hex.o)
    0x08001378   0x08001378   0x0000002c   Code   RO          630    .text               c_w.l(_printf_char.o)
    0x080013a4   0x080013a4   0x0000002c   Code   RO          632    .text               c_w.l(_printf_wchar.o)
    0x080013d0   0x080013d0   0x00000048   Code   RO          635    .text               c_w.l(_c16rtomb.o)
    0x08001418   0x08001418   0x0000000e   Code   RO          637    .text               c_w.l(defsig_abrt_outer.o)
    0x08001426   0x08001426   0x0000000e   Code   RO          641    .text               c_w.l(defsig_rtmem_outer.o)
    0x08001434   0x08001434   0x00000002   Code   RO          666    .text               c_w.l(use_no_semi.o)
    0x08001436   0x08001436   0x00000000   Code   RO          668    .text               c_w.l(indicate_semi.o)
    0x08001436   0x08001436   0x0000004a   Code   RO          669    .text               c_w.l(sys_stackheap_outer.o)
    0x08001480   0x08001480   0x00000010   Code   RO          671    .text               c_w.l(rt_ctype_table.o)
    0x08001490   0x08001490   0x00000008   Code   RO          678    .text               c_w.l(rt_locale_intlibspace.o)
    0x08001498   0x08001498   0x00000080   Code   RO          682    .text               c_w.l(_printf_fp_infnan.o)
    0x08001518   0x08001518   0x000000e4   Code   RO          684    .text               c_w.l(bigflt0.o)
    0x080015fc   0x080015fc   0x00000012   Code   RO          714    .text               c_w.l(exit.o)
    0x0800160e   0x0800160e   0x0000000a   Code   RO          716    .text               c_w.l(defsig_exit.o)
    0x08001618   0x08001618   0x00000030   Code   RO          718    .text               c_w.l(defsig_abrt_inner.o)
    0x08001648   0x08001648   0x00000050   Code   RO          720    .text               c_w.l(defsig_rtmem_inner.o)
    0x08001698   0x08001698   0x00000032   Code   RO          747    .text               c_w.l(defsig_general.o)
    0x080016ca   0x080016ca   0x00000006   PAD
    0x080016d0   0x080016d0   0x0000007c   Code   RO          749    .text               c_w.l(strcmpv7em.o)
    0x0800174c   0x0800174c   0x000000f0   Code   RO         1028    .text               c_w.l(lludivv7m.o)
    0x0800183c   0x0800183c   0x00000010   Code   RO         1030    .text               c_w.l(aeabi_memset.o)
    0x0800184c   0x0800184c   0x00000044   Code   RO         1032    .text               c_w.l(rt_memclr.o)
    0x08001890   0x08001890   0x0000004e   Code   RO         1034    .text               c_w.l(rt_memclr_w.o)
    0x080018de   0x080018de   0x00000002   PAD
    0x080018e0   0x080018e0   0x0000002c   Code   RO         1039    .text               c_w.l(init_aeabi.o)
    0x0800190c   0x0800190c   0x000000b0   Code   RO          836    .text.ARM_2D_A1_FONT_GET_CHAR_DESCRIPTOR_HANDLER  lto-llvm-9927d7.o
    0x080019bc   0x080019bc   0x00000002   Code   RO          804    .text.BusFault_Handler  lto-llvm-9927d7.o
    0x080019be   0x080019be   0x00000002   Code   RO          810    .text.DebugMon_Handler  lto-llvm-9927d7.o
    0x080019c0   0x080019c0   0x00000076   Code   RO          818    .text.Disp0_DrawBitmap  lto-llvm-9927d7.o
    0x08001a36   0x08001a36   0x00000002   PAD
    0x08001a38   0x08001a38   0x00000002   Code   RO          800    .text.HardFault_Handler  lto-llvm-9927d7.o
    0x08001a3a   0x08001a3a   0x00000120   Code   RO          828    .text.LCD_Address_Set  lto-llvm-9927d7.o
    0x08001b5a   0x08001b5a   0x00000050   Code   RO          826    .text.LCD_RD_DATA   lto-llvm-9927d7.o
    0x08001baa   0x08001baa   0x00000002   PAD
    0x08001bac   0x08001bac   0x00000002   Code   RO          802    .text.MemManage_Handler  lto-llvm-9927d7.o
    0x08001bae   0x08001bae   0x00000002   Code   RO          798    .text.NMI_Handler   lto-llvm-9927d7.o
    0x08001bb0   0x08001bb0   0x00000002   Code   RO          812    .text.PendSV_Handler  lto-llvm-9927d7.o
    0x08001bb2   0x08001bb2   0x00000002   Code   RO          808    .text.SVC_Handler   lto-llvm-9927d7.o
    0x08001bb4   0x08001bb4   0x0000001e   Code   RO          814    .text.SysTick_Handler  lto-llvm-9927d7.o
    0x08001bd2   0x08001bd2   0x00000002   PAD
    0x08001bd4   0x08001bd4   0x0000005c   Code   RO          824    .text.SystemInit    lto-llvm-9927d7.o
    0x08001c30   0x08001c30   0x00000002   Code   RO          806    .text.UsageFault_Handler  lto-llvm-9927d7.o
    0x08001c32   0x08001c32   0x00000002   PAD
    0x08001c34   0x08001c34   0x000000a4   Code   RO          882    .text.__arm_2d_c8bit_sw_colour_filling  lto-llvm-9927d7.o
    0x08001cd8   0x08001cd8   0x00000084   Code   RO          848    .text.__arm_2d_helper_dirty_region_pool_free  lto-llvm-9927d7.o
    0x08001d5c   0x08001d5c   0x000000ec   Code   RO          858    .text.__arm_2d_helper_dirty_region_pool_new  lto-llvm-9927d7.o
    0x08001e48   0x08001e48   0x0000002a   Code   RO          846    .text.__arm_2d_helper_pfb_free  lto-llvm-9927d7.o
    0x08001e72   0x08001e72   0x000000ba   Code   RO          856    .text.__arm_2d_helper_pfb_get_next_dirty_region  lto-llvm-9927d7.o
    0x08001f2c   0x08001f2c   0x0000003a   Code   RO          844    .text.__arm_2d_helper_pfb_new  lto-llvm-9927d7.o
    0x08001f66   0x08001f66   0x00000088   Code   RO          852    .text.__arm_2d_helper_pfb_report_rendering_complete  lto-llvm-9927d7.o
    0x08001fee   0x08001fee   0x00000002   PAD
    0x08001ff0   0x08001ff0   0x00000078   Code   RO          880    .text.__arm_2d_impl_rgb16_draw_pattern_fg_only  lto-llvm-9927d7.o
    0x08002068   0x08002068   0x0000007a   Code   RO          906    .text.__arm_2d_issue_sub_task_copy  lto-llvm-9927d7.o
    0x080020e2   0x080020e2   0x00000090   Code   RO          910    .text.__arm_2d_issue_sub_task_copy_origin  lto-llvm-9927d7.o
    0x08002172   0x08002172   0x000000fe   Code   RO          912    .text.__arm_2d_issue_sub_task_copy_origin_masks  lto-llvm-9927d7.o
    0x08002270   0x08002270   0x000000d0   Code   RO          908    .text.__arm_2d_issue_sub_task_copy_with_mask  lto-llvm-9927d7.o
    0x08002340   0x08002340   0x00000070   Code   RO          902    .text.__arm_2d_issue_sub_task_fill  lto-llvm-9927d7.o
    0x080023b0   0x080023b0   0x000000cc   Code   RO          904    .text.__arm_2d_issue_sub_task_fill_with_mask  lto-llvm-9927d7.o
    0x0800247c   0x0800247c   0x00000070   Code   RO          900    .text.__arm_2d_issue_sub_task_tile_mask_process  lto-llvm-9927d7.o
    0x080024ec   0x080024ec   0x0000053c   Code   RO          840    .text.__arm_2d_lcd_text_default_a1_font_draw_char  lto-llvm-9927d7.o
    0x08002a28   0x08002a28   0x00000474   Code   RO          934    .text.__arm_2d_op_invoke  lto-llvm-9927d7.o
    0x08002e9c   0x08002e9c   0x00000744   Code   RO          928    .text.__arm_2d_region_calculator  lto-llvm-9927d7.o
    0x080035e0   0x080035e0   0x00000072   Code   RO          884    .text.__arm_2d_rgb16_sw_colour_filling  lto-llvm-9927d7.o
    0x08003652   0x08003652   0x00000002   PAD
    0x08003654   0x08003654   0x00000258   Code   RO          878    .text.__arm_2d_rgb16_sw_draw_pattern  lto-llvm-9927d7.o
    0x080038ac   0x080038ac   0x000000ac   Code   RO          886    .text.__arm_2d_rgb32_sw_colour_filling  lto-llvm-9927d7.o
    0x08003958   0x08003958   0x000001a0   Code   RO          870    .text.__arm_2d_rgb565_sw_colour_filling_with_a1_mask_and_opacity  lto-llvm-9927d7.o
    0x08003af8   0x08003af8   0x00000258   Code   RO          872    .text.__arm_2d_rgb565_sw_colour_filling_with_mask_and_opacity  lto-llvm-9927d7.o
    0x08003d50   0x08003d50   0x000004da   Code   RO          888    .text.__arm_2d_rgb565_sw_colour_filling_with_mask_opacity_and_transform  lto-llvm-9927d7.o
    0x0800422a   0x0800422a   0x00000002   PAD
    0x0800422c   0x0800422c   0x00000158   Code   RO          868    .text.__arm_2d_rgb565_sw_colour_filling_with_opacity  lto-llvm-9927d7.o
    0x08004384   0x08004384   0x000000cc   Code   RO          930    .text.__arm_2d_source_side_tile_mirror_preprocess  lto-llvm-9927d7.o
    0x08004450   0x08004450   0x0000007a   Code   RO          892    .text.__arm_2d_sub_task_depose  lto-llvm-9927d7.o
    0x080044ca   0x080044ca   0x00000002   PAD
    0x080044cc   0x080044cc   0x000000d6   Code   RO          896    .text.__arm_2d_tile_get_1st_derived_child_or_root  lto-llvm-9927d7.o
    0x080045a2   0x080045a2   0x00000002   PAD
    0x080045a4   0x080045a4   0x000000c2   Code   RO          916    .text.__arm_2d_tile_get_virtual_screen_or_root  lto-llvm-9927d7.o
    0x08004666   0x08004666   0x000000ee   Code   RO          914    .text.__arm_2d_tile_region_caculator  lto-llvm-9927d7.o
    0x08004754   0x08004754   0x000000fa   Code   RO          890    .text.__arm_2d_transform_point  lto-llvm-9927d7.o
    0x0800484e   0x0800484e   0x00000046   Code   RO          936    .text.__arm_2d_valid_mask  lto-llvm-9927d7.o
    0x08004894   0x08004894   0x00000040   Code   RO          838    .text.__arm_lcd_get_char_advance  lto-llvm-9927d7.o
    0x080048d4   0x080048d4   0x0000004c   Code   RO          924    .text.__clip_asset_tile  lto-llvm-9927d7.o
    0x08004920   0x08004920   0x00000038   Code   RO          894    .text.__depose_virtual_resource  lto-llvm-9927d7.o
    0x08004958   0x08004958   0x00000150   Code   RO          942    .text.__disp_adapter0_draw_navigation  lto-llvm-9927d7.o
    0x08004aa8   0x08004aa8   0x0000002e   Code   RO          944    .text.__disp_adapter0_pfb_render_handler  lto-llvm-9927d7.o
    0x08004ad6   0x08004ad6   0x00000078   Code   RO          932    .text.__load_virtual_resource  lto-llvm-9927d7.o
    0x08004b4e   0x08004b4e   0x00000100   Code   RO          952    .text.__on_each_frame_complete  lto-llvm-9927d7.o
    0x08004c4e   0x08004c4e   0x00000002   Code   RO          950    .text.__on_frame_complete  lto-llvm-9927d7.o
    0x08004c50   0x08004c50   0x00000002   Code   RO          948    .text.__on_frame_start  lto-llvm-9927d7.o
    0x08004c52   0x08004c52   0x00000004   Code   RO          958    .text.__perf_counter_init  lto-llvm-9927d7.o
    0x08004c56   0x08004c56   0x00000002   PAD
    0x08004c58   0x08004c58   0x00000346   Code   RO          946    .text.__pfb_draw_handler  lto-llvm-9927d7.o
    0x08004f9e   0x08004f9e   0x00000008   Code   RO          866    .text.__pfb_draw_scene_background_handler  lto-llvm-9927d7.o
    0x08004fa6   0x08004fa6   0x00000002   PAD
    0x08004fa8   0x08004fa8   0x00000142   Code   RO          864    .text.__pfb_draw_scene_handler  lto-llvm-9927d7.o
    0x080050ea   0x080050ea   0x000000c0   Code   RO          920    .text.__tile_clipped_pave  lto-llvm-9927d7.o
    0x080051aa   0x080051aa   0x0000005c   Code   RO          922    .text.__tile_non_negtive_location_pave  lto-llvm-9927d7.o
    0x08005206   0x08005206   0x00000002   PAD
    0x08005208   0x08005208   0x00000048   Code   RO          926    .text.arm_2d_get_absolute_location  lto-llvm-9927d7.o
    0x08005250   0x08005250   0x00000036   Code   RO          860    .text.arm_2d_helper_dirty_region_depose  lto-llvm-9927d7.o
    0x08005286   0x08005286   0x000000b8   Code   RO          834    .text.arm_2d_helper_draw_box  lto-llvm-9927d7.o
    0x0800533e   0x0800533e   0x00000002   PAD
    0x08005340   0x08005340   0x000000e4   Code   RO          832    .text.arm_2d_helper_init  lto-llvm-9927d7.o
    0x08005424   0x08005424   0x00000058   Code   RO          850    .text.arm_2d_helper_pfb_flush  lto-llvm-9927d7.o
    0x0800547c   0x0800547c   0x0000003c   Code   RO          862    .text.arm_2d_helper_pfb_is_region_being_drawing  lto-llvm-9927d7.o
    0x080054b8   0x080054b8   0x00001120   Code   RO          854    .text.arm_2d_helper_pfb_task  lto-llvm-9927d7.o
    0x080065d8   0x080065d8   0x0000003e   Code   RO          940    .text.arm_2d_is_point_inside_region  lto-llvm-9927d7.o
    0x08006616   0x08006616   0x00000092   Code   RO          938    .text.arm_2d_region_get_minimal_enclosure  lto-llvm-9927d7.o
    0x080066a8   0x080066a8   0x00000092   Code   RO          898    .text.arm_2d_region_intersect  lto-llvm-9927d7.o
    0x0800673a   0x0800673a   0x00000054   Code   RO          918    .text.arm_2d_tile_generate_child  lto-llvm-9927d7.o
    0x0800678e   0x0800678e   0x00000074   Code   RO          876    .text.arm_2dp_rgb565_fill_colour_with_mask_and_opacity  lto-llvm-9927d7.o
    0x08006802   0x08006802   0x0000005a   Code   RO          874    .text.arm_2dp_rgb565_fill_colour_with_opacity  lto-llvm-9927d7.o
    0x0800685c   0x0800685c   0x000000ac   Code   RO          954    .text.arm_cos_f32   lto-llvm-9927d7.o
    0x08006908   0x08006908   0x0000034c   Code   RO          842    .text.arm_lcd_printf  lto-llvm-9927d7.o
    0x08006c54   0x08006c54   0x000000a4   Code   RO          956    .text.arm_sin_f32   lto-llvm-9927d7.o
    0x08006cf8   0x08006cf8   0x00000108   Code   RO          820    .text.crm_clocks_freq_get  lto-llvm-9927d7.o
    0x08006e00   0x08006e00   0x00000070   Code   RO          962    .text.get_system_ticks  lto-llvm-9927d7.o
    0x08006e70   0x08006e70   0x00000074   Code   RO          822    .text.gpio_init     lto-llvm-9927d7.o
    0x08006ee4   0x08006ee4   0x000000d6   Code   RO          960    .text.init_cycle_counter  lto-llvm-9927d7.o
    0x08006fba   0x08006fba   0x00000002   PAD
    0x08006fbc   0x08006fbc   0x00001454   Code   RO          816    .text.main          lto-llvm-9927d7.o
    0x08008410   0x08008410   0x000000f4   Code   RO          964    .text.perfc_port_insert_to_system_timer_insert_ovf_handler  lto-llvm-9927d7.o
    0x08008504   0x08008504   0x0000002e   Code   RO          830    .text.spi_byte_write  lto-llvm-9927d7.o
    0x08008532   0x08008532   0x0000003e   Code   RO          687    CL$$btod_d2e        c_w.l(btod.o)
    0x08008570   0x08008570   0x00000046   Code   RO          689    CL$$btod_d2e_denorm_low  c_w.l(btod.o)
    0x080085b6   0x080085b6   0x00000060   Code   RO          688    CL$$btod_d2e_norm_op1  c_w.l(btod.o)
    0x08008616   0x08008616   0x00000002   PAD
    0x08008618   0x08008618   0x00000338   Code   RO          697    CL$$btod_div_common  c_w.l(btod.o)
    0x08008950   0x08008950   0x000000dc   Code   RO          694    CL$$btod_e2e        c_w.l(btod.o)
    0x08008a2c   0x08008a2c   0x0000002a   Code   RO          691    CL$$btod_ediv       c_w.l(btod.o)
    0x08008a56   0x08008a56   0x0000002a   Code   RO          690    CL$$btod_emul       c_w.l(btod.o)
    0x08008a80   0x08008a80   0x00000244   Code   RO          696    CL$$btod_mult_common  c_w.l(btod.o)
    0x08008cc4   0x08008cc4   0x00000028   Code   RO          553    i.__ARM_fpclassify  m_ws.l(fpclassify.o)
    0x08008cec   0x08008cec   0x0000000e   Code   RO          378    i._is_digit         c_w.l(__printf_wp.o)
    0x08008cfa   0x08008cfa   0x00000092   Code   RO          290    i.lroundf           m_ws.l(lroundf.o)
    0x08008d8c   0x08008d8c   0x0000002c   Code   RO          712    locale$$code        c_w.l(lc_numeric_c.o)
    0x08008db8   0x08008db8   0x0000002c   Code   RO          743    locale$$code        c_w.l(lc_ctype_c.o)
    0x08008de4   0x08008de4   0x00000062   Code   RO         1042    x$fpl$d2f           fz_ws.l(d2f.o)
    0x08008e46   0x08008e46   0x00000002   PAD
    0x08008e48   0x08008e48   0x000002b8   Code   RO          473    x$fpl$ddiv          fz_ws.l(ddiv.o)
    0x08009100   0x08009100   0x000000a2   Code   RO         1044    x$fpl$dfltll        fz_ws.l(dfltll_clz.o)
    0x080091a2   0x080091a2   0x00000002   PAD
    0x080091a4   0x080091a4   0x0000008a   Code   RO         1045    x$fpl$dfltull       fz_ws.l(dfltll_clz.o)
    0x0800922e   0x0800922e   0x0000009c   Code   RO          654    x$fpl$dnaninf       fz_ws.l(dnaninf.o)
    0x080092ca   0x080092ca   0x0000000c   Code   RO          656    x$fpl$dretinf       fz_ws.l(dretinf.o)
    0x080092d6   0x080092d6   0x00000002   PAD
    0x080092d8   0x080092d8   0x00000056   Code   RO         1048    x$fpl$f2d           fz_ws.l(f2d.o)
    0x0800932e   0x0800932e   0x00000002   PAD
    0x08009330   0x08009330   0x000000c4   Code   RO          496    x$fpl$fadd          fz_ws.l(faddsub_clz.o)
    0x080093f4   0x080093f4   0x00000054   Code   RO         1050    x$fpl$fcmp          fz_ws.l(fcmp.o)
    0x08009448   0x08009448   0x00000018   Code   RO         1068    x$fpl$fcmpinf       fz_ws.l(fcmpi.o)
    0x08009460   0x08009460   0x00000184   Code   RO          503    x$fpl$fdiv          fz_ws.l(fdiv.o)
    0x080095e4   0x080095e4   0x00000068   Code   RO         1060    x$fpl$feqf          fz_ws.l(feqf.o)
    0x0800964c   0x0800964c   0x00000036   Code   RO          506    x$fpl$ffix          fz_ws.l(ffix.o)
    0x08009682   0x08009682   0x00000002   PAD
    0x08009684   0x08009684   0x00000052   Code   RO          507    x$fpl$ffixr         fz_ws.l(ffix.o)
    0x080096d6   0x080096d6   0x00000002   PAD
    0x080096d8   0x080096d8   0x00000030   Code   RO          511    x$fpl$fflt          fz_ws.l(fflt_clz.o)
    0x08009708   0x08009708   0x00000026   Code   RO          510    x$fpl$ffltu         fz_ws.l(fflt_clz.o)
    0x0800972e   0x0800972e   0x00000002   PAD
    0x08009730   0x08009730   0x00000068   Code   RO         1062    x$fpl$fgeqf         fz_ws.l(fgeqf.o)
    0x08009798   0x08009798   0x00000068   Code   RO         1064    x$fpl$fleqf         fz_ws.l(fleqf.o)
    0x08009800   0x08009800   0x00000102   Code   RO          516    x$fpl$fmul          fz_ws.l(fmul.o)
    0x08009902   0x08009902   0x0000008c   Code   RO          660    x$fpl$fnaninf       fz_ws.l(fnaninf.o)
    0x0800998e   0x0800998e   0x0000000a   Code   RO          664    x$fpl$fretinf       fz_ws.l(fretinf.o)
    0x08009998   0x08009998   0x00000060   Code   RO          520    x$fpl$frnd          fz_ws.l(frnd.o)
    0x080099f8   0x080099f8   0x000000ea   Code   RO          498    x$fpl$fsub          fz_ws.l(faddsub_clz.o)
    0x08009ae2   0x08009ae2   0x00000004   Code   RO          526    x$fpl$printf1       fz_ws.l(printf1.o)
    0x08009ae6   0x08009ae6   0x00000004   Code   RO          528    x$fpl$printf2       fz_ws.l(printf2.o)
    0x08009aea   0x08009aea   0x00000000   Code   RO          538    x$fpl$usenofp       fz_ws.l(usenofp.o)
    0x08009aea   0x08009aea   0x00000002   PAD
    0x08009aec   0x08009aec   0x00000008   Data   RO          337    .constdata          c_w.l(_printf_wctomb.o)
    0x08009af4   0x08009af4   0x00000028   Data   RO          366    .constdata          c_w.l(_printf_hex_int_ll_ptr.o)
    0x08009b1c   0x08009b1c   0x00000011   Data   RO          386    .constdata          c_w.l(__printf_flags_ss_wp.o)
    0x08009b2d   0x08009b2d   0x00000026   Data   RO          626    .constdata          c_w.l(_printf_fp_hex.o)
    0x08009b53   0x08009b53   0x00000001   PAD
    0x08009b54   0x08009b54   0x00000094   Data   RO          685    .constdata          c_w.l(bigflt0.o)
    0x08009be8   0x08009be8   0x00000054   Data   RO         1003    .rodata..L__const.__user_scene_player_init.tCFG  lto-llvm-9927d7.o
    0x08009c3c   0x08009c3c   0x00000024   Data   RO          999    .rodata.ARM_2D_FONT_6x8  lto-llvm-9927d7.o
    0x08009c60   0x08009c60   0x00000010   Data   RO          992    .rodata.ARM_2D_OP_DRAW_PATTERN_RGB16  lto-llvm-9927d7.o
    0x08009c70   0x08009c70   0x00000010   Data   RO          993    .rodata.ARM_2D_OP_FILL_COLOUR_C8BIT  lto-llvm-9927d7.o
    0x08009c80   0x08009c80   0x00000010   Data   RO          994    .rodata.ARM_2D_OP_FILL_COLOUR_RGB16  lto-llvm-9927d7.o
    0x08009c90   0x08009c90   0x00000010   Data   RO          995    .rodata.ARM_2D_OP_FILL_COLOUR_RGB32  lto-llvm-9927d7.o
    0x08009ca0   0x08009ca0   0x00000010   Data   RO          986    .rodata.ARM_2D_OP_FILL_COLOUR_WITH_A1_MASK_AND_OPACITY_RGB565  lto-llvm-9927d7.o
    0x08009cb0   0x08009cb0   0x00000010   Data   RO          987    .rodata.ARM_2D_OP_FILL_COLOUR_WITH_MASK_AND_OPACITY_RGB565  lto-llvm-9927d7.o
    0x08009cc0   0x08009cc0   0x00000010   Data   RO          997    .rodata.ARM_2D_OP_FILL_COLOUR_WITH_MSK_OPACITY_AND_TRANSFORM_RGB565  lto-llvm-9927d7.o
    0x08009cd0   0x08009cd0   0x00000010   Data   RO          983    .rodata.ARM_2D_OP_FILL_COLOUR_WITH_OPACITY_RGB565  lto-llvm-9927d7.o
    0x08009ce0   0x08009ce0   0x00000380   Data   RO          972    .rodata.Font_6x8_h  lto-llvm-9927d7.o
    0x0800a060   0x0800a060   0x00000008   Data   RO          988    .rodata.LOW_LEVEL_IO__ARM_2D_IO_DRAW_PATTERN_RGB16  lto-llvm-9927d7.o
    0x0800a068   0x0800a068   0x00000008   Data   RO          984    .rodata.LOW_LEVEL_IO__ARM_2D_IO_FILL_COLOUR_A1_MASK_AND_OPACITY_RGB565  lto-llvm-9927d7.o
    0x0800a070   0x0800a070   0x00000008   Data   RO          989    .rodata.LOW_LEVEL_IO__ARM_2D_IO_FILL_COLOUR_C8BIT  lto-llvm-9927d7.o
    0x0800a078   0x0800a078   0x00000008   Data   RO          985    .rodata.LOW_LEVEL_IO__ARM_2D_IO_FILL_COLOUR_MASK_AND_OPACITY_RGB565  lto-llvm-9927d7.o
    0x0800a080   0x0800a080   0x00000008   Data   RO          990    .rodata.LOW_LEVEL_IO__ARM_2D_IO_FILL_COLOUR_RGB16  lto-llvm-9927d7.o
    0x0800a088   0x0800a088   0x00000008   Data   RO          991    .rodata.LOW_LEVEL_IO__ARM_2D_IO_FILL_COLOUR_RGB32  lto-llvm-9927d7.o
    0x0800a090   0x0800a090   0x00000008   Data   RO          996    .rodata.LOW_LEVEL_IO__ARM_2D_IO_FILL_COLOUR_WITH_MSK_OPACITY_AND_TRANSFORM_RGB565  lto-llvm-9927d7.o
    0x0800a098   0x0800a098   0x00000008   Data   RO          982    .rodata.LOW_LEVEL_IO__ARM_2D_IO_FILL_COLOUR_WITH_OPACITY_RGB565  lto-llvm-9927d7.o
    0x0800a0a0   0x0800a0a0   0x00000010   Data   RO          970    .rodata.cst16       lto-llvm-9927d7.o
    0x0800a0b0   0x0800a0b0   0x00000008   Data   RO          969    .rodata.cst8        lto-llvm-9927d7.o
    0x0800a0b8   0x0800a0b8   0x00000804   Data   RO         1005    .rodata.sinTable_f32  lto-llvm-9927d7.o
    0x0800a8bc   0x0800a8bc   0x00000804   Data   RO         1006    .rodata.sinTable_q31  lto-llvm-9927d7.o
    0x0800b0c0   0x0800b0c0   0x0000057b   Data   RO          976    .rodata.str1.1      lto-llvm-9927d7.o
    0x0800b63b   0x0800b63b   0x00000001   PAD
    0x0800b63c   0x0800b63c   0x00000020   Data   RO         1075    Region$$Table       anon$$obj.o
    0x0800b65c   0x0800b65c   0x000000c4   Data   RO          973    arm2d.asset.c_bmpWhiteDotAlpha  lto-llvm-9927d7.o
    0x0800b720   0x0800b720   0x00000010   Data   RO         1004    arm2d.tile.c_tileWhiteDotMask  lto-llvm-9927d7.o
    0x0800b730   0x0800b730   0x0000001c   Data   RO          711    locale$$data        c_w.l(lc_numeric_c.o)
    0x0800b74c   0x0800b74c   0x00000110   Data   RO          742    locale$$data        c_w.l(lc_ctype_c.o)
    0x0800b85c   0x0800b85c   0x00000004   Data   RO         1007    .init_array         lto-llvm-9927d7.o
    0x0800b860   0x0800b85c   0x00000000   Data   RO         1037    .init_array         c_w.l(init_aeabi.o)


    Execution Region RW_IRAM1 (Exec base: 0x20000000, Load base: 0x0800b860, Size: 0x00002248, Max: 0x00004000, ABSOLUTE)

    Exec Addr    Load Addr    Size         Type   Attr      Idx    E Section Name        Object

    0x20000000   0x0800b860   0x00000004   Data   RW         1020    .data.SystemCoreClock  lto-llvm-9927d7.o
    0x20000004   0x0800b864   0x0000008c   Data   RW         1001    .data.disp_adapter0_init.s_tScenes  lto-llvm-9927d7.o
    0x20000090   0x0800b8f0   0x00000014   Data   RW         1000    .data.disp_adapter0_navigator_init.s_tNavDirtyRegionList  lto-llvm-9927d7.o
    0x200000a4   0x0800b904   0x00000004   Data   RW          975    .data.s_tHelper.1   lto-llvm-9927d7.o
    0x200000a8   0x0800b908   0x00000040   Data   RW          978    .data.s_tLCDTextControl  lto-llvm-9927d7.o
    0x200000e8   0x0800b948   0x00000004   Data   RW         1012    .data.s_wMSUnit     lto-llvm-9927d7.o
    0x200000ec   0x0800b94c   0x00000004   Data   RW         1015    .data.s_wUSUnit     lto-llvm-9927d7.o
    0x200000f0        -       0x00000060   Zero   RW          587    .bss                c_w.l(libspace.o)
    0x20000150        -       0x00000002   Zero   RW          966    .bss.SysTick_Handler.time_count  lto-llvm-9927d7.o
    0x20000152        -       0x00000041   Zero   RW          977    .bss.arm_lcd_printf.s_chBuffer  lto-llvm-9927d7.o
    0x20000193        -       0x00000001   Zero   RW          980    .bss.busy_wheel2_show.s_chOffset  lto-llvm-9927d7.o
    0x20000194   0x0800b950   0x00000004   PAD
    0x20000198        -       0x00000008   Zero   RW         1009    .bss.g_lLastTimeStamp  lto-llvm-9927d7.o
    0x200001a0        -       0x00000004   Zero   RW         1008    .bss.g_nOffset      lto-llvm-9927d7.o
    0x200001a4        -       0x00000002   Zero   RW          971    .bss.lcddev.2       lto-llvm-9927d7.o
    0x200001a6   0x0800b950   0x00000002   PAD
    0x200001a8        -       0x000002e0   Zero   RW          979    .bss.noinit         lto-llvm-9927d7.o
    0x20000488        -       0x00000c9c   Zero   RW         1002    .bss.noinit.arm_2d_pfb_pool  lto-llvm-9927d7.o
    0x20001124   0x0800b950   0x00000004   PAD
    0x20001128        -       0x00000008   Zero   RW          981    .bss.s_lLastTime2   lto-llvm-9927d7.o
    0x20001130        -       0x00000008   Zero   RW         1017    .bss.s_lOldTimestamp  lto-llvm-9927d7.o
    0x20001138        -       0x00000008   Zero   RW         1019    .bss.s_lOldTimestampMS  lto-llvm-9927d7.o
    0x20001140        -       0x00000008   Zero   RW         1018    .bss.s_lOldTimestampUS  lto-llvm-9927d7.o
    0x20001148        -       0x00000008   Zero   RW         1010    .bss.s_lSystemClockCounts  lto-llvm-9927d7.o
    0x20001150        -       0x00000008   Zero   RW         1013    .bss.s_lSystemMS    lto-llvm-9927d7.o
    0x20001158        -       0x00000008   Zero   RW         1016    .bss.s_lSystemUS    lto-llvm-9927d7.o
    0x20001160        -       0x00000001   Zero   RW          974    .bss.s_tHelper.0    lto-llvm-9927d7.o
    0x20001161   0x0800b950   0x00000003   PAD
    0x20001164        -       0x000000d8   Zero   RW          998    .bss.s_tMaskRotateCB  lto-llvm-9927d7.o
    0x2000123c        -       0x00000004   Zero   RW         1011    .bss.s_wMSResidule  lto-llvm-9927d7.o
    0x20001240        -       0x00000004   Zero   RW         1014    .bss.s_wUSResidule  lto-llvm-9927d7.o
    0x20001244        -       0x00000004   Zero   RW          968    .bss.timebase_ticks  lto-llvm-9927d7.o
    0x20001248        -       0x00000c00   Zero   RW           21    HEAP                startup_at32f421.o
    0x20001e48        -       0x00000400   Zero   RW           20    STACK               startup_at32f421.o


==============================================================================

Image component sizes


      Code (inc. data)   RO Data    RW Data    ZI Data      Debug   Object Name

     27658        860       6955        240       4331     536573   lto-llvm-9927d7.o
        64         26        204          0       4096        804   startup_at32f421.o
        28          8          0          0          0        545   systick_wrapper_gnu.o

    ----------------------------------------------------------------------
     27778        894       7192        240       8440     537922   Object Totals
         0          0         32          0          0          0   (incl. Generated)
        28          0          1          0         13          0   (incl. Padding)

    ----------------------------------------------------------------------

      Code (inc. data)   RO Data    RW Data    ZI Data      Debug   Library Member Name

         8          0          0          0          0         68   __main.o
       392          4         17          0          0         92   __printf_flags_ss_wp.o
        14          0          0          0          0         68   __printf_wp.o
         0          0          0          0          0          0   __rtentry.o
        12          0          0          0          0          0   __rtentry2.o
         6          0          0          0          0          0   __rtentry4.o
        94          8          0          0          0          0   __scatter.o
        26          0          0          0          0          0   __scatter_copy.o
        28          0          0          0          0          0   __scatter_zi.o
        72          0          0          0          0         96   _c16rtomb.o
         6          0          0          0          0          0   _printf_a.o
         6          0          0          0          0          0   _printf_c.o
        44          0          0          0          0        108   _printf_char.o
        48          6          0          0          0         96   _printf_char_common.o
        40          0          0          0          0         68   _printf_charcount.o
         6          0          0          0          0          0   _printf_d.o
       120         16          0          0          0         92   _printf_dec.o
         6          0          0          0          0          0   _printf_e.o
         6          0          0          0          0          0   _printf_f.o
      1052          0          0          0          0        148   _printf_fp_dec.o
       764          8         38          0          0        100   _printf_fp_hex.o
       128         16          0          0          0         84   _printf_fp_infnan.o
         6          0          0          0          0          0   _printf_g.o
       148          4         40          0          0        160   _printf_hex_int_ll_ptr.o
         6          0          0          0          0          0   _printf_i.o
       178          0          0          0          0         88   _printf_intcommon.o
        10          0          0          0          0          0   _printf_l.o
         6          0          0          0          0          0   _printf_lc.o
        10          0          0          0          0          0   _printf_ll.o
         6          0          0          0          0          0   _printf_lld.o
         6          0          0          0          0          0   _printf_lli.o
         6          0          0          0          0          0   _printf_llo.o
         6          0          0          0          0          0   _printf_llu.o
         6          0          0          0          0          0   _printf_llx.o
       124         16          0          0          0         92   _printf_longlong_dec.o
         6          0          0          0          0          0   _printf_ls.o
         6          0          0          0          0          0   _printf_n.o
         6          0          0          0          0          0   _printf_o.o
       112          8          0          0          0        124   _printf_oct_int_ll.o
         6          0          0          0          0          0   _printf_p.o
        78          0          0          0          0        108   _printf_pad.o
         0          0          0          0          0          0   _printf_percent.o
         4          0          0          0          0          0   _printf_percent_end.o
         6          0          0          0          0          0   _printf_s.o
        82          0          0          0          0         80   _printf_str.o
        36          0          0          0          0         84   _printf_truncate.o
         6          0          0          0          0          0   _printf_u.o
        44          0          0          0          0        108   _printf_wchar.o
       188          6          8          0          0         92   _printf_wctomb.o
         6          0          0          0          0          0   _printf_x.o
        22          0          0          0          0        100   _rserrno.o
        16          0          0          0          0         68   _snputc.o
        22          0          0          0          0         80   abort.o
        16          0          0          0          0         68   aeabi_memset.o
       128         42          0          0          0         76   assert.o
        20          0          0          0          0         76   assert_puts.o
       228          4        148          0          0         96   bigflt0.o
      1936        128          0          0          0        668   btod.o
        48         34          0          0          0         76   defsig_abrt_inner.o
        14          0          0          0          0         80   defsig_abrt_outer.o
        10          0          0          0          0         68   defsig_exit.o
        50          0          0          0          0         88   defsig_general.o
        80         58          0          0          0         76   defsig_rtmem_inner.o
        14          0          0          0          0         80   defsig_rtmem_outer.o
        18          0          0          0          0         80   exit.o
        94          0          0          0          0         80   h1_alloc.o
        52          0          0          0          0         68   h1_extend.o
        78          0          0          0          0         80   h1_free.o
        12          0          0          0          0         84   h1_init.o
         6          0          0          0          0        152   heapauxi.o
         4          0          0          0          0        136   hguard.o
         0          0          0          0          0          0   indicate_semi.o
        44          8          0          0          0         80   init_aeabi.o
       138          0          0          0          0        168   init_alloc.o
        44         10        272          0          0         76   lc_ctype_c.o
        44         10         28          0          0         76   lc_numeric_c.o
         2          0          0          0          0          0   libinit.o
        42          0          0          0          0          0   libinit2.o
         2          0          0          0          0          0   libshutdown.o
         2          0          0          0          0          0   libshutdown2.o
         8          4          0          0         96         68   libspace.o
       138          0          0          0          0         80   lludiv10.o
       240          0          0          0          0        100   lludivv7m.o
         0          0          0          0          0          0   maybetermalloc1.o
        16          4          0          0          0         76   rt_ctype_table.o
         8          4          0          0          0         68   rt_errno_addr_intlibspace.o
         8          4          0          0          0         68   rt_heap_descriptor_intlibspace.o
         8          4          0          0          0         68   rt_locale_intlibspace.o
        68          0          0          0          0         68   rt_memclr.o
        78          0          0          0          0         80   rt_memclr_w.o
       100          0          0          0          0         80   rt_memcpy_w.o
         2          0          0          0          0          0   rtexit.o
        10          0          0          0          0          0   rtexit2.o
       124          0          0          0          0         88   strcmpv7em.o
        12          4          0          0          0         68   sys_exit.o
        74          0          0          0          0         80   sys_stackheap_outer.o
        14          0          0          0          0         76   sys_wrch.o
         2          0          0          0          0         68   use_no_semi.o
        60          4          0          0          0         80   vsnprintf.o
        98          4          0          0          0         92   d2f.o
       696        140          0          0          0        216   ddiv.o
       300          0          0          0          0        168   dfltll_clz.o
       156          4          0          0          0         92   dnaninf.o
        12          0          0          0          0         68   dretinf.o
        86          4          0          0          0         84   f2d.o
       430          8          0          0          0        168   faddsub_clz.o
        84          0          0          0          0        196   fcmp.o
        24          0          0          0          0         68   fcmpi.o
       388         76          0          0          0         96   fdiv.o
       104          4          0          0          0         84   feqf.o
       136          8          0          0          0        168   ffix.o
        86          0          0          0          0        136   fflt_clz.o
       104          4          0          0          0         84   fgeqf.o
       104          4          0          0          0         84   fleqf.o
       258          4          0          0          0         84   fmul.o
       140          4          0          0          0         84   fnaninf.o
        10          0          0          0          0         68   fretinf.o
        96          4          0          0          0         76   frnd.o
         4          0          0          0          0         68   printf1.o
         4          0          0          0          0         68   printf2.o
         0          0          0          0          0          0   usenofp.o
        40          0          0          0          0         68   fpclassify.o
       146          0          0          0          0         88   lroundf.o

    ----------------------------------------------------------------------
     11678        682        552          0         96       8360   Library Totals
        34          0          1          0          0          0   (incl. Padding)

    ----------------------------------------------------------------------

      Code (inc. data)   RO Data    RW Data    ZI Data      Debug   Library Name

      8138        414        551          0         96       5952   c_w.l
      3320        268          0          0          0       2252   fz_ws.l
       186          0          0          0          0        156   m_ws.l

    ----------------------------------------------------------------------
     11678        682        552          0         96       8360   Library Totals

    ----------------------------------------------------------------------

==============================================================================


      Code (inc. data)   RO Data    RW Data    ZI Data      Debug   

     39456       1576       7744        240       8536     541614   Grand Totals
     39456       1576       7744        240       8536     541614   ELF Image Totals
     39456       1576       7744        240          0          0   ROM Totals

==============================================================================

    Total RO  Size (Code + RO Data)                47200 (  46.09kB)
    Total RW  Size (RW Data + ZI Data)              8776 (   8.57kB)
    Total ROM Size (Code + RO Data + RW Data)      47440 (  46.33kB)

==============================================================================

