Component: Arm Compiler for Embedded 6.22 Tool: armlink [5ee90200]

==============================================================================

Section Cross References

    startup_at32f421.o(RESET) refers to startup_at32f421.o(STACK) for __initial_sp
    startup_at32f421.o(RESET) refers to startup_at32f421.o(.text) for Reset_Handler
    startup_at32f421.o(RESET) refers to lto-llvm-394077.o(.text.NMI_Handler) for NMI_Handler
    startup_at32f421.o(RESET) refers to lto-llvm-394077.o(.text.HardFault_Handler) for HardFault_Handler
    startup_at32f421.o(RESET) refers to lto-llvm-394077.o(.text.MemManage_Handler) for MemManage_Handler
    startup_at32f421.o(RESET) refers to lto-llvm-394077.o(.text.BusFault_Handler) for BusFault_Handler
    startup_at32f421.o(RESET) refers to lto-llvm-394077.o(.text.UsageFault_Handler) for UsageFault_Handler
    startup_at32f421.o(RESET) refers to lto-llvm-394077.o(.text.SVC_Handler) for SVC_Handler
    startup_at32f421.o(RESET) refers to lto-llvm-394077.o(.text.DebugMon_Handler) for DebugMon_Handler
    startup_at32f421.o(RESET) refers to lto-llvm-394077.o(.text.PendSV_Handler) for PendSV_Handler
    startup_at32f421.o(RESET) refers to systick_wrapper_gnu.o(.text) for SysTick_Handler
    startup_at32f421.o(.text) refers to lto-llvm-394077.o(.text.SystemInit) for SystemInit
    startup_at32f421.o(.text) refers to entry.o(.ARM.Collect$$$$00000000) for __main
    systick_wrapper_gnu.o(.text) refers to lto-llvm-394077.o(.text.perfc_port_insert_to_system_timer_insert_ovf_handler) for perfc_port_insert_to_system_timer_insert_ovf_handler
    systick_wrapper_gnu.o(.text) refers to lto-llvm-394077.o(.text.SysTick_Handler) for $Super$$SysTick_Handler
    exp.o(i.__softfp_exp) refers (Special) to iusefp.o(.text) for __I$use$fp
    exp.o(i.__softfp_exp) refers to exp.o(i.exp) for exp
    exp.o(i.exp) refers (Special) to iusefp.o(.text) for __I$use$fp
    exp.o(i.exp) refers to dunder.o(i.__mathlib_dbl_infnan) for __mathlib_dbl_infnan
    exp.o(i.exp) refers to cdrcmple.o(.text) for __aeabi_cdrcmple
    exp.o(i.exp) refers to errno.o(i.__set_errno) for __set_errno
    exp.o(i.exp) refers to dunder.o(i.__mathlib_dbl_overflow) for __mathlib_dbl_overflow
    exp.o(i.exp) refers to cdcmple.o(.text) for __aeabi_cdcmple
    exp.o(i.exp) refers to dunder.o(i.__mathlib_dbl_underflow) for __mathlib_dbl_underflow
    exp.o(i.exp) refers to dadd.o(.text) for __aeabi_dsub
    exp.o(i.exp) refers to dmul.o(.text) for __aeabi_dmul
    exp.o(i.exp) refers to dfixi.o(.text) for __aeabi_d2iz
    exp.o(i.exp) refers to dflti.o(.text) for __aeabi_i2d
    exp.o(i.exp) refers to poly.o(i.__kernel_poly) for __kernel_poly
    exp.o(i.exp) refers to ddiv.o(.text) for __aeabi_ddiv
    exp.o(i.exp) refers to dscalb.o(.text) for __ARM_scalbn
    exp.o(i.exp) refers to fpclassify.o(i.__ARM_fpclassify) for __ARM_fpclassify
    exp.o(i.exp) refers to exp.o(.constdata) for .constdata
    exp.o(.constdata) refers (Special) to iusefp.o(.text) for __I$use$fp
    expf.o(i.__softfp_expf) refers (Special) to iusefp.o(.text) for __I$use$fp
    expf.o(i.__softfp_expf) refers to expf.o(i.expf) for expf
    expf.o(i.expf) refers (Special) to iusefp.o(.text) for __I$use$fp
    expf.o(i.expf) refers to fmul.o(.text) for __aeabi_fmul
    expf.o(i.expf) refers to frnd.o(.text) for _frnd
    expf.o(i.expf) refers to ffixi.o(.text) for __aeabi_f2iz
    expf.o(i.expf) refers to fadd.o(.text) for __aeabi_frsub
    expf.o(i.expf) refers to fscalb.o(.text) for __ARM_scalbnf
    expf.o(i.expf) refers to funder.o(i.__mathlib_flt_infnan) for __mathlib_flt_infnan
    expf.o(i.expf) refers to errno.o(i.__set_errno) for __set_errno
    expf.o(i.expf) refers to funder.o(i.__mathlib_flt_underflow) for __mathlib_flt_underflow
    expf.o(i.expf) refers to funder.o(i.__mathlib_flt_overflow) for __mathlib_flt_overflow
    expf.o(i.expf) refers to fpclassifyf.o(i.__ARM_fpclassifyf) for __ARM_fpclassifyf
    expf.o(i.expf) refers to expf.o(.constdata) for .constdata
    expf.o(.constdata) refers (Special) to iusefp.o(.text) for __I$use$fp
    fmodf.o(i.__softfp_fmodf) refers (Special) to iusefp.o(.text) for __I$use$fp
    fmodf.o(i.__softfp_fmodf) refers to frem.o(.text) for _frem
    fmodf.o(i.__softfp_fmodf) refers to fadd.o(.text) for __aeabi_frsub
    fmodf.o(i.__softfp_fmodf) refers to errno.o(i.__set_errno) for __set_errno
    fmodf.o(i.__softfp_fmodf) refers to funder.o(i.__mathlib_flt_invalid) for __mathlib_flt_invalid
    fmodf.o(i.fmodf) refers (Special) to iusefp.o(.text) for __I$use$fp
    fmodf.o(i.fmodf) refers to frem.o(.text) for _frem
    fmodf.o(i.fmodf) refers to fadd.o(.text) for __aeabi_frsub
    fmodf.o(i.fmodf) refers to errno.o(i.__set_errno) for __set_errno
    fmodf.o(i.fmodf) refers to funder.o(i.__mathlib_flt_invalid) for __mathlib_flt_invalid
    log.o(i.__softfp_log) refers (Special) to iusefp.o(.text) for __I$use$fp
    log.o(i.__softfp_log) refers to log.o(i.log) for log
    log.o(i.log) refers (Special) to iusefp.o(.text) for __I$use$fp
    log.o(i.log) refers to dunder.o(i.__mathlib_dbl_infnan) for __mathlib_dbl_infnan
    log.o(i.log) refers to errno.o(i.__set_errno) for __set_errno
    log.o(i.log) refers to dunder.o(i.__mathlib_dbl_invalid) for __mathlib_dbl_invalid
    log.o(i.log) refers to dunder.o(i.__mathlib_dbl_divzero) for __mathlib_dbl_divzero
    log.o(i.log) refers to dscalb.o(.text) for __ARM_scalbn
    log.o(i.log) refers to dadd.o(.text) for __aeabi_dsub
    log.o(i.log) refers to cdcmple.o(.text) for __aeabi_cdcmpeq
    log.o(i.log) refers to dflti.o(.text) for __aeabi_i2d
    log.o(i.log) refers to dmul.o(.text) for __aeabi_dmul
    log.o(i.log) refers to ddiv.o(.text) for __aeabi_ddiv
    log.o(i.log) refers to poly.o(i.__kernel_poly) for __kernel_poly
    log.o(i.log) refers to qnan.o(.constdata) for __mathlib_zero
    log.o(i.log) refers to log.o(.constdata) for .constdata
    log.o(.constdata) refers (Special) to iusefp.o(.text) for __I$use$fp
    logf.o(i.__softfp_logf) refers (Special) to iusefp.o(.text) for __I$use$fp
    logf.o(i.__softfp_logf) refers to logf.o(i.logf) for logf
    logf.o(i.logf) refers (Special) to iusefp.o(.text) for __I$use$fp
    logf.o(i.logf) refers to fadd.o(.text) for __aeabi_fadd
    logf.o(i.logf) refers to fdiv.o(.text) for __aeabi_fdiv
    logf.o(i.logf) refers to fmul.o(.text) for __aeabi_fmul
    logf.o(i.logf) refers to fflti.o(.text) for __aeabi_i2f
    logf.o(i.logf) refers to fscalb.o(.text) for __ARM_scalbnf
    logf.o(i.logf) refers to funder.o(i.__mathlib_flt_infnan) for __mathlib_flt_infnan
    logf.o(i.logf) refers to errno.o(i.__set_errno) for __set_errno
    logf.o(i.logf) refers to funder.o(i.__mathlib_flt_invalid) for __mathlib_flt_invalid
    logf.o(i.logf) refers to funder.o(i.__mathlib_flt_divzero) for __mathlib_flt_divzero
    logf.o(i.logf) refers to logf.o(.constdata) for .constdata
    logf.o(.constdata) refers (Special) to iusefp.o(.text) for __I$use$fp
    powf.o(i.__softfp_powf) refers (Special) to iusefp.o(.text) for __I$use$fp
    powf.o(i.__softfp_powf) refers to powf.o(i.powf) for powf
    powf.o(i.powf) refers (Special) to iusefp.o(.text) for __I$use$fp
    powf.o(i.powf) refers to fflti.o(.text) for __aeabi_i2f
    powf.o(i.powf) refers to fscalb.o(.text) for __ARM_scalbnf
    powf.o(i.powf) refers to fadd.o(.text) for __aeabi_fadd
    powf.o(i.powf) refers to fdiv.o(.text) for __aeabi_fdiv
    powf.o(i.powf) refers to fmul.o(.text) for __aeabi_fmul
    powf.o(i.powf) refers to fpstat.o(.text) for __ieee_status
    powf.o(i.powf) refers to ffixir.o(.text) for _ffix_r
    powf.o(i.powf) refers to fpclassifyf.o(i.__ARM_fpclassifyf) for __ARM_fpclassifyf
    powf.o(i.powf) refers to funder.o(i.__mathlib_flt_underflow) for __mathlib_flt_underflow
    powf.o(i.powf) refers to errno.o(i.__set_errno) for __set_errno
    powf.o(i.powf) refers to funder.o(i.__mathlib_flt_overflow) for __mathlib_flt_overflow
    powf.o(i.powf) refers to funder.o(i.__mathlib_flt_invalid) for __mathlib_flt_invalid
    powf.o(i.powf) refers to powf.o(.constdata) for .constdata
    powf.o(i.powf) refers to funder.o(i.__mathlib_flt_infnan2) for __mathlib_flt_infnan2
    powf.o(i.powf) refers to funder.o(i.__mathlib_flt_divzero) for __mathlib_flt_divzero
    powf.o(.constdata) refers (Special) to iusefp.o(.text) for __I$use$fp
    sqrt.o(i.__softfp_sqrt) refers (Special) to iusefp.o(.text) for __I$use$fp
    sqrt.o(i.__softfp_sqrt) refers to dsqrt.o(.text) for _dsqrt
    sqrt.o(i.__softfp_sqrt) refers to errno.o(i.__set_errno) for __set_errno
    sqrt.o(i.sqrt) refers (Special) to iusefp.o(.text) for __I$use$fp
    sqrt.o(i.sqrt) refers to dsqrt.o(.text) for _dsqrt
    sqrt.o(i.sqrt) refers to errno.o(i.__set_errno) for __set_errno
    sqrtf.o(i.__softfp_sqrtf) refers (Special) to iusefp.o(.text) for __I$use$fp
    sqrtf.o(i.__softfp_sqrtf) refers to fsqrt.o(.text) for _fsqrt
    sqrtf.o(i.__softfp_sqrtf) refers to errno.o(i.__set_errno) for __set_errno
    sqrtf.o(i.sqrtf) refers (Special) to iusefp.o(.text) for __I$use$fp
    sqrtf.o(i.sqrtf) refers to fsqrt.o(.text) for _fsqrt
    sqrtf.o(i.sqrtf) refers to errno.o(i.__set_errno) for __set_errno
    tanhf.o(i.__softfp_tanhf) refers (Special) to iusefp.o(.text) for __I$use$fp
    tanhf.o(i.__softfp_tanhf) refers to tanhf.o(i.tanhf) for tanhf
    tanhf.o(i.tanhf) refers (Special) to iusefp.o(.text) for __I$use$fp
    tanhf.o(i.tanhf) refers to fscalb.o(.text) for __ARM_scalbnf
    tanhf.o(i.tanhf) refers to expf.o(i.expf) for expf
    tanhf.o(i.tanhf) refers to fadd.o(.text) for __aeabi_fadd
    tanhf.o(i.tanhf) refers to fdiv.o(.text) for __aeabi_fdiv
    tanhf.o(i.tanhf) refers to fpclassifyf.o(i.__ARM_fpclassifyf) for __ARM_fpclassifyf
    tanhf.o(i.tanhf) refers to funder.o(i.__mathlib_flt_underflow) for __mathlib_flt_underflow
    tanhf.o(i.tanhf) refers to fmul.o(.text) for __aeabi_fmul
    tanhf.o(i.tanhf) refers to funder.o(i.__mathlib_flt_infnan) for __mathlib_flt_infnan
    lroundf.o(i.lroundf) refers (Special) to iusefp.o(.text) for __I$use$fp
    lroundf.o(i.lroundf) refers to frnd.o(.text) for _frnd
    lroundf.o(i.lroundf) refers to fadd.o(.text) for __aeabi_fsub
    lroundf.o(i.lroundf) refers to errno.o(i.__set_errno) for __set_errno
    lroundf.o(i.lroundf) refers to ffixir.o(.text) for _ffix_r
    entry.o(.ARM.Collect$$$$00000000) refers (Special) to entry10a.o(.ARM.Collect$$$$0000000D) for __rt_final_cpp
    entry.o(.ARM.Collect$$$$00000000) refers (Special) to entry11a.o(.ARM.Collect$$$$0000000F) for __rt_final_exit
    entry.o(.ARM.Collect$$$$00000000) refers (Special) to entry7b.o(.ARM.Collect$$$$00000008) for _main_clock
    entry.o(.ARM.Collect$$$$00000000) refers (Special) to entry8b.o(.ARM.Collect$$$$0000000A) for _main_cpp_init
    entry.o(.ARM.Collect$$$$00000000) refers (Special) to entry9a.o(.ARM.Collect$$$$0000000B) for _main_init
    entry.o(.ARM.Collect$$$$00000000) refers (Special) to entry5.o(.ARM.Collect$$$$00000004) for _main_scatterload
    entry.o(.ARM.Collect$$$$00000000) refers (Special) to entry2.o(.ARM.Collect$$$$00000001) for _main_stk
    rand.o(.text) refers to rand.o(.data) for .data
    printfa.o(i.__0fprintf) refers (Special) to iusefp.o(.text) for __I$use$fp
    printfa.o(i.__0fprintf) refers to printfa.o(i._printf_core) for _printf_core
    printfa.o(i.__0fprintf) refers to lto-llvm-394077.o(.text.fputc) for fputc
    printfa.o(i.__0printf) refers (Special) to iusefp.o(.text) for __I$use$fp
    printfa.o(i.__0printf) refers to printfa.o(i._printf_core) for _printf_core
    printfa.o(i.__0printf) refers to lto-llvm-394077.o(.text.fputc) for fputc
    printfa.o(i.__0printf) refers to stdout.o(.data) for __stdout
    printfa.o(i.__0snprintf) refers (Special) to iusefp.o(.text) for __I$use$fp
    printfa.o(i.__0snprintf) refers to printfa.o(i._printf_core) for _printf_core
    printfa.o(i.__0snprintf) refers to printfa.o(i._snputc) for _snputc
    printfa.o(i.__0sprintf) refers (Special) to iusefp.o(.text) for __I$use$fp
    printfa.o(i.__0sprintf) refers to printfa.o(i._printf_core) for _printf_core
    printfa.o(i.__0sprintf) refers to printfa.o(i._sputc) for _sputc
    printfa.o(i.__0vfprintf) refers (Special) to iusefp.o(.text) for __I$use$fp
    printfa.o(i.__0vfprintf) refers to printfa.o(i._printf_core) for _printf_core
    printfa.o(i.__0vfprintf) refers to lto-llvm-394077.o(.text.fputc) for fputc
    printfa.o(i.__0vprintf) refers (Special) to iusefp.o(.text) for __I$use$fp
    printfa.o(i.__0vprintf) refers to printfa.o(i._printf_core) for _printf_core
    printfa.o(i.__0vprintf) refers to lto-llvm-394077.o(.text.fputc) for fputc
    printfa.o(i.__0vprintf) refers to stdout.o(.data) for __stdout
    printfa.o(i.__0vsnprintf) refers (Special) to iusefp.o(.text) for __I$use$fp
    printfa.o(i.__0vsnprintf) refers to printfa.o(i._printf_core) for _printf_core
    printfa.o(i.__0vsnprintf) refers to printfa.o(i._snputc) for _snputc
    printfa.o(i.__0vsprintf) refers (Special) to iusefp.o(.text) for __I$use$fp
    printfa.o(i.__0vsprintf) refers to printfa.o(i._printf_core) for _printf_core
    printfa.o(i.__0vsprintf) refers to printfa.o(i._sputc) for _sputc
    printfa.o(i._fp_digits) refers (Special) to iusefp.o(.text) for __I$use$fp
    printfa.o(i._fp_digits) refers to dmul.o(.text) for __aeabi_dmul
    printfa.o(i._fp_digits) refers to ddiv.o(.text) for __aeabi_ddiv
    printfa.o(i._fp_digits) refers to cdrcmple.o(.text) for __aeabi_cdrcmple
    printfa.o(i._fp_digits) refers to dadd.o(.text) for __aeabi_dadd
    printfa.o(i._fp_digits) refers to dfixul.o(.text) for __aeabi_d2ulz
    printfa.o(i._fp_digits) refers to uldiv.o(.text) for __aeabi_uldivmod
    printfa.o(i._printf_core) refers (Special) to iusefp.o(.text) for __I$use$fp
    printfa.o(i._printf_core) refers to printfa.o(i._printf_pre_padding) for _printf_pre_padding
    printfa.o(i._printf_core) refers to uldiv.o(.text) for __aeabi_uldivmod
    printfa.o(i._printf_core) refers to printfa.o(i._printf_post_padding) for _printf_post_padding
    printfa.o(i._printf_core) refers to printfa.o(i._fp_digits) for _fp_digits
    printfa.o(i._printf_core) refers to uidiv.o(.text) for __aeabi_uidivmod
    printfa.o(i._printf_post_padding) refers (Special) to iusefp.o(.text) for __I$use$fp
    printfa.o(i._printf_pre_padding) refers (Special) to iusefp.o(.text) for __I$use$fp
    printfa.o(i._snputc) refers (Special) to iusefp.o(.text) for __I$use$fp
    printfa.o(i._sputc) refers (Special) to iusefp.o(.text) for __I$use$fp
    malloc.o(i.free) refers to mvars.o(.data) for __microlib_freelist
    malloc.o(i.malloc) refers to mvars.o(.data) for __microlib_freelist_initialised
    malloc.o(i.malloc) refers to mvars.o(.data) for __microlib_freelist
    malloc.o(i.malloc) refers to startup_at32f421.o(HEAP) for __heap_base
    mallocr.o(i.__free$realloc) refers to mvars.o(.data) for __microlib_freelist
    mallocr.o(i.__malloc$realloc) refers to mallocr.o(i.internal_alloc) for internal_alloc
    mallocr.o(i.__malloc$realloc) refers to mvars.o(.data) for __microlib_freelist_initialised
    mallocr.o(i.__malloc$realloc) refers to startup_at32f421.o(HEAP) for __heap_base
    mallocr.o(i.__malloc$realloc) refers to mvars.o(.data) for __microlib_freelist
    mallocr.o(i.internal_alloc) refers to memcpya.o(.text) for __aeabi_memcpy
    mallocr.o(i.internal_alloc) refers to mvars.o(.data) for __microlib_freelist
    mallocr.o(i.realloc) refers to mallocr.o(i.__free$realloc) for __free$realloc
    mallocr.o(i.realloc) refers to mallocr.o(i.internal_alloc) for internal_alloc
    mallocr.o(i.realloc) refers to mallocr.o(i.__malloc$realloc) for __malloc$realloc
    mallocr.o(i.realloc) refers to mvars.o(.data) for __microlib_freelist
    malloca.o(i.__aligned_malloc) refers to mvars.o(.data) for __microlib_freelist_initialised
    malloca.o(i.__aligned_malloc) refers to mvars.o(.data) for __microlib_freelist
    malloca.o(i.__aligned_malloc) refers to startup_at32f421.o(HEAP) for __heap_base
    malloca.o(i.__free$memalign) refers to mvars.o(.data) for __microlib_freelist
    malloca.o(i.__malloc$memalign) refers to malloca.o(i.__aligned_malloc) for __aligned_malloc
    mallocra.o(i.__aligned_malloc$realloc) refers to mallocra.o(i.internal_alloc) for internal_alloc
    mallocra.o(i.__aligned_malloc$realloc) refers to mvars.o(.data) for __microlib_freelist_initialised
    mallocra.o(i.__aligned_malloc$realloc) refers to startup_at32f421.o(HEAP) for __heap_base
    mallocra.o(i.__aligned_malloc$realloc) refers to mvars.o(.data) for __microlib_freelist
    mallocra.o(i.__free$realloc$memalign) refers to mvars.o(.data) for __microlib_freelist
    mallocra.o(i.__malloc$realloc$memalign) refers to mallocra.o(i.__aligned_malloc$realloc) for __aligned_malloc$realloc
    mallocra.o(i.__realloc$memalign) refers to mallocra.o(i.__free$realloc$memalign) for __free$realloc$memalign
    mallocra.o(i.__realloc$memalign) refers to mallocra.o(i.internal_alloc) for internal_alloc
    mallocra.o(i.__realloc$memalign) refers to mallocra.o(i.__malloc$realloc$memalign) for __malloc$realloc$memalign
    mallocra.o(i.__realloc$memalign) refers to mvars.o(.data) for __microlib_freelist
    mallocra.o(i.internal_alloc) refers to memcpya.o(.text) for __aeabi_memcpy
    mallocra.o(i.internal_alloc) refers to mvars.o(.data) for __microlib_freelist
    dunder.o(i.__mathlib_dbl_divzero) refers to ddiv.o(.text) for __aeabi_ddiv
    dunder.o(i.__mathlib_dbl_infnan) refers to dscalb.o(.text) for __ARM_scalbn
    dunder.o(i.__mathlib_dbl_infnan2) refers to dadd.o(.text) for __aeabi_dadd
    dunder.o(i.__mathlib_dbl_invalid) refers to ddiv.o(.text) for __aeabi_ddiv
    dunder.o(i.__mathlib_dbl_overflow) refers to dscalb.o(.text) for __ARM_scalbn
    dunder.o(i.__mathlib_dbl_posinfnan) refers to dmul.o(.text) for __aeabi_dmul
    dunder.o(i.__mathlib_dbl_underflow) refers to dscalb.o(.text) for __ARM_scalbn
    fpclassify.o(i.__ARM_fpclassify) refers (Special) to iusefp.o(.text) for __I$use$fp
    fpclassifyf.o(i.__ARM_fpclassifyf) refers (Special) to iusefp.o(.text) for __I$use$fp
    funder.o(i.__mathlib_flt_divzero) refers to fdiv.o(.text) for __aeabi_fdiv
    funder.o(i.__mathlib_flt_infnan) refers to fscalb.o(.text) for __ARM_scalbnf
    funder.o(i.__mathlib_flt_infnan2) refers to fadd.o(.text) for __aeabi_fadd
    funder.o(i.__mathlib_flt_invalid) refers to fdiv.o(.text) for __aeabi_fdiv
    funder.o(i.__mathlib_flt_overflow) refers to fscalb.o(.text) for __ARM_scalbnf
    funder.o(i.__mathlib_flt_posinfnan) refers to fmul.o(.text) for __aeabi_fmul
    funder.o(i.__mathlib_flt_underflow) refers to fscalb.o(.text) for __ARM_scalbnf
    poly.o(i.__kernel_poly) refers (Special) to iusefp.o(.text) for __I$use$fp
    poly.o(i.__kernel_poly) refers to dmul.o(.text) for __aeabi_dmul
    poly.o(i.__kernel_poly) refers to dadd.o(.text) for __aeabi_dadd
    qnan.o(.constdata) refers (Special) to iusefp.o(.text) for __I$use$fp
    entry2.o(.ARM.Collect$$$$00000001) refers to entry2.o(.ARM.Collect$$$$00002712) for __lit__00000000
    entry2.o(.ARM.Collect$$$$00002712) refers to startup_at32f421.o(STACK) for __initial_sp
    entry2.o(__vectab_stack_and_reset_area) refers to startup_at32f421.o(STACK) for __initial_sp
    entry2.o(__vectab_stack_and_reset_area) refers to entry.o(.ARM.Collect$$$$00000000) for __main
    entry5.o(.ARM.Collect$$$$00000004) refers to init.o(.text) for __scatterload
    entry8a.o(.ARM.Collect$$$$00000009) refers (Weak) to cpp_init.o(.text) for __cpp_initialize__aeabi_
    entry9a.o(.ARM.Collect$$$$0000000B) refers to lto-llvm-394077.o(.text.main) for main
    entry9b.o(.ARM.Collect$$$$0000000C) refers to lto-llvm-394077.o(.text.main) for main
    uldiv.o(.text) refers to llushr.o(.text) for __aeabi_llsr
    uldiv.o(.text) refers to llshl.o(.text) for __aeabi_llsl
    errno.o(i.__aeabi_errno_addr) refers to errno.o(.data) for .data
    errno.o(i.__read_errno) refers to errno.o(.data) for .data
    errno.o(i.__set_errno) refers to errno.o(.data) for .data
    fadd.o(.text) refers (Special) to iusefp.o(.text) for __I$use$fp
    fadd.o(.text) refers to fepilogue.o(.text) for _float_epilogue
    fmul.o(.text) refers (Special) to iusefp.o(.text) for __I$use$fp
    fdiv.o(.text) refers (Special) to iusefp.o(.text) for __I$use$fp
    fdiv.o(.text) refers to fepilogue.o(.text) for _float_round
    fscalb.o(.text) refers (Special) to iusefp.o(.text) for __I$use$fp
    fsqrt.o(.text) refers (Special) to iusefp.o(.text) for __I$use$fp
    fsqrt.o(.text) refers to fepilogue.o(.text) for _float_round
    frnd.o(.text) refers (Special) to iusefp.o(.text) for __I$use$fp
    frnd.o(.text) refers to fepilogue.o(.text) for _float_round
    frem.o(.text) refers (Special) to iusefp.o(.text) for __I$use$fp
    frem.o(.text) refers to fepilogue.o(.text) for _float_epilogue
    dadd.o(.text) refers (Special) to iusefp.o(.text) for __I$use$fp
    dadd.o(.text) refers to llshl.o(.text) for __aeabi_llsl
    dadd.o(.text) refers to llsshr.o(.text) for __aeabi_lasr
    dadd.o(.text) refers to depilogue.o(.text) for _double_epilogue
    dmul.o(.text) refers (Special) to iusefp.o(.text) for __I$use$fp
    dmul.o(.text) refers to depilogue.o(.text) for _double_epilogue
    ddiv.o(.text) refers (Special) to iusefp.o(.text) for __I$use$fp
    ddiv.o(.text) refers to depilogue.o(.text) for _double_round
    dscalb.o(.text) refers (Special) to iusefp.o(.text) for __I$use$fp
    dsqrt.o(.text) refers (Special) to iusefp.o(.text) for __I$use$fp
    dsqrt.o(.text) refers to llushr.o(.text) for __aeabi_llsr
    dsqrt.o(.text) refers to depilogue.o(.text) for _double_round
    fflti.o(.text) refers (Special) to iusefp.o(.text) for __I$use$fp
    fflti.o(.text) refers to fepilogue.o(.text) for _float_epilogue
    dflti.o(.text) refers (Special) to iusefp.o(.text) for __I$use$fp
    dflti.o(.text) refers to depilogue.o(.text) for _double_epilogue
    ffixi.o(.text) refers (Special) to iusefp.o(.text) for __I$use$fp
    dfixi.o(.text) refers (Special) to iusefp.o(.text) for __I$use$fp
    dfixi.o(.text) refers to llushr.o(.text) for __aeabi_llsr
    dfixul.o(.text) refers (Special) to iusefp.o(.text) for __I$use$fp
    dfixul.o(.text) refers to llushr.o(.text) for __aeabi_llsr
    dfixul.o(.text) refers to llshl.o(.text) for __aeabi_llsl
    ffixir.o(.text) refers (Special) to iusefp.o(.text) for __I$use$fp
    ffixir.o(.text) refers to fepilogue.o(.text) for _float_round
    cdcmple.o(.text) refers (Special) to iusefp.o(.text) for __I$use$fp
    cdrcmple.o(.text) refers (Special) to iusefp.o(.text) for __I$use$fp
    init.o(.text) refers to entry5.o(.ARM.Collect$$$$00000004) for __main_after_scatterload
    fepilogue.o(.text) refers (Special) to iusefp.o(.text) for __I$use$fp
    depilogue.o(.text) refers (Special) to iusefp.o(.text) for __I$use$fp
    depilogue.o(.text) refers to llshl.o(.text) for __aeabi_llsl
    depilogue.o(.text) refers to llushr.o(.text) for __aeabi_llsr
    lto-llvm-394077.o(.text) refers (Special) to systick_wrapper_gnu.o(.text) for __ensure_systick_wrapper
    lto-llvm-394077.o(.text.NMI_Handler) refers (Special) to systick_wrapper_gnu.o(.text) for __ensure_systick_wrapper
    lto-llvm-394077.o(.ARM.exidx.text.NMI_Handler) refers (Special) to systick_wrapper_gnu.o(.text) for __ensure_systick_wrapper
    lto-llvm-394077.o(.ARM.exidx.text.NMI_Handler) refers to lto-llvm-394077.o(.text.NMI_Handler) for [Anonymous Symbol]
    lto-llvm-394077.o(.text.HardFault_Handler) refers (Special) to systick_wrapper_gnu.o(.text) for __ensure_systick_wrapper
    lto-llvm-394077.o(.ARM.exidx.text.HardFault_Handler) refers (Special) to systick_wrapper_gnu.o(.text) for __ensure_systick_wrapper
    lto-llvm-394077.o(.ARM.exidx.text.HardFault_Handler) refers to lto-llvm-394077.o(.text.HardFault_Handler) for [Anonymous Symbol]
    lto-llvm-394077.o(.text.MemManage_Handler) refers (Special) to systick_wrapper_gnu.o(.text) for __ensure_systick_wrapper
    lto-llvm-394077.o(.ARM.exidx.text.MemManage_Handler) refers (Special) to systick_wrapper_gnu.o(.text) for __ensure_systick_wrapper
    lto-llvm-394077.o(.ARM.exidx.text.MemManage_Handler) refers to lto-llvm-394077.o(.text.MemManage_Handler) for [Anonymous Symbol]
    lto-llvm-394077.o(.text.BusFault_Handler) refers (Special) to systick_wrapper_gnu.o(.text) for __ensure_systick_wrapper
    lto-llvm-394077.o(.ARM.exidx.text.BusFault_Handler) refers (Special) to systick_wrapper_gnu.o(.text) for __ensure_systick_wrapper
    lto-llvm-394077.o(.ARM.exidx.text.BusFault_Handler) refers to lto-llvm-394077.o(.text.BusFault_Handler) for [Anonymous Symbol]
    lto-llvm-394077.o(.text.UsageFault_Handler) refers (Special) to systick_wrapper_gnu.o(.text) for __ensure_systick_wrapper
    lto-llvm-394077.o(.ARM.exidx.text.UsageFault_Handler) refers (Special) to systick_wrapper_gnu.o(.text) for __ensure_systick_wrapper
    lto-llvm-394077.o(.ARM.exidx.text.UsageFault_Handler) refers to lto-llvm-394077.o(.text.UsageFault_Handler) for [Anonymous Symbol]
    lto-llvm-394077.o(.text.SVC_Handler) refers (Special) to systick_wrapper_gnu.o(.text) for __ensure_systick_wrapper
    lto-llvm-394077.o(.ARM.exidx.text.SVC_Handler) refers (Special) to systick_wrapper_gnu.o(.text) for __ensure_systick_wrapper
    lto-llvm-394077.o(.ARM.exidx.text.SVC_Handler) refers to lto-llvm-394077.o(.text.SVC_Handler) for [Anonymous Symbol]
    lto-llvm-394077.o(.text.DebugMon_Handler) refers (Special) to systick_wrapper_gnu.o(.text) for __ensure_systick_wrapper
    lto-llvm-394077.o(.ARM.exidx.text.DebugMon_Handler) refers (Special) to systick_wrapper_gnu.o(.text) for __ensure_systick_wrapper
    lto-llvm-394077.o(.ARM.exidx.text.DebugMon_Handler) refers to lto-llvm-394077.o(.text.DebugMon_Handler) for [Anonymous Symbol]
    lto-llvm-394077.o(.text.PendSV_Handler) refers (Special) to systick_wrapper_gnu.o(.text) for __ensure_systick_wrapper
    lto-llvm-394077.o(.ARM.exidx.text.PendSV_Handler) refers (Special) to systick_wrapper_gnu.o(.text) for __ensure_systick_wrapper
    lto-llvm-394077.o(.ARM.exidx.text.PendSV_Handler) refers to lto-llvm-394077.o(.text.PendSV_Handler) for [Anonymous Symbol]
    lto-llvm-394077.o(.text.SysTick_Handler) refers (Special) to systick_wrapper_gnu.o(.text) for __ensure_systick_wrapper
    lto-llvm-394077.o(.text.SysTick_Handler) refers to lto-llvm-394077.o(.bss.SysTick_Handler.time_count) for SysTick_Handler.time_count
    lto-llvm-394077.o(.text.SysTick_Handler) refers to lto-llvm-394077.o(.bss.timebase_ticks) for timebase_ticks
    lto-llvm-394077.o(.ARM.exidx.text.SysTick_Handler) refers (Special) to systick_wrapper_gnu.o(.text) for __ensure_systick_wrapper
    lto-llvm-394077.o(.ARM.exidx.text.SysTick_Handler) refers to lto-llvm-394077.o(.text.SysTick_Handler) for [Anonymous Symbol]
    lto-llvm-394077.o(.text.main) refers (Special) to systick_wrapper_gnu.o(.text) for __ensure_systick_wrapper
    lto-llvm-394077.o(.text.main) refers to lto-llvm-394077.o(.data.SystemCoreClock) for SystemCoreClock
    lto-llvm-394077.o(.text.main) refers to lto-llvm-394077.o(.rodata.cst16) for system_core_clock_update.sys_ahb_div_table
    lto-llvm-394077.o(.text.main) refers to lto-llvm-394077.o(.text.init_cycle_counter) for init_cycle_counter
    lto-llvm-394077.o(.text.main) refers to lto-llvm-394077.o(.data.s_wMSUnit) for s_wMSUnit
    lto-llvm-394077.o(.text.main) refers to lto-llvm-394077.o(.bss.g_nOffset) for g_nOffset
    lto-llvm-394077.o(.text.main) refers to lto-llvm-394077.o(.text.get_system_ticks) for get_system_ticks
    lto-llvm-394077.o(.ARM.exidx.text.main) refers (Special) to systick_wrapper_gnu.o(.text) for __ensure_systick_wrapper
    lto-llvm-394077.o(.ARM.exidx.text.main) refers to lto-llvm-394077.o(.text.main) for [Anonymous Symbol]
    lto-llvm-394077.o(.text.SystemInit) refers (Special) to systick_wrapper_gnu.o(.text) for __ensure_systick_wrapper
    lto-llvm-394077.o(.ARM.exidx.text.SystemInit) refers (Special) to systick_wrapper_gnu.o(.text) for __ensure_systick_wrapper
    lto-llvm-394077.o(.ARM.exidx.text.SystemInit) refers to lto-llvm-394077.o(.text.SystemInit) for [Anonymous Symbol]
    lto-llvm-394077.o(.text.fputc) refers (Special) to systick_wrapper_gnu.o(.text) for __ensure_systick_wrapper
    lto-llvm-394077.o(.ARM.exidx.text.fputc) refers (Special) to systick_wrapper_gnu.o(.text) for __ensure_systick_wrapper
    lto-llvm-394077.o(.ARM.exidx.text.fputc) refers to lto-llvm-394077.o(.text.fputc) for [Anonymous Symbol]
    lto-llvm-394077.o(.text.fgetc) refers (Special) to systick_wrapper_gnu.o(.text) for __ensure_systick_wrapper
    lto-llvm-394077.o(.ARM.exidx.text.fgetc) refers (Special) to systick_wrapper_gnu.o(.text) for __ensure_systick_wrapper
    lto-llvm-394077.o(.ARM.exidx.text.fgetc) refers to lto-llvm-394077.o(.text.fgetc) for [Anonymous Symbol]
    lto-llvm-394077.o(.text.__perf_counter_init) refers (Special) to systick_wrapper_gnu.o(.text) for __ensure_systick_wrapper
    lto-llvm-394077.o(.text.__perf_counter_init) refers to lto-llvm-394077.o(.text.init_cycle_counter) for init_cycle_counter
    lto-llvm-394077.o(.ARM.exidx.text.__perf_counter_init) refers (Special) to systick_wrapper_gnu.o(.text) for __ensure_systick_wrapper
    lto-llvm-394077.o(.ARM.exidx.text.__perf_counter_init) refers to lto-llvm-394077.o(.text.__perf_counter_init) for [Anonymous Symbol]
    lto-llvm-394077.o(.text.init_cycle_counter) refers (Special) to systick_wrapper_gnu.o(.text) for __ensure_systick_wrapper
    lto-llvm-394077.o(.text.init_cycle_counter) refers to lto-llvm-394077.o(.data.SystemCoreClock) for SystemCoreClock
    lto-llvm-394077.o(.text.init_cycle_counter) refers to lto-llvm-394077.o(.data.s_wUSUnit) for s_wUSUnit
    lto-llvm-394077.o(.text.init_cycle_counter) refers to lto-llvm-394077.o(.data.s_wMSUnit) for s_wMSUnit
    lto-llvm-394077.o(.text.init_cycle_counter) refers to lto-llvm-394077.o(.text.get_system_ticks) for get_system_ticks
    lto-llvm-394077.o(.text.init_cycle_counter) refers to lto-llvm-394077.o(.bss.g_lLastTimeStamp) for g_lLastTimeStamp
    lto-llvm-394077.o(.text.init_cycle_counter) refers to lto-llvm-394077.o(.bss.g_nOffset) for g_nOffset
    lto-llvm-394077.o(.text.init_cycle_counter) refers to lto-llvm-394077.o(.bss.s_lSystemClockCounts) for s_lSystemClockCounts
    lto-llvm-394077.o(.text.init_cycle_counter) refers to lto-llvm-394077.o(.bss.s_lSystemMS) for s_lSystemMS
    lto-llvm-394077.o(.text.init_cycle_counter) refers to lto-llvm-394077.o(.bss.s_lSystemUS) for s_lSystemUS
    lto-llvm-394077.o(.text.init_cycle_counter) refers to lto-llvm-394077.o(.bss.s_lOldTimestamp) for s_lOldTimestamp
    lto-llvm-394077.o(.text.init_cycle_counter) refers to lto-llvm-394077.o(.bss.s_lOldTimestampUS) for s_lOldTimestampUS
    lto-llvm-394077.o(.text.init_cycle_counter) refers to lto-llvm-394077.o(.bss.s_lOldTimestampMS) for s_lOldTimestampMS
    lto-llvm-394077.o(.ARM.exidx.text.init_cycle_counter) refers (Special) to systick_wrapper_gnu.o(.text) for __ensure_systick_wrapper
    lto-llvm-394077.o(.ARM.exidx.text.init_cycle_counter) refers to lto-llvm-394077.o(.text.init_cycle_counter) for [Anonymous Symbol]
    lto-llvm-394077.o(.text.get_system_ticks) refers (Special) to systick_wrapper_gnu.o(.text) for __ensure_systick_wrapper
    lto-llvm-394077.o(.text.get_system_ticks) refers to lto-llvm-394077.o(.bss.s_lSystemClockCounts) for s_lSystemClockCounts
    lto-llvm-394077.o(.text.get_system_ticks) refers to lto-llvm-394077.o(.bss.s_lOldTimestamp) for s_lOldTimestamp
    lto-llvm-394077.o(.ARM.exidx.text.get_system_ticks) refers (Special) to systick_wrapper_gnu.o(.text) for __ensure_systick_wrapper
    lto-llvm-394077.o(.ARM.exidx.text.get_system_ticks) refers to lto-llvm-394077.o(.text.get_system_ticks) for [Anonymous Symbol]
    lto-llvm-394077.o(.text.perfc_port_insert_to_system_timer_insert_ovf_handler) refers (Special) to systick_wrapper_gnu.o(.text) for __ensure_systick_wrapper
    lto-llvm-394077.o(.text.perfc_port_insert_to_system_timer_insert_ovf_handler) refers to lto-llvm-394077.o(.bss.s_lSystemClockCounts) for s_lSystemClockCounts
    lto-llvm-394077.o(.text.perfc_port_insert_to_system_timer_insert_ovf_handler) refers to lto-llvm-394077.o(.bss.s_wMSResidule) for s_wMSResidule
    lto-llvm-394077.o(.text.perfc_port_insert_to_system_timer_insert_ovf_handler) refers to lto-llvm-394077.o(.data.s_wMSUnit) for s_wMSUnit
    lto-llvm-394077.o(.text.perfc_port_insert_to_system_timer_insert_ovf_handler) refers to uldiv.o(.text) for __aeabi_uldivmod
    lto-llvm-394077.o(.text.perfc_port_insert_to_system_timer_insert_ovf_handler) refers to lto-llvm-394077.o(.bss.s_lSystemMS) for s_lSystemMS
    lto-llvm-394077.o(.text.perfc_port_insert_to_system_timer_insert_ovf_handler) refers to lto-llvm-394077.o(.bss.s_wUSResidule) for s_wUSResidule
    lto-llvm-394077.o(.text.perfc_port_insert_to_system_timer_insert_ovf_handler) refers to lto-llvm-394077.o(.data.s_wUSUnit) for s_wUSUnit
    lto-llvm-394077.o(.text.perfc_port_insert_to_system_timer_insert_ovf_handler) refers to lto-llvm-394077.o(.bss.s_lSystemUS) for s_lSystemUS
    lto-llvm-394077.o(.ARM.exidx.text.perfc_port_insert_to_system_timer_insert_ovf_handler) refers (Special) to systick_wrapper_gnu.o(.text) for __ensure_systick_wrapper
    lto-llvm-394077.o(.ARM.exidx.text.perfc_port_insert_to_system_timer_insert_ovf_handler) refers to lto-llvm-394077.o(.text.perfc_port_insert_to_system_timer_insert_ovf_handler) for [Anonymous Symbol]
    lto-llvm-394077.o(.bss.SysTick_Handler.time_count) refers (Special) to systick_wrapper_gnu.o(.text) for __ensure_systick_wrapper
    lto-llvm-394077.o(.ARM.use_no_argv) refers (Special) to systick_wrapper_gnu.o(.text) for __ensure_systick_wrapper
    lto-llvm-394077.o(.bss.timebase_ticks) refers (Special) to systick_wrapper_gnu.o(.text) for __ensure_systick_wrapper
    lto-llvm-394077.o(.rodata.cst16) refers (Special) to systick_wrapper_gnu.o(.text) for __ensure_systick_wrapper
    lto-llvm-394077.o(.init_array) refers (Special) to systick_wrapper_gnu.o(.text) for __ensure_systick_wrapper
    lto-llvm-394077.o(.init_array) refers to lto-llvm-394077.o(.text.__perf_counter_init) for __perf_counter_init
    lto-llvm-394077.o(.bss.g_nOffset) refers (Special) to systick_wrapper_gnu.o(.text) for __ensure_systick_wrapper
    lto-llvm-394077.o(.bss.g_lLastTimeStamp) refers (Special) to systick_wrapper_gnu.o(.text) for __ensure_systick_wrapper
    lto-llvm-394077.o(.bss.s_lSystemClockCounts) refers (Special) to systick_wrapper_gnu.o(.text) for __ensure_systick_wrapper
    lto-llvm-394077.o(.bss.s_wMSResidule) refers (Special) to systick_wrapper_gnu.o(.text) for __ensure_systick_wrapper
    lto-llvm-394077.o(.data.s_wMSUnit) refers (Special) to systick_wrapper_gnu.o(.text) for __ensure_systick_wrapper
    lto-llvm-394077.o(.bss.s_lSystemMS) refers (Special) to systick_wrapper_gnu.o(.text) for __ensure_systick_wrapper
    lto-llvm-394077.o(.bss.s_wUSResidule) refers (Special) to systick_wrapper_gnu.o(.text) for __ensure_systick_wrapper
    lto-llvm-394077.o(.data.s_wUSUnit) refers (Special) to systick_wrapper_gnu.o(.text) for __ensure_systick_wrapper
    lto-llvm-394077.o(.bss.s_lSystemUS) refers (Special) to systick_wrapper_gnu.o(.text) for __ensure_systick_wrapper
    lto-llvm-394077.o(.bss.s_lOldTimestamp) refers (Special) to systick_wrapper_gnu.o(.text) for __ensure_systick_wrapper
    lto-llvm-394077.o(.bss.s_lOldTimestampUS) refers (Special) to systick_wrapper_gnu.o(.text) for __ensure_systick_wrapper
    lto-llvm-394077.o(.bss.s_lOldTimestampMS) refers (Special) to systick_wrapper_gnu.o(.text) for __ensure_systick_wrapper
    lto-llvm-394077.o(.data.SystemCoreClock) refers (Special) to systick_wrapper_gnu.o(.text) for __ensure_systick_wrapper
    cpp_init.o(.emb_text) refers (Special) to entry8a.o(.ARM.Collect$$$$00000009) for _main_cpp_init$empty
    cpp_init.o(.init_array) refers (Special) to entry8a.o(.ARM.Collect$$$$00000009) for _main_cpp_init$empty
    cpp_init.o(.dummy_text) refers (Special) to entry8a.o(.ARM.Collect$$$$00000009) for _main_cpp_init$empty
    cpp_init.o(.text) refers (Special) to entry8a.o(.ARM.Collect$$$$00000009) for _main_cpp_init$empty


==============================================================================

Removing Unused input sections from the image.

    Removing startup_at32f421.o(HEAP), (512 bytes).
    Removing fadd.o(.text), (176 bytes).
    Removing fmul.o(.text), (100 bytes).
    Removing fdiv.o(.text), (124 bytes).
    Removing fscalb.o(.text), (24 bytes).
    Removing fsqrt.o(.text), (94 bytes).
    Removing frnd.o(.text), (60 bytes).
    Removing frem.o(.text), (82 bytes).
    Removing dadd.o(.text), (334 bytes).
    Removing dmul.o(.text), (228 bytes).
    Removing ddiv.o(.text), (222 bytes).
    Removing dscalb.o(.text), (46 bytes).
    Removing dsqrt.o(.text), (162 bytes).
    Removing fflti.o(.text), (18 bytes).
    Removing dflti.o(.text), (34 bytes).
    Removing ffixi.o(.text), (50 bytes).
    Removing dfixi.o(.text), (62 bytes).
    Removing dfixul.o(.text), (48 bytes).
    Removing ffixir.o(.text), (76 bytes).
    Removing cdcmple.o(.text), (48 bytes).
    Removing cdrcmple.o(.text), (48 bytes).
    Removing fpstat.o(.text), (4 bytes).
    Removing fepilogue.o(.text), (110 bytes).
    Removing depilogue.o(.text), (186 bytes).
    Removing lto-llvm-394077.o(.text), (0 bytes).
    Removing lto-llvm-394077.o(.ARM.exidx.text.NMI_Handler), (8 bytes).
    Removing lto-llvm-394077.o(.ARM.exidx.text.HardFault_Handler), (8 bytes).
    Removing lto-llvm-394077.o(.ARM.exidx.text.MemManage_Handler), (8 bytes).
    Removing lto-llvm-394077.o(.ARM.exidx.text.BusFault_Handler), (8 bytes).
    Removing lto-llvm-394077.o(.ARM.exidx.text.UsageFault_Handler), (8 bytes).
    Removing lto-llvm-394077.o(.ARM.exidx.text.SVC_Handler), (8 bytes).
    Removing lto-llvm-394077.o(.ARM.exidx.text.DebugMon_Handler), (8 bytes).
    Removing lto-llvm-394077.o(.ARM.exidx.text.PendSV_Handler), (8 bytes).
    Removing lto-llvm-394077.o(.ARM.exidx.text.SysTick_Handler), (8 bytes).
    Removing lto-llvm-394077.o(.ARM.exidx.text.main), (8 bytes).
    Removing lto-llvm-394077.o(.ARM.exidx.text.SystemInit), (8 bytes).
    Removing lto-llvm-394077.o(.text.fputc), (6 bytes).
    Removing lto-llvm-394077.o(.ARM.exidx.text.fputc), (8 bytes).
    Removing lto-llvm-394077.o(.text.fgetc), (6 bytes).
    Removing lto-llvm-394077.o(.ARM.exidx.text.fgetc), (8 bytes).
    Removing lto-llvm-394077.o(.ARM.exidx.text.__perf_counter_init), (8 bytes).
    Removing lto-llvm-394077.o(.ARM.exidx.text.init_cycle_counter), (8 bytes).
    Removing lto-llvm-394077.o(.ARM.exidx.text.get_system_ticks), (8 bytes).
    Removing lto-llvm-394077.o(.ARM.exidx.text.perfc_port_insert_to_system_timer_insert_ovf_handler), (8 bytes).
    Removing lto-llvm-394077.o(.ARM.use_no_argv), (4 bytes).

45 unused section(s) (total 3000 bytes) removed from the image.

==============================================================================

Image Symbol Table

    Local Symbols

    Symbol Name                              Value     Ov Type        Size  Object(Section)

    ../clib/division.s                       0x00000000   Number         0  aeabi_sdiv.o ABSOLUTE
    ../clib/microlib/cpp/cpp_init.c          0x00000000   Number         0  cpp_init.o ABSOLUTE
    ../clib/microlib/cpp/cpp_init.c          0x00000000   Number         0  cpp_init.o ABSOLUTE
    ../clib/microlib/division.c              0x00000000   Number         0  uidiv.o ABSOLUTE
    ../clib/microlib/division.c              0x00000000   Number         0  uldiv.o ABSOLUTE
    ../clib/microlib/errno.c                 0x00000000   Number         0  errno.o ABSOLUTE
    ../clib/microlib/init/entry.s            0x00000000   Number         0  entry.o ABSOLUTE
    ../clib/microlib/init/entry.s            0x00000000   Number         0  entry2.o ABSOLUTE
    ../clib/microlib/init/entry.s            0x00000000   Number         0  entry5.o ABSOLUTE
    ../clib/microlib/init/entry.s            0x00000000   Number         0  entry7a.o ABSOLUTE
    ../clib/microlib/init/entry.s            0x00000000   Number         0  entry7b.o ABSOLUTE
    ../clib/microlib/init/entry.s            0x00000000   Number         0  entry8a.o ABSOLUTE
    ../clib/microlib/init/entry.s            0x00000000   Number         0  entry8b.o ABSOLUTE
    ../clib/microlib/init/entry.s            0x00000000   Number         0  entry9a.o ABSOLUTE
    ../clib/microlib/init/entry.s            0x00000000   Number         0  entry9b.o ABSOLUTE
    ../clib/microlib/init/entry.s            0x00000000   Number         0  entry10a.o ABSOLUTE
    ../clib/microlib/init/entry.s            0x00000000   Number         0  entry10b.o ABSOLUTE
    ../clib/microlib/init/entry.s            0x00000000   Number         0  entry11a.o ABSOLUTE
    ../clib/microlib/init/entry.s            0x00000000   Number         0  entry11b.o ABSOLUTE
    ../clib/microlib/longlong.c              0x00000000   Number         0  llshl.o ABSOLUTE
    ../clib/microlib/longlong.c              0x00000000   Number         0  llushr.o ABSOLUTE
    ../clib/microlib/longlong.c              0x00000000   Number         0  llsshr.o ABSOLUTE
    ../clib/microlib/malloc/malloc.c         0x00000000   Number         0  malloc.o ABSOLUTE
    ../clib/microlib/malloc/malloc.c         0x00000000   Number         0  mallocr.o ABSOLUTE
    ../clib/microlib/malloc/malloc.c         0x00000000   Number         0  malloca.o ABSOLUTE
    ../clib/microlib/malloc/malloc.c         0x00000000   Number         0  mallocra.o ABSOLUTE
    ../clib/microlib/malloc/mvars.c          0x00000000   Number         0  mvars.o ABSOLUTE
    ../clib/microlib/printf/printf.c         0x00000000   Number         0  printfa.o ABSOLUTE
    ../clib/microlib/stdio/fputs.c           0x00000000   Number         0  fputs.o ABSOLUTE
    ../clib/microlib/stdio/fputs.c           0x00000000   Number         0  fputs_e.o ABSOLUTE
    ../clib/microlib/stdio/streams.c         0x00000000   Number         0  stderr.o ABSOLUTE
    ../clib/microlib/stdio/streams.c         0x00000000   Number         0  stdout.o ABSOLUTE
    ../clib/microlib/stdlib/rand.c           0x00000000   Number         0  rand.o ABSOLUTE
    ../clib/microlib/string/memcpy.c         0x00000000   Number         0  memcpya.o ABSOLUTE
    ../clib/microlib/string/memcpy.c         0x00000000   Number         0  memcpyb.o ABSOLUTE
    ../clib/microlib/string/strncmp.c        0x00000000   Number         0  strncmp.o ABSOLUTE
    ../clib/microlib/stubs.s                 0x00000000   Number         0  iusefp.o ABSOLUTE
    ../clib/r_arm_target.c                   0x00000000   Number         0  __ARM_resolve_target1.o ABSOLUTE
    ../clib/r_arm_target.c                   0x00000000   Number         0  __ARM_resolve_target1_abs32.o ABSOLUTE
    ../fplib/microlib/fpadd.c                0x00000000   Number         0  fadd.o ABSOLUTE
    ../fplib/microlib/fpadd.c                0x00000000   Number         0  dadd.o ABSOLUTE
    ../fplib/microlib/fpdiv.c                0x00000000   Number         0  fdiv.o ABSOLUTE
    ../fplib/microlib/fpdiv.c                0x00000000   Number         0  ddiv.o ABSOLUTE
    ../fplib/microlib/fpepilogue.c           0x00000000   Number         0  fepilogue.o ABSOLUTE
    ../fplib/microlib/fpepilogue.c           0x00000000   Number         0  depilogue.o ABSOLUTE
    ../fplib/microlib/fpfix.c                0x00000000   Number         0  ffixi.o ABSOLUTE
    ../fplib/microlib/fpfix.c                0x00000000   Number         0  dfixi.o ABSOLUTE
    ../fplib/microlib/fpfix.c                0x00000000   Number         0  dfixul.o ABSOLUTE
    ../fplib/microlib/fpfix.c                0x00000000   Number         0  ffixir.o ABSOLUTE
    ../fplib/microlib/fpflt.c                0x00000000   Number         0  fflti.o ABSOLUTE
    ../fplib/microlib/fpflt.c                0x00000000   Number         0  dflti.o ABSOLUTE
    ../fplib/microlib/fpmul.c                0x00000000   Number         0  fmul.o ABSOLUTE
    ../fplib/microlib/fpmul.c                0x00000000   Number         0  dmul.o ABSOLUTE
    ../fplib/microlib/fprem.c                0x00000000   Number         0  frem.o ABSOLUTE
    ../fplib/microlib/fprnd.c                0x00000000   Number         0  frnd.o ABSOLUTE
    ../fplib/microlib/fpscalb.c              0x00000000   Number         0  fscalb.o ABSOLUTE
    ../fplib/microlib/fpscalb.c              0x00000000   Number         0  dscalb.o ABSOLUTE
    ../fplib/microlib/fpsqrt.c               0x00000000   Number         0  fsqrt.o ABSOLUTE
    ../fplib/microlib/fpsqrt.c               0x00000000   Number         0  dsqrt.o ABSOLUTE
    ../fplib/microlib/fpstat.c               0x00000000   Number         0  fpstat.o ABSOLUTE
    ../mathlib/dunder.c                      0x00000000   Number         0  dunder.o ABSOLUTE
    ../mathlib/exp.c                         0x00000000   Number         0  exp.o ABSOLUTE
    ../mathlib/expf.c                        0x00000000   Number         0  expf.o ABSOLUTE
    ../mathlib/fmodf.c                       0x00000000   Number         0  fmodf.o ABSOLUTE
    ../mathlib/fpclassify.c                  0x00000000   Number         0  fpclassify.o ABSOLUTE
    ../mathlib/fpclassifyf.c                 0x00000000   Number         0  fpclassifyf.o ABSOLUTE
    ../mathlib/funder.c                      0x00000000   Number         0  funder.o ABSOLUTE
    ../mathlib/log.c                         0x00000000   Number         0  log.o ABSOLUTE
    ../mathlib/logf.c                        0x00000000   Number         0  logf.o ABSOLUTE
    ../mathlib/poly.c                        0x00000000   Number         0  poly.o ABSOLUTE
    ../mathlib/powf.c                        0x00000000   Number         0  powf.o ABSOLUTE
    ../mathlib/qnan.c                        0x00000000   Number         0  qnan.o ABSOLUTE
    ../mathlib/round.c                       0x00000000   Number         0  lroundf.o ABSOLUTE
    ../mathlib/sqrt.c                        0x00000000   Number         0  sqrt.o ABSOLUTE
    ../mathlib/sqrtf.c                       0x00000000   Number         0  sqrtf.o ABSOLUTE
    ../mathlib/tanhf.c                       0x00000000   Number         0  tanhf.o ABSOLUTE
    cdcmple.s                                0x00000000   Number         0  cdcmple.o ABSOLUTE
    cdrcmple.s                               0x00000000   Number         0  cdrcmple.o ABSOLUTE
    dc.s                                     0x00000000   Number         0  dc.o ABSOLUTE
    handlers.s                               0x00000000   Number         0  handlers.o ABSOLUTE
    init.s                                   0x00000000   Number         0  init.o ABSOLUTE
    ld-temp.o                                0x00000000   Number         0  lto-llvm-394077.o ABSOLUTE
    startup_at32f421.s                       0x00000000   Number         0  startup_at32f421.o ABSOLUTE
    RESET                                    0x08000000   Section      204  startup_at32f421.o(RESET)
    .ARM.Collect$$$$00000000                 0x080000cc   Section        0  entry.o(.ARM.Collect$$$$00000000)
    .ARM.Collect$$$$00000001                 0x080000cc   Section        4  entry2.o(.ARM.Collect$$$$00000001)
    .ARM.Collect$$$$00000004                 0x080000d0   Section        4  entry5.o(.ARM.Collect$$$$00000004)
    .ARM.Collect$$$$00000008                 0x080000d4   Section        0  entry7b.o(.ARM.Collect$$$$00000008)
    .ARM.Collect$$$$00000009                 0x080000d4   Section        4  entry8a.o(.ARM.Collect$$$$00000009)
    .ARM.Collect$$$$0000000A                 0x080000d8   Section        0  entry8b.o(.ARM.Collect$$$$0000000A)
    .ARM.Collect$$$$0000000B                 0x080000d8   Section        8  entry9a.o(.ARM.Collect$$$$0000000B)
    __lit__00000000                          0x080000e0   Data           4  entry2.o(.ARM.Collect$$$$00002712)
    .ARM.Collect$$$$0000000D                 0x080000e0   Section        0  entry10a.o(.ARM.Collect$$$$0000000D)
    .ARM.Collect$$$$0000000F                 0x080000e0   Section        0  entry11a.o(.ARM.Collect$$$$0000000F)
    .ARM.Collect$$$$00002712                 0x080000e0   Section        4  entry2.o(.ARM.Collect$$$$00002712)
    .text                                    0x080000e4   Section       36  startup_at32f421.o(.text)
    [Anonymous Symbol]                       0x08000108   Section        0  systick_wrapper_gnu.o(.text)
    .text                                    0x08000124   Section        0  uldiv.o(.text)
    .text                                    0x08000188   Section       48  init.o(.text)
    .text                                    0x080001b8   Section        0  llshl.o(.text)
    .text                                    0x080001d6   Section        0  llushr.o(.text)
    .text                                    0x080001f8   Section        0  cpp_init.o(.text)
    [Anonymous Symbol]                       0x08000220   Section        0  lto-llvm-394077.o(.text.BusFault_Handler)
    [Anonymous Symbol]                       0x08000222   Section        0  lto-llvm-394077.o(.text.DebugMon_Handler)
    [Anonymous Symbol]                       0x08000224   Section        0  lto-llvm-394077.o(.text.HardFault_Handler)
    [Anonymous Symbol]                       0x08000228   Section        0  lto-llvm-394077.o(.text.MemManage_Handler)
    [Anonymous Symbol]                       0x0800022a   Section        0  lto-llvm-394077.o(.text.NMI_Handler)
    [Anonymous Symbol]                       0x0800022c   Section        0  lto-llvm-394077.o(.text.PendSV_Handler)
    [Anonymous Symbol]                       0x0800022e   Section        0  lto-llvm-394077.o(.text.SVC_Handler)
    [Anonymous Symbol]                       0x08000230   Section        0  lto-llvm-394077.o(.text.SysTick_Handler)
    [Anonymous Symbol]                       0x08000250   Section        0  lto-llvm-394077.o(.text.SystemInit)
    [Anonymous Symbol]                       0x080002ac   Section        0  lto-llvm-394077.o(.text.UsageFault_Handler)
    __perf_counter_init                      0x080002af   Thumb Code     4  lto-llvm-394077.o(.text.__perf_counter_init)
    [Anonymous Symbol]                       0x080002ae   Section        0  lto-llvm-394077.o(.text.__perf_counter_init)
    get_system_ticks                         0x080002b3   Thumb Code   112  lto-llvm-394077.o(.text.get_system_ticks)
    [Anonymous Symbol]                       0x080002b2   Section        0  lto-llvm-394077.o(.text.get_system_ticks)
    init_cycle_counter                       0x08000323   Thumb Code   214  lto-llvm-394077.o(.text.init_cycle_counter)
    [Anonymous Symbol]                       0x08000322   Section        0  lto-llvm-394077.o(.text.init_cycle_counter)
    [Anonymous Symbol]                       0x080003f8   Section        0  lto-llvm-394077.o(.text.main)
    [Anonymous Symbol]                       0x080008b8   Section        0  lto-llvm-394077.o(.text.perfc_port_insert_to_system_timer_insert_ovf_handler)
    i.__scatterload_copy                     0x080009ac   Section       14  handlers.o(i.__scatterload_copy)
    i.__scatterload_null                     0x080009ba   Section        2  handlers.o(i.__scatterload_null)
    i.__scatterload_zeroinit                 0x080009bc   Section       14  handlers.o(i.__scatterload_zeroinit)
    system_core_clock_update.sys_ahb_div_table 0x080009ca   Data          16  lto-llvm-394077.o(.rodata.cst16)
    [Anonymous Symbol]                       0x080009ca   Section        0  lto-llvm-394077.o(.rodata.cst16)
    .init_array                              0x08000a00   Section        0  cpp_init.o(.init_array)
    SystemCoreClock                          0x20000000   Data           4  lto-llvm-394077.o(.data.SystemCoreClock)
    [Anonymous Symbol]                       0x20000000   Section        0  lto-llvm-394077.o(.data.SystemCoreClock)
    s_wMSUnit                                0x20000004   Data           4  lto-llvm-394077.o(.data.s_wMSUnit)
    [Anonymous Symbol]                       0x20000004   Section        0  lto-llvm-394077.o(.data.s_wMSUnit)
    s_wUSUnit                                0x20000008   Data           4  lto-llvm-394077.o(.data.s_wUSUnit)
    [Anonymous Symbol]                       0x20000008   Section        0  lto-llvm-394077.o(.data.s_wUSUnit)
    SysTick_Handler.time_count               0x20000010   Data           2  lto-llvm-394077.o(.bss.SysTick_Handler.time_count)
    [Anonymous Symbol]                       0x20000010   Section        0  lto-llvm-394077.o(.bss.SysTick_Handler.time_count)
    g_lLastTimeStamp                         0x20000018   Data           8  lto-llvm-394077.o(.bss.g_lLastTimeStamp)
    [Anonymous Symbol]                       0x20000018   Section        0  lto-llvm-394077.o(.bss.g_lLastTimeStamp)
    g_nOffset                                0x20000020   Data           4  lto-llvm-394077.o(.bss.g_nOffset)
    [Anonymous Symbol]                       0x20000020   Section        0  lto-llvm-394077.o(.bss.g_nOffset)
    s_lOldTimestamp                          0x20000028   Data           8  lto-llvm-394077.o(.bss.s_lOldTimestamp)
    [Anonymous Symbol]                       0x20000028   Section        0  lto-llvm-394077.o(.bss.s_lOldTimestamp)
    s_lOldTimestampMS                        0x20000030   Data           8  lto-llvm-394077.o(.bss.s_lOldTimestampMS)
    [Anonymous Symbol]                       0x20000030   Section        0  lto-llvm-394077.o(.bss.s_lOldTimestampMS)
    s_lOldTimestampUS                        0x20000038   Data           8  lto-llvm-394077.o(.bss.s_lOldTimestampUS)
    [Anonymous Symbol]                       0x20000038   Section        0  lto-llvm-394077.o(.bss.s_lOldTimestampUS)
    s_lSystemClockCounts                     0x20000040   Data           8  lto-llvm-394077.o(.bss.s_lSystemClockCounts)
    [Anonymous Symbol]                       0x20000040   Section        0  lto-llvm-394077.o(.bss.s_lSystemClockCounts)
    s_lSystemMS                              0x20000048   Data           8  lto-llvm-394077.o(.bss.s_lSystemMS)
    [Anonymous Symbol]                       0x20000048   Section        0  lto-llvm-394077.o(.bss.s_lSystemMS)
    s_lSystemUS                              0x20000050   Data           8  lto-llvm-394077.o(.bss.s_lSystemUS)
    [Anonymous Symbol]                       0x20000050   Section        0  lto-llvm-394077.o(.bss.s_lSystemUS)
    s_wMSResidule                            0x20000058   Data           4  lto-llvm-394077.o(.bss.s_wMSResidule)
    [Anonymous Symbol]                       0x20000058   Section        0  lto-llvm-394077.o(.bss.s_wMSResidule)
    s_wUSResidule                            0x2000005c   Data           4  lto-llvm-394077.o(.bss.s_wUSResidule)
    [Anonymous Symbol]                       0x2000005c   Section        0  lto-llvm-394077.o(.bss.s_wUSResidule)
    timebase_ticks                           0x20000060   Data           4  lto-llvm-394077.o(.bss.timebase_ticks)
    [Anonymous Symbol]                       0x20000060   Section        0  lto-llvm-394077.o(.bss.timebase_ticks)
    STACK                                    0x20000068   Section     1024  startup_at32f421.o(STACK)

    Global Symbols

    Symbol Name                              Value     Ov Type        Size  Object(Section)

    BuildAttributes$$THM_ISAv4$E$P$D$K$B$S$7EM$PE$A:L22UL41UL21$X:L11$S22US41US21$IEEE1$IW$~IW$USESV6$~STKCKD$USESV7$~SHL$OTIME$ROPI$IEEEX$EBA8$MICROLIB$REQ8$PRES8$EABIv2 0x00000000   Number         0  anon$$obj.o ABSOLUTE
    __cxa_finalize                            - Undefined Weak Reference
    __decompress                              - Undefined Weak Reference
    _clock_init                               - Undefined Weak Reference
    _microlib_exit                            - Undefined Weak Reference
    __Vectors_Size                           0x000000cc   Number         0  startup_at32f421.o ABSOLUTE
    __Vectors                                0x08000000   Data           4  startup_at32f421.o(RESET)
    __Vectors_End                            0x080000cc   Data           0  startup_at32f421.o(RESET)
    __main                                   0x080000cd   Thumb Code     0  entry.o(.ARM.Collect$$$$00000000)
    _main_stk                                0x080000cd   Thumb Code     0  entry2.o(.ARM.Collect$$$$00000001)
    _main_scatterload                        0x080000d1   Thumb Code     0  entry5.o(.ARM.Collect$$$$00000004)
    __main_after_scatterload                 0x080000d5   Thumb Code     0  entry5.o(.ARM.Collect$$$$00000004)
    _main_clock                              0x080000d5   Thumb Code     0  entry7b.o(.ARM.Collect$$$$00000008)
    _main_cpp_init$empty                     0x080000d5   Thumb Code     0  entry8a.o(.ARM.Collect$$$$00000009)
    _main_cpp_init                           0x080000d9   Thumb Code     0  entry8b.o(.ARM.Collect$$$$0000000A)
    _main_init                               0x080000d9   Thumb Code     0  entry9a.o(.ARM.Collect$$$$0000000B)
    __rt_final_cpp                           0x080000e1   Thumb Code     0  entry10a.o(.ARM.Collect$$$$0000000D)
    __rt_final_exit                          0x080000e1   Thumb Code     0  entry11a.o(.ARM.Collect$$$$0000000F)
    Reset_Handler                            0x080000e5   Thumb Code     8  startup_at32f421.o(.text)
    ADC1_CMP_IRQHandler                      0x080000ff   Thumb Code     0  startup_at32f421.o(.text)
    CRM_IRQHandler                           0x080000ff   Thumb Code     0  startup_at32f421.o(.text)
    DMA1_Channel1_IRQHandler                 0x080000ff   Thumb Code     0  startup_at32f421.o(.text)
    DMA1_Channel3_2_IRQHandler               0x080000ff   Thumb Code     0  startup_at32f421.o(.text)
    DMA1_Channel5_4_IRQHandler               0x080000ff   Thumb Code     0  startup_at32f421.o(.text)
    ERTC_IRQHandler                          0x080000ff   Thumb Code     0  startup_at32f421.o(.text)
    EXINT15_4_IRQHandler                     0x080000ff   Thumb Code     0  startup_at32f421.o(.text)
    EXINT1_0_IRQHandler                      0x080000ff   Thumb Code     0  startup_at32f421.o(.text)
    EXINT3_2_IRQHandler                      0x080000ff   Thumb Code     0  startup_at32f421.o(.text)
    FLASH_IRQHandler                         0x080000ff   Thumb Code     0  startup_at32f421.o(.text)
    I2C1_ERR_IRQHandler                      0x080000ff   Thumb Code     0  startup_at32f421.o(.text)
    I2C1_EVT_IRQHandler                      0x080000ff   Thumb Code     0  startup_at32f421.o(.text)
    I2C2_ERR_IRQHandler                      0x080000ff   Thumb Code     0  startup_at32f421.o(.text)
    I2C2_EVT_IRQHandler                      0x080000ff   Thumb Code     0  startup_at32f421.o(.text)
    PVM_IRQHandler                           0x080000ff   Thumb Code     0  startup_at32f421.o(.text)
    SPI1_IRQHandler                          0x080000ff   Thumb Code     0  startup_at32f421.o(.text)
    SPI2_IRQHandler                          0x080000ff   Thumb Code     0  startup_at32f421.o(.text)
    TMR14_GLOBAL_IRQHandler                  0x080000ff   Thumb Code     0  startup_at32f421.o(.text)
    TMR15_GLOBAL_IRQHandler                  0x080000ff   Thumb Code     0  startup_at32f421.o(.text)
    TMR16_GLOBAL_IRQHandler                  0x080000ff   Thumb Code     0  startup_at32f421.o(.text)
    TMR17_GLOBAL_IRQHandler                  0x080000ff   Thumb Code     0  startup_at32f421.o(.text)
    TMR1_BRK_OVF_TRG_HALL_IRQHandler         0x080000ff   Thumb Code     0  startup_at32f421.o(.text)
    TMR1_CH_IRQHandler                       0x080000ff   Thumb Code     0  startup_at32f421.o(.text)
    TMR3_GLOBAL_IRQHandler                   0x080000ff   Thumb Code     0  startup_at32f421.o(.text)
    TMR6_GLOBAL_IRQHandler                   0x080000ff   Thumb Code     0  startup_at32f421.o(.text)
    USART1_IRQHandler                        0x080000ff   Thumb Code     0  startup_at32f421.o(.text)
    USART2_IRQHandler                        0x080000ff   Thumb Code     0  startup_at32f421.o(.text)
    WWDT_IRQHandler                          0x080000ff   Thumb Code     0  startup_at32f421.o(.text)
    SysTick_Handler                          0x08000109   Thumb Code     0  systick_wrapper_gnu.o(.text)
    __ensure_systick_wrapper                 0x0800011b   Thumb Code     0  systick_wrapper_gnu.o(.text)
    __aeabi_uldivmod                         0x08000125   Thumb Code    98  uldiv.o(.text)
    __scatterload                            0x08000189   Thumb Code    38  init.o(.text)
    __scatterload_rt2                        0x08000189   Thumb Code     0  init.o(.text)
    __aeabi_llsl                             0x080001b9   Thumb Code    30  llshl.o(.text)
    _ll_shift_l                              0x080001b9   Thumb Code     0  llshl.o(.text)
    __aeabi_llsr                             0x080001d7   Thumb Code    32  llushr.o(.text)
    _ll_ushift_r                             0x080001d7   Thumb Code     0  llushr.o(.text)
    __cpp_initialize__aeabi_                 0x080001f9   Thumb Code    32  cpp_init.o(.text)
    BusFault_Handler                         0x08000221   Thumb Code     2  lto-llvm-394077.o(.text.BusFault_Handler)
    DebugMon_Handler                         0x08000223   Thumb Code     2  lto-llvm-394077.o(.text.DebugMon_Handler)
    HardFault_Handler                        0x08000225   Thumb Code     2  lto-llvm-394077.o(.text.HardFault_Handler)
    MemManage_Handler                        0x08000229   Thumb Code     2  lto-llvm-394077.o(.text.MemManage_Handler)
    NMI_Handler                              0x0800022b   Thumb Code     2  lto-llvm-394077.o(.text.NMI_Handler)
    PendSV_Handler                           0x0800022d   Thumb Code     2  lto-llvm-394077.o(.text.PendSV_Handler)
    SVC_Handler                              0x0800022f   Thumb Code     2  lto-llvm-394077.o(.text.SVC_Handler)
    $Super$$SysTick_Handler                  0x08000231   Thumb Code    30  lto-llvm-394077.o(.text.SysTick_Handler)
    SystemInit                               0x08000251   Thumb Code    92  lto-llvm-394077.o(.text.SystemInit)
    UsageFault_Handler                       0x080002ad   Thumb Code     2  lto-llvm-394077.o(.text.UsageFault_Handler)
    main                                     0x080003f9   Thumb Code  1216  lto-llvm-394077.o(.text.main)
    perfc_port_insert_to_system_timer_insert_ovf_handler 0x080008b9   Thumb Code   244  lto-llvm-394077.o(.text.perfc_port_insert_to_system_timer_insert_ovf_handler)
    __scatterload_copy                       0x080009ad   Thumb Code    14  handlers.o(i.__scatterload_copy)
    __scatterload_null                       0x080009bb   Thumb Code     2  handlers.o(i.__scatterload_null)
    __scatterload_zeroinit                   0x080009bd   Thumb Code    14  handlers.o(i.__scatterload_zeroinit)
    Region$$Table$$Base                      0x080009dc   Number         0  anon$$obj.o(Region$$Table)
    Region$$Table$$Limit                     0x080009fc   Number         0  anon$$obj.o(Region$$Table)
    SHT$$INIT_ARRAY$$Base                    0x080009fc   Number         0  lto-llvm-394077.o(.init_array)
    SHT$$INIT_ARRAY$$Limit                   0x08000a00   Number         0  cpp_init.o(.init_array)
    __initial_sp                             0x20000468   Data           0  startup_at32f421.o(STACK)



==============================================================================

Memory Map of the image

  Image Entry point : 0x080000cd

  Load Region LR_IROM1 (Base: 0x08000000, Size: 0x00000a10, Max: 0x00010000, ABSOLUTE)

    Execution Region ER_IROM1 (Exec base: 0x08000000, Load base: 0x08000000, Size: 0x00000a00, Max: 0x00010000, ABSOLUTE)

    Exec Addr    Load Addr    Size         Type   Attr      Idx    E Section Name        Object

    0x08000000   0x08000000   0x000000cc   Data   RO           15    RESET               startup_at32f421.o
    0x080000cc   0x080000cc   0x00000000   Code   RO          204  * .ARM.Collect$$$$00000000  mc_w.l(entry.o)
    0x080000cc   0x080000cc   0x00000004   Code   RO          308    .ARM.Collect$$$$00000001  mc_w.l(entry2.o)
    0x080000d0   0x080000d0   0x00000004   Code   RO          311    .ARM.Collect$$$$00000004  mc_w.l(entry5.o)
    0x080000d4   0x080000d4   0x00000000   Code   RO          313    .ARM.Collect$$$$00000008  mc_w.l(entry7b.o)
    0x080000d4   0x080000d4   0x00000004   Code   RO          314    .ARM.Collect$$$$00000009  mc_w.l(entry8a.o)
    0x080000d8   0x080000d8   0x00000000   Code   RO          315    .ARM.Collect$$$$0000000A  mc_w.l(entry8b.o)
    0x080000d8   0x080000d8   0x00000008   Code   RO          316    .ARM.Collect$$$$0000000B  mc_w.l(entry9a.o)
    0x080000e0   0x080000e0   0x00000000   Code   RO          318    .ARM.Collect$$$$0000000D  mc_w.l(entry10a.o)
    0x080000e0   0x080000e0   0x00000000   Code   RO          320    .ARM.Collect$$$$0000000F  mc_w.l(entry11a.o)
    0x080000e0   0x080000e0   0x00000004   Code   RO          309    .ARM.Collect$$$$00002712  mc_w.l(entry2.o)
    0x080000e4   0x080000e4   0x00000024   Code   RO           16    .text               startup_at32f421.o
    0x08000108   0x08000108   0x0000001c   Code   RO          156    .text               systick_wrapper_gnu.o
    0x08000124   0x08000124   0x00000062   Code   RO          334    .text               mc_w.l(uldiv.o)
    0x08000186   0x08000186   0x00000002   PAD
    0x08000188   0x08000188   0x00000030   Code   RO          392    .text               mc_w.l(init.o)
    0x080001b8   0x080001b8   0x0000001e   Code   RO          394    .text               mc_w.l(llshl.o)
    0x080001d6   0x080001d6   0x00000020   Code   RO          396    .text               mc_w.l(llushr.o)
    0x080001f6   0x080001f6   0x00000002   PAD
    0x080001f8   0x080001f8   0x00000028   Code   RO          467    .text               mc_w.l(cpp_init.o)
    0x08000220   0x08000220   0x00000002   Code   RO          411    .text.BusFault_Handler  lto-llvm-394077.o
    0x08000222   0x08000222   0x00000002   Code   RO          417    .text.DebugMon_Handler  lto-llvm-394077.o
    0x08000224   0x08000224   0x00000002   Code   RO          407    .text.HardFault_Handler  lto-llvm-394077.o
    0x08000226   0x08000226   0x00000002   PAD
    0x08000228   0x08000228   0x00000002   Code   RO          409    .text.MemManage_Handler  lto-llvm-394077.o
    0x0800022a   0x0800022a   0x00000002   Code   RO          405    .text.NMI_Handler   lto-llvm-394077.o
    0x0800022c   0x0800022c   0x00000002   Code   RO          419    .text.PendSV_Handler  lto-llvm-394077.o
    0x0800022e   0x0800022e   0x00000002   Code   RO          415    .text.SVC_Handler   lto-llvm-394077.o
    0x08000230   0x08000230   0x0000001e   Code   RO          421    .text.SysTick_Handler  lto-llvm-394077.o
    0x0800024e   0x0800024e   0x00000002   PAD
    0x08000250   0x08000250   0x0000005c   Code   RO          425    .text.SystemInit    lto-llvm-394077.o
    0x080002ac   0x080002ac   0x00000002   Code   RO          413    .text.UsageFault_Handler  lto-llvm-394077.o
    0x080002ae   0x080002ae   0x00000004   Code   RO          431    .text.__perf_counter_init  lto-llvm-394077.o
    0x080002b2   0x080002b2   0x00000070   Code   RO          435    .text.get_system_ticks  lto-llvm-394077.o
    0x08000322   0x08000322   0x000000d6   Code   RO          433    .text.init_cycle_counter  lto-llvm-394077.o
    0x080003f8   0x080003f8   0x000004c0   Code   RO          423    .text.main          lto-llvm-394077.o
    0x080008b8   0x080008b8   0x000000f4   Code   RO          437    .text.perfc_port_insert_to_system_timer_insert_ovf_handler  lto-llvm-394077.o
    0x080009ac   0x080009ac   0x0000000e   Code   RO          475    i.__scatterload_copy  mc_w.l(handlers.o)
    0x080009ba   0x080009ba   0x00000002   Code   RO          476    i.__scatterload_null  mc_w.l(handlers.o)
    0x080009bc   0x080009bc   0x0000000e   Code   RO          477    i.__scatterload_zeroinit  mc_w.l(handlers.o)
    0x080009ca   0x080009ca   0x00000010   Data   RO          442    .rodata.cst16       lto-llvm-394077.o
    0x080009da   0x080009da   0x00000002   PAD
    0x080009dc   0x080009dc   0x00000020   Data   RO          474    Region$$Table       anon$$obj.o
    0x080009fc   0x080009fc   0x00000004   Data   RO          443    .init_array         lto-llvm-394077.o
    0x08000a00   0x080009fc   0x00000000   Data   RO          465    .init_array         mc_w.l(cpp_init.o)


    Execution Region RW_IRAM1 (Exec base: 0x20000000, Load base: 0x08000a00, Size: 0x00000468, Max: 0x00004000, ABSOLUTE)

    Exec Addr    Load Addr    Size         Type   Attr      Idx    E Section Name        Object

    0x20000000   0x08000a00   0x00000004   Data   RW          456    .data.SystemCoreClock  lto-llvm-394077.o
    0x20000004   0x08000a04   0x00000004   Data   RW          448    .data.s_wMSUnit     lto-llvm-394077.o
    0x20000008   0x08000a08   0x00000004   Data   RW          451    .data.s_wUSUnit     lto-llvm-394077.o
    0x2000000c   0x08000a0c   0x00000004   PAD
    0x20000010        -       0x00000002   Zero   RW          439    .bss.SysTick_Handler.time_count  lto-llvm-394077.o
    0x20000012   0x08000a0c   0x00000006   PAD
    0x20000018        -       0x00000008   Zero   RW          445    .bss.g_lLastTimeStamp  lto-llvm-394077.o
    0x20000020        -       0x00000004   Zero   RW          444    .bss.g_nOffset      lto-llvm-394077.o
    0x20000024   0x08000a0c   0x00000004   PAD
    0x20000028        -       0x00000008   Zero   RW          453    .bss.s_lOldTimestamp  lto-llvm-394077.o
    0x20000030        -       0x00000008   Zero   RW          455    .bss.s_lOldTimestampMS  lto-llvm-394077.o
    0x20000038        -       0x00000008   Zero   RW          454    .bss.s_lOldTimestampUS  lto-llvm-394077.o
    0x20000040        -       0x00000008   Zero   RW          446    .bss.s_lSystemClockCounts  lto-llvm-394077.o
    0x20000048        -       0x00000008   Zero   RW          449    .bss.s_lSystemMS    lto-llvm-394077.o
    0x20000050        -       0x00000008   Zero   RW          452    .bss.s_lSystemUS    lto-llvm-394077.o
    0x20000058        -       0x00000004   Zero   RW          447    .bss.s_wMSResidule  lto-llvm-394077.o
    0x2000005c        -       0x00000004   Zero   RW          450    .bss.s_wUSResidule  lto-llvm-394077.o
    0x20000060        -       0x00000004   Zero   RW          441    .bss.timebase_ticks  lto-llvm-394077.o
    0x20000064   0x08000a0c   0x00000004   PAD
    0x20000068        -       0x00000400   Zero   RW           13    STACK               startup_at32f421.o


==============================================================================

Image component sizes


      Code (inc. data)   RO Data    RW Data    ZI Data      Debug   Object Name

      1928          0         20         12         74     358890   lto-llvm-394077.o
        36          8        204          0       1024        796   startup_at32f421.o
        28          8          0          0          0        545   systick_wrapper_gnu.o

    ----------------------------------------------------------------------
      1996         16        258         12       1116     360231   Object Totals
         0          0         32          0          0          0   (incl. Generated)
         4          0          2          0         18          0   (incl. Padding)

    ----------------------------------------------------------------------

      Code (inc. data)   RO Data    RW Data    ZI Data      Debug   Library Member Name

        40          8          0          0          0         80   cpp_init.o
         0          0          0          0          0          0   entry.o
         0          0          0          0          0          0   entry10a.o
         0          0          0          0          0          0   entry11a.o
         8          4          0          0          0          0   entry2.o
         4          0          0          0          0          0   entry5.o
         0          0          0          0          0          0   entry7b.o
         4          0          0          0          0          0   entry8a.o
         0          0          0          0          0          0   entry8b.o
         8          4          0          0          0          0   entry9a.o
        30          0          0          0          0          0   handlers.o
        48         10          0          0          0         68   init.o
        30          0          0          0          0         68   llshl.o
        32          0          0          0          0         68   llushr.o
        98          0          0          0          0         92   uldiv.o

    ----------------------------------------------------------------------
       306         26          0          0          0        376   Library Totals
         4          0          0          0          0          0   (incl. Padding)

    ----------------------------------------------------------------------

      Code (inc. data)   RO Data    RW Data    ZI Data      Debug   Library Name

       302         26          0          0          0        376   mc_w.l

    ----------------------------------------------------------------------
       306         26          0          0          0        376   Library Totals

    ----------------------------------------------------------------------

==============================================================================


      Code (inc. data)   RO Data    RW Data    ZI Data      Debug   

      2302         42        258         12       1116     360655   Grand Totals
      2302         42        258         12       1116     360655   ELF Image Totals
      2302         42        258         12          0          0   ROM Totals

==============================================================================

    Total RO  Size (Code + RO Data)                 2560 (   2.50kB)
    Total RW  Size (RW Data + ZI Data)              1128 (   1.10kB)
    Total ROM Size (Code + RO Data + RW Data)       2572 (   2.51kB)

==============================================================================

